<?xml version="1.0"?>
<link_info>
   <banner>TI ARM Linker PC v15.12.3.LTS</banner>
   <copyright>Copyright (c) 1996-2015 Texas Instruments Incorporated</copyright>
   <link_time>0x58091562</link_time>
   <link_errors>0x0</link_errors>
   <output_file>HFPDemo.out</output_file>
   <entry_point>
      <name>_c_int00</name>
      <address>0x1d889</address>
   </entry_point>
   <input_file_list>
      <input_file id="fl-2">
         <path>.\</path>
         <kind>object</kind>
         <file>BTPSKRNL.obj</file>
         <name>BTPSKRNL.obj</name>
      </input_file>
      <input_file id="fl-3">
         <path>.\</path>
         <kind>object</kind>
         <file>BTPSVEND.obj</file>
         <name>BTPSVEND.obj</name>
      </input_file>
      <input_file id="fl-4">
         <path>.\</path>
         <kind>object</kind>
         <file>BTVS.obj</file>
         <name>BTVS.obj</name>
      </input_file>
      <input_file id="fl-5">
         <path>.\</path>
         <kind>object</kind>
         <file>HAL.obj</file>
         <name>HAL.obj</name>
      </input_file>
      <input_file id="fl-6">
         <path>.\</path>
         <kind>object</kind>
         <file>HCITRANS.obj</file>
         <name>HCITRANS.obj</name>
      </input_file>
      <input_file id="fl-7">
         <path>.\</path>
         <kind>object</kind>
         <file>HFPDemo.obj</file>
         <name>HFPDemo.obj</name>
      </input_file>
      <input_file id="fl-8">
         <path>.\</path>
         <kind>object</kind>
         <file>Main.obj</file>
         <name>Main.obj</name>
      </input_file>
      <input_file id="fl-9">
         <path>.\</path>
         <kind>object</kind>
         <file>TivaWareLib.obj</file>
         <name>TivaWareLib.obj</name>
      </input_file>
      <input_file id="fl-a">
         <path>.\dk-tm4c123g\</path>
         <kind>object</kind>
         <file>startup_ccs.obj</file>
         <name>startup_ccs.obj</name>
      </input_file>
      <input_file id="fl-12">
         <path>C:\ti\tirex-content\TivaWare_C_Series-2.1.3.156\driverlib\ccs\Debug\</path>
         <kind>archive</kind>
         <file>driverlib.lib</file>
         <name>gpio.obj</name>
      </input_file>
      <input_file id="fl-13">
         <path>C:\ti\tirex-content\TivaWare_C_Series-2.1.3.156\driverlib\ccs\Debug\</path>
         <kind>archive</kind>
         <file>driverlib.lib</file>
         <name>interrupt.obj</name>
      </input_file>
      <input_file id="fl-14">
         <path>C:\ti\tirex-content\TivaWare_C_Series-2.1.3.156\driverlib\ccs\Debug\</path>
         <kind>archive</kind>
         <file>driverlib.lib</file>
         <name>sysctl.obj</name>
      </input_file>
      <input_file id="fl-15">
         <path>C:\ti\tirex-content\TivaWare_C_Series-2.1.3.156\driverlib\ccs\Debug\</path>
         <kind>archive</kind>
         <file>driverlib.lib</file>
         <name>timer.obj</name>
      </input_file>
      <input_file id="fl-16">
         <path>C:\ti\tirex-content\TivaWare_C_Series-2.1.3.156\driverlib\ccs\Debug\</path>
         <kind>archive</kind>
         <file>driverlib.lib</file>
         <name>uart.obj</name>
      </input_file>
      <input_file id="fl-17">
         <path>C:\ti\tirex-content\TivaWare_C_Series-2.1.3.156\driverlib\ccs\Debug\</path>
         <kind>archive</kind>
         <file>driverlib.lib</file>
         <name>cpu.obj</name>
      </input_file>
      <input_file id="fl-18">
         <path>C:\ti\Connectivity\CC256X BT\CC256x M4 Bluetopia SDK\v1.2 R2\Cortex_M4\Bluetopia\lib\ccs\NoOS\</path>
         <kind>archive</kind>
         <file>Bluetopia_FP.lib</file>
         <name>BSC.o</name>
      </input_file>
      <input_file id="fl-19">
         <path>C:\ti\Connectivity\CC256X BT\CC256x M4 Bluetopia SDK\v1.2 R2\Cortex_M4\Bluetopia\lib\ccs\NoOS\</path>
         <kind>archive</kind>
         <file>Bluetopia_FP.lib</file>
         <name>BTPSTMR.o</name>
      </input_file>
      <input_file id="fl-1a">
         <path>C:\ti\Connectivity\CC256X BT\CC256x M4 Bluetopia SDK\v1.2 R2\Cortex_M4\Bluetopia\lib\ccs\NoOS\</path>
         <kind>archive</kind>
         <file>Bluetopia_FP.lib</file>
         <name>HCI.o</name>
      </input_file>
      <input_file id="fl-1b">
         <path>C:\ti\Connectivity\CC256X BT\CC256x M4 Bluetopia SDK\v1.2 R2\Cortex_M4\Bluetopia\lib\ccs\NoOS\</path>
         <kind>archive</kind>
         <file>Bluetopia_FP.lib</file>
         <name>L2CAP.o</name>
      </input_file>
      <input_file id="fl-1c">
         <path>C:\ti\Connectivity\CC256X BT\CC256x M4 Bluetopia SDK\v1.2 R2\Cortex_M4\Bluetopia\lib\ccs\NoOS\</path>
         <kind>archive</kind>
         <file>Bluetopia_FP.lib</file>
         <name>GAP.o</name>
      </input_file>
      <input_file id="fl-1d">
         <path>C:\ti\Connectivity\CC256X BT\CC256x M4 Bluetopia SDK\v1.2 R2\Cortex_M4\Bluetopia\lib\ccs\NoOS\</path>
         <kind>archive</kind>
         <file>Bluetopia_FP.lib</file>
         <name>GAPLE.o</name>
      </input_file>
      <input_file id="fl-1e">
         <path>C:\ti\Connectivity\CC256X BT\CC256x M4 Bluetopia SDK\v1.2 R2\Cortex_M4\Bluetopia\lib\ccs\NoOS\</path>
         <kind>archive</kind>
         <file>Bluetopia_FP.lib</file>
         <name>SDP.o</name>
      </input_file>
      <input_file id="fl-1f">
         <path>C:\ti\Connectivity\CC256X BT\CC256x M4 Bluetopia SDK\v1.2 R2\Cortex_M4\Bluetopia\lib\ccs\NoOS\</path>
         <kind>archive</kind>
         <file>Bluetopia_FP.lib</file>
         <name>RFCOMM.o</name>
      </input_file>
      <input_file id="fl-20">
         <path>C:\ti\Connectivity\CC256X BT\CC256x M4 Bluetopia SDK\v1.2 R2\Cortex_M4\Bluetopia\lib\ccs\NoOS\</path>
         <kind>archive</kind>
         <file>Bluetopia_FP.lib</file>
         <name>SPP.o</name>
      </input_file>
      <input_file id="fl-21">
         <path>C:\ti\Connectivity\CC256X BT\CC256x M4 Bluetopia SDK\v1.2 R2\Cortex_M4\Bluetopia\lib\ccs\NoOS\</path>
         <kind>archive</kind>
         <file>Bluetopia_FP.lib</file>
         <name>SCO.o</name>
      </input_file>
      <input_file id="fl-22">
         <path>C:\ti\Connectivity\CC256X BT\CC256x M4 Bluetopia SDK\v1.2 R2\Cortex_M4\Bluetopia\lib\ccs\NoOS\</path>
         <kind>archive</kind>
         <file>Bluetopia_FP.lib</file>
         <name>GOEP.o</name>
      </input_file>
      <input_file id="fl-23">
         <path>C:\ti\Connectivity\CC256X BT\CC256x M4 Bluetopia SDK\v1.2 R2\Cortex_M4\Bluetopia\lib\ccs\NoOS\</path>
         <kind>archive</kind>
         <file>Bluetopia_FP.lib</file>
         <name>OTP.o</name>
      </input_file>
      <input_file id="fl-24">
         <path>C:\ti\Connectivity\CC256X BT\CC256x M4 Bluetopia SDK\v1.2 R2\Cortex_M4\Bluetopia\lib\ccs\NoOS\</path>
         <kind>archive</kind>
         <file>Bluetopia_FP.lib</file>
         <name>HCID.o</name>
      </input_file>
      <input_file id="fl-25">
         <path>C:\ti\Connectivity\CC256X BT\CC256x M4 Bluetopia SDK\v1.2 R2\Cortex_M4\Bluetopia\lib\ccs\NoOS\</path>
         <kind>archive</kind>
         <file>Bluetopia_FP.lib</file>
         <name>HCIDrv.o</name>
      </input_file>
      <input_file id="fl-26">
         <path>C:\ti\Connectivity\CC256X BT\CC256x M4 Bluetopia SDK\v1.2 R2\Cortex_M4\Bluetopia\lib\ccs\NoOS\</path>
         <kind>archive</kind>
         <file>Bluetopia_FP.lib</file>
         <name>HCIComm.o</name>
      </input_file>
      <input_file id="fl-27">
         <path>C:\ti\Connectivity\CC256X BT\CC256x M4 Bluetopia SDK\v1.2 R2\Cortex_M4\Bluetopia\lib\ccs\NoOS\</path>
         <kind>archive</kind>
         <file>Bluetopia_FP.lib</file>
         <name>HCILL.o</name>
      </input_file>
      <input_file id="fl-28">
         <path>C:\ti\Connectivity\CC256X BT\CC256x M4 Bluetopia SDK\v1.2 R2\Cortex_M4\Bluetopia\lib\ccs\NoOS\</path>
         <kind>archive</kind>
         <file>Bluetopia_FP.lib</file>
         <name>TWUART.o</name>
      </input_file>
      <input_file id="fl-29">
         <path>C:\ti\Connectivity\CC256X BT\CC256x M4 Bluetopia SDK\v1.2 R2\Cortex_M4\Bluetopia\profiles\HFP\lib\ccs\</path>
         <kind>archive</kind>
         <file>SS1BTHFP_FP.lib</file>
         <name>HFRE.o</name>
      </input_file>
      <input_file id="fl-df">
         <path>C:\ti\ccsv6\tools\compiler\arm_15.12.3.LTS\lib\</path>
         <kind>archive</kind>
         <file>rtsv7M4_T_le_v4SPD16_eabi.lib</file>
         <name>boot.obj</name>
      </input_file>
      <input_file id="fl-e0">
         <path>C:\ti\ccsv6\tools\compiler\arm_15.12.3.LTS\lib\</path>
         <kind>archive</kind>
         <file>rtsv7M4_T_le_v4SPD16_eabi.lib</file>
         <name>copy_decompress_none.obj</name>
      </input_file>
      <input_file id="fl-e1">
         <path>C:\ti\ccsv6\tools\compiler\arm_15.12.3.LTS\lib\</path>
         <kind>archive</kind>
         <file>rtsv7M4_T_le_v4SPD16_eabi.lib</file>
         <name>copy_decompress_rle.obj</name>
      </input_file>
      <input_file id="fl-e2">
         <path>C:\ti\ccsv6\tools\compiler\arm_15.12.3.LTS\lib\</path>
         <kind>archive</kind>
         <file>rtsv7M4_T_le_v4SPD16_eabi.lib</file>
         <name>copy_zero_init.obj</name>
      </input_file>
      <input_file id="fl-e3">
         <path>C:\ti\ccsv6\tools\compiler\arm_15.12.3.LTS\lib\</path>
         <kind>archive</kind>
         <file>rtsv7M4_T_le_v4SPD16_eabi.lib</file>
         <name>exit.obj</name>
      </input_file>
      <input_file id="fl-e4">
         <path>C:\ti\ccsv6\tools\compiler\arm_15.12.3.LTS\lib\</path>
         <kind>archive</kind>
         <file>rtsv7M4_T_le_v4SPD16_eabi.lib</file>
         <name>memcmp.obj</name>
      </input_file>
      <input_file id="fl-e5">
         <path>C:\ti\ccsv6\tools\compiler\arm_15.12.3.LTS\lib\</path>
         <kind>archive</kind>
         <file>rtsv7M4_T_le_v4SPD16_eabi.lib</file>
         <name>memcpy_t2.obj</name>
      </input_file>
      <input_file id="fl-e6">
         <path>C:\ti\ccsv6\tools\compiler\arm_15.12.3.LTS\lib\</path>
         <kind>archive</kind>
         <file>rtsv7M4_T_le_v4SPD16_eabi.lib</file>
         <name>memmov.obj</name>
      </input_file>
      <input_file id="fl-e7">
         <path>C:\ti\ccsv6\tools\compiler\arm_15.12.3.LTS\lib\</path>
         <kind>archive</kind>
         <file>rtsv7M4_T_le_v4SPD16_eabi.lib</file>
         <name>memset_t2.obj</name>
      </input_file>
      <input_file id="fl-e8">
         <path>C:\ti\ccsv6\tools\compiler\arm_15.12.3.LTS\lib\</path>
         <kind>archive</kind>
         <file>rtsv7M4_T_le_v4SPD16_eabi.lib</file>
         <name>mpu_init.obj</name>
      </input_file>
      <input_file id="fl-e9">
         <path>C:\ti\ccsv6\tools\compiler\arm_15.12.3.LTS\lib\</path>
         <kind>archive</kind>
         <file>rtsv7M4_T_le_v4SPD16_eabi.lib</file>
         <name>pre_init.obj</name>
      </input_file>
      <input_file id="fl-ea">
         <path>C:\ti\ccsv6\tools\compiler\arm_15.12.3.LTS\lib\</path>
         <kind>archive</kind>
         <file>rtsv7M4_T_le_v4SPD16_eabi.lib</file>
         <name>stkdepth_vars.obj</name>
      </input_file>
      <input_file id="fl-eb">
         <path>C:\ti\ccsv6\tools\compiler\arm_15.12.3.LTS\lib\</path>
         <kind>archive</kind>
         <file>rtsv7M4_T_le_v4SPD16_eabi.lib</file>
         <name>strcpy.obj</name>
      </input_file>
      <input_file id="fl-ec">
         <path>C:\ti\ccsv6\tools\compiler\arm_15.12.3.LTS\lib\</path>
         <kind>archive</kind>
         <file>rtsv7M4_T_le_v4SPD16_eabi.lib</file>
         <name>strlen.obj</name>
      </input_file>
      <input_file id="fl-ed">
         <path>C:\ti\ccsv6\tools\compiler\arm_15.12.3.LTS\lib\</path>
         <kind>archive</kind>
         <file>rtsv7M4_T_le_v4SPD16_eabi.lib</file>
         <name>u_divt2.obj</name>
      </input_file>
      <input_file id="fl-ee">
         <path>C:\ti\ccsv6\tools\compiler\arm_15.12.3.LTS\lib\</path>
         <kind>archive</kind>
         <file>rtsv7M4_T_le_v4SPD16_eabi.lib</file>
         <name>_lock.obj</name>
      </input_file>
      <input_file id="fl-ef">
         <path>C:\ti\ccsv6\tools\compiler\arm_15.12.3.LTS\lib\</path>
         <kind>archive</kind>
         <file>rtsv7M4_T_le_v4SPD16_eabi.lib</file>
         <name>args_main.obj</name>
      </input_file>
      <input_file id="fl-f0">
         <path>C:\ti\ccsv6\tools\compiler\arm_15.12.3.LTS\lib\</path>
         <kind>archive</kind>
         <file>rtsv7M4_T_le_v4SPD16_eabi.lib</file>
         <name>autoinit.obj</name>
      </input_file>
      <input_file id="fl-f1">
         <path>C:\ti\ccsv6\tools\compiler\arm_15.12.3.LTS\lib\</path>
         <kind>archive</kind>
         <file>rtsv7M4_T_le_v4SPD16_eabi.lib</file>
         <name>cpy_tbl.obj</name>
      </input_file>
      <input_file id="fl-f2">
         <path>C:\ti\ccsv6\tools\compiler\arm_15.12.3.LTS\lib\</path>
         <kind>archive</kind>
         <file>rtsv7M4_T_le_v4SPD16_eabi.lib</file>
         <name>i_div0.obj</name>
      </input_file>
      <input_file id="fl-f3">
         <path>C:\ti\ccsv6\tools\compiler\arm_15.12.3.LTS\lib\</path>
         <kind>archive</kind>
         <file>rtsv7M4_T_le_v4SPD16_eabi.lib</file>
         <name>startup.obj</name>
      </input_file>
   </input_file_list>
   <object_component_list>
      <object_component id="oc-10">
         <name>.intvecs</name>
         <load_address>0x0</load_address>
         <run_address>0x0</run_address>
         <size>0x26c</size>
         <input_file_ref idref="fl-a"/>
      </object_component>
      <object_component id="oc-233">
         <name>.text</name>
         <load_address>0x16990</load_address>
         <run_address>0x16990</run_address>
         <size>0x4238</size>
         <input_file_ref idref="fl-7"/>
      </object_component>
      <object_component id="oc-2fd">
         <name>.text</name>
         <load_address>0x1abc8</load_address>
         <run_address>0x1abc8</run_address>
         <size>0xeac</size>
         <input_file_ref idref="fl-4"/>
      </object_component>
      <object_component id="oc-18b">
         <name>.text</name>
         <load_address>0x1ba74</load_address>
         <run_address>0x1ba74</run_address>
         <size>0x6dc</size>
         <input_file_ref idref="fl-9"/>
      </object_component>
      <object_component id="oc-a1">
         <name>.text</name>
         <load_address>0x1c150</load_address>
         <run_address>0x1c150</run_address>
         <size>0x5d0</size>
         <input_file_ref idref="fl-2"/>
      </object_component>
      <object_component id="oc-38">
         <name>.text</name>
         <load_address>0x1c720</load_address>
         <run_address>0x1c720</run_address>
         <size>0x4a4</size>
         <input_file_ref idref="fl-6"/>
      </object_component>
      <object_component id="oc-32">
         <name>.text</name>
         <load_address>0x1cbc4</load_address>
         <run_address>0x1cbc4</run_address>
         <size>0x3bc</size>
         <input_file_ref idref="fl-5"/>
      </object_component>
      <object_component id="oc-43b">
         <name>.text</name>
         <load_address>0x1cf80</load_address>
         <run_address>0x1cf80</run_address>
         <size>0x20c</size>
         <input_file_ref idref="fl-3"/>
      </object_component>
      <object_component id="oc-16b">
         <name>.text</name>
         <load_address>0x1d18c</load_address>
         <run_address>0x1d18c</run_address>
         <size>0x1b0</size>
         <input_file_ref idref="fl-8"/>
      </object_component>
      <object_component id="oc-1cd">
         <name>.text:GPIOPadConfigSet</name>
         <load_address>0x1d33c</load_address>
         <run_address>0x1d33c</run_address>
         <size>0x132</size>
         <input_file_ref idref="fl-12"/>
      </object_component>
      <object_component id="oc-35f">
         <name>.text</name>
         <load_address>0x1d46e</load_address>
         <run_address>0x1d46e</run_address>
         <size>0x2</size>
         <input_file_ref idref="fl-f2"/>
      </object_component>
      <object_component id="oc-b3">
         <name>.text:SysCtlClockSet</name>
         <load_address>0x1d470</load_address>
         <run_address>0x1d470</run_address>
         <size>0xf4</size>
         <input_file_ref idref="fl-14"/>
      </object_component>
      <object_component id="oc-41">
         <name>.text</name>
         <load_address>0x1d564</load_address>
         <run_address>0x1d564</run_address>
         <size>0x9c</size>
         <input_file_ref idref="fl-e5"/>
      </object_component>
      <object_component id="oc-5a">
         <name>.text</name>
         <load_address>0x1d600</load_address>
         <run_address>0x1d600</run_address>
         <size>0x7a</size>
         <input_file_ref idref="fl-e7"/>
      </object_component>
      <object_component id="oc-66">
         <name>.text</name>
         <load_address>0x1d67a</load_address>
         <run_address>0x1d67a</run_address>
         <size>0x2</size>
         <input_file_ref idref="fl-e8"/>
      </object_component>
      <object_component id="oc-72">
         <name>.text</name>
         <load_address>0x1d67c</load_address>
         <run_address>0x1d67c</run_address>
         <size>0x70</size>
         <input_file_ref idref="fl-f0"/>
      </object_component>
      <object_component id="oc-4d">
         <name>.text</name>
         <load_address>0x1d6ec</load_address>
         <run_address>0x1d6ec</run_address>
         <size>0x6a</size>
         <input_file_ref idref="fl-e1"/>
      </object_component>
      <object_component id="oc-163">
         <name>.text</name>
         <load_address>0x1d756</load_address>
         <run_address>0x1d756</run_address>
         <size>0x2</size>
         <input_file_ref idref="fl-f3"/>
      </object_component>
      <object_component id="oc-a7">
         <name>.text:IntDisable</name>
         <load_address>0x1d758</load_address>
         <run_address>0x1d758</run_address>
         <size>0x68</size>
         <input_file_ref idref="fl-13"/>
      </object_component>
      <object_component id="oc-ad">
         <name>.text:IntEnable</name>
         <load_address>0x1d7c0</load_address>
         <run_address>0x1d7c0</run_address>
         <size>0x68</size>
         <input_file_ref idref="fl-13"/>
      </object_component>
      <object_component id="oc-e3">
         <name>.text:TimerConfigure</name>
         <load_address>0x1d828</load_address>
         <run_address>0x1d828</run_address>
         <size>0x60</size>
         <input_file_ref idref="fl-15"/>
      </object_component>
      <object_component id="oc-25">
         <name>.text</name>
         <load_address>0x1d888</load_address>
         <run_address>0x1d888</run_address>
         <size>0x54</size>
         <input_file_ref idref="fl-df"/>
      </object_component>
      <object_component id="oc-7e">
         <name>.text</name>
         <load_address>0x1d8dc</load_address>
         <run_address>0x1d8dc</run_address>
         <size>0x54</size>
         <input_file_ref idref="fl-e3"/>
      </object_component>
      <object_component id="oc-15d">
         <name>.text</name>
         <load_address>0x1d930</load_address>
         <run_address>0x1d930</run_address>
         <size>0x4c</size>
         <input_file_ref idref="fl-f1"/>
      </object_component>
      <object_component id="oc-c5">
         <name>.text:GPIOPinConfigure</name>
         <load_address>0x1d97c</load_address>
         <run_address>0x1d97c</run_address>
         <size>0x48</size>
         <input_file_ref idref="fl-12"/>
      </object_component>
      <object_component id="oc-d1">
         <name>.text:UARTConfigSetExpClk</name>
         <load_address>0x1d9c4</load_address>
         <run_address>0x1d9c4</run_address>
         <size>0x46</size>
         <input_file_ref idref="fl-16"/>
      </object_component>
      <object_component id="oc-265">
         <name>.text</name>
         <load_address>0x1da0a</load_address>
         <run_address>0x1da0a</run_address>
         <size>0x40</size>
         <input_file_ref idref="fl-ed"/>
      </object_component>
      <object_component id="oc-b9">
         <name>.text:SysCtlPeripheralEnable</name>
         <load_address>0x1da4c</load_address>
         <run_address>0x1da4c</run_address>
         <size>0x34</size>
         <input_file_ref idref="fl-14"/>
      </object_component>
      <object_component id="oc-1d3">
         <name>.text:GPIODirModeSet</name>
         <load_address>0x1da80</load_address>
         <run_address>0x1da80</run_address>
         <size>0x2a</size>
         <input_file_ref idref="fl-12"/>
      </object_component>
      <object_component id="oc-197">
         <name>.text</name>
         <load_address>0x1daaa</load_address>
         <run_address>0x1daaa</run_address>
         <size>0x24</size>
         <input_file_ref idref="fl-e6"/>
      </object_component>
      <object_component id="oc-19d">
         <name>.text</name>
         <load_address>0x1dace</load_address>
         <run_address>0x1dace</run_address>
         <size>0x22</size>
         <input_file_ref idref="fl-e4"/>
      </object_component>
      <object_component id="oc-1df">
         <name>.text:UARTDisable</name>
         <load_address>0x1daf0</load_address>
         <run_address>0x1daf0</run_address>
         <size>0x20</size>
         <input_file_ref idref="fl-16"/>
      </object_component>
      <object_component id="oc-bf">
         <name>.text:GPIOPinTypeGPIOOutput</name>
         <load_address>0x1db10</load_address>
         <run_address>0x1db10</run_address>
         <size>0x18</size>
         <input_file_ref idref="fl-12"/>
      </object_component>
      <object_component id="oc-dd">
         <name>.text:TimerDisable</name>
         <load_address>0x1db28</load_address>
         <run_address>0x1db28</run_address>
         <size>0x18</size>
         <input_file_ref idref="fl-15"/>
      </object_component>
      <object_component id="oc-78">
         <name>.text</name>
         <load_address>0x1db40</load_address>
         <run_address>0x1db40</run_address>
         <size>0x18</size>
         <input_file_ref idref="fl-ef"/>
      </object_component>
      <object_component id="oc-1e5">
         <name>.text:UARTEnable</name>
         <load_address>0x1db58</load_address>
         <run_address>0x1db58</run_address>
         <size>0x14</size>
         <input_file_ref idref="fl-16"/>
      </object_component>
      <object_component id="oc-251">
         <name>.text</name>
         <load_address>0x1db6c</load_address>
         <run_address>0x1db6c</run_address>
         <size>0x14</size>
         <input_file_ref idref="fl-ee"/>
      </object_component>
      <object_component id="oc-185">
         <name>.text</name>
         <load_address>0x1db80</load_address>
         <run_address>0x1db80</run_address>
         <size>0x14</size>
         <input_file_ref idref="fl-eb"/>
      </object_component>
      <object_component id="oc-191">
         <name>.text</name>
         <load_address>0x1db94</load_address>
         <run_address>0x1db94</run_address>
         <size>0x14</size>
         <input_file_ref idref="fl-ec"/>
      </object_component>
      <object_component id="oc-cb">
         <name>.text:GPIOPinTypeUART</name>
         <load_address>0x1dba8</load_address>
         <run_address>0x1dba8</run_address>
         <size>0x12</size>
         <input_file_ref idref="fl-12"/>
      </object_component>
      <object_component id="oc-ef">
         <name>.text:TimerLoadSet</name>
         <load_address>0x1dbba</load_address>
         <run_address>0x1dbba</run_address>
         <size>0x12</size>
         <input_file_ref idref="fl-15"/>
      </object_component>
      <object_component id="oc-e9">
         <name>.text:TimerPrescaleSet</name>
         <load_address>0x1dbcc</load_address>
         <run_address>0x1dbcc</run_address>
         <size>0x12</size>
         <input_file_ref idref="fl-15"/>
      </object_component>
      <object_component id="oc-101">
         <name>.text:IntMasterEnable</name>
         <load_address>0x1dbde</load_address>
         <run_address>0x1dbde</run_address>
         <size>0x10</size>
         <input_file_ref idref="fl-13"/>
      </object_component>
      <object_component id="oc-fb">
         <name>.text:TimerEnable</name>
         <load_address>0x1dbee</load_address>
         <run_address>0x1dbee</run_address>
         <size>0xe</size>
         <input_file_ref idref="fl-15"/>
      </object_component>
      <object_component id="oc-13">
         <name>.text:decompress:none</name>
         <load_address>0x1dbfc</load_address>
         <run_address>0x1dbfc</run_address>
         <size>0xe</size>
         <input_file_ref idref="fl-e0"/>
      </object_component>
      <object_component id="oc-1f3">
         <name>.text:CPUcpsie</name>
         <load_address>0x1dc0a</load_address>
         <run_address>0x1dc0a</run_address>
         <size>0xc</size>
         <input_file_ref idref="fl-17"/>
      </object_component>
      <object_component id="oc-12c">
         <name>.text:UARTFlowControlSet</name>
         <load_address>0x1dc16</load_address>
         <run_address>0x1dc16</run_address>
         <size>0xc</size>
         <input_file_ref idref="fl-16"/>
      </object_component>
      <object_component id="oc-2c">
         <name>.text</name>
         <load_address>0x1dc22</load_address>
         <run_address>0x1dc22</run_address>
         <size>0xc</size>
         <input_file_ref idref="fl-a"/>
      </object_component>
      <object_component id="oc-9b">
         <name>.text:UARTIntDisable</name>
         <load_address>0x1dc2e</load_address>
         <run_address>0x1dc2e</run_address>
         <size>0xa</size>
         <input_file_ref idref="fl-16"/>
      </object_component>
      <object_component id="oc-10a">
         <name>.text:UARTIntStatus</name>
         <load_address>0x1dc38</load_address>
         <run_address>0x1dc38</run_address>
         <size>0xa</size>
         <input_file_ref idref="fl-16"/>
      </object_component>
      <object_component id="oc-f5">
         <name>.text:TimerIntEnable</name>
         <load_address>0x1dc42</load_address>
         <run_address>0x1dc42</run_address>
         <size>0x8</size>
         <input_file_ref idref="fl-15"/>
      </object_component>
      <object_component id="oc-d7">
         <name>.text:UARTIntEnable</name>
         <load_address>0x1dc4a</load_address>
         <run_address>0x1dc4a</run_address>
         <size>0x8</size>
         <input_file_ref idref="fl-16"/>
      </object_component>
      <object_component id="oc-8f">
         <name>.text:GPIOPinRead</name>
         <load_address>0x1dc52</load_address>
         <run_address>0x1dc52</run_address>
         <size>0x6</size>
         <input_file_ref idref="fl-12"/>
      </object_component>
      <object_component id="oc-95">
         <name>.text:GPIOPinWrite</name>
         <load_address>0x1dc58</load_address>
         <run_address>0x1dc58</run_address>
         <size>0x6</size>
         <input_file_ref idref="fl-12"/>
      </object_component>
      <object_component id="oc-1c9">
         <name>.text:SysCtlDelay</name>
         <load_address>0x1dc5e</load_address>
         <run_address>0x1dc5e</run_address>
         <size>0x6</size>
         <input_file_ref idref="fl-14"/>
      </object_component>
      <object_component id="oc-19">
         <name>.text:decompress:rle24</name>
         <load_address>0x1dc64</load_address>
         <run_address>0x1dc64</run_address>
         <size>0x6</size>
         <input_file_ref idref="fl-e1"/>
      </object_component>
      <object_component id="oc-89">
         <name>.text:TimerIntClear</name>
         <load_address>0x1dc6a</load_address>
         <run_address>0x1dc6a</run_address>
         <size>0x4</size>
         <input_file_ref idref="fl-15"/>
      </object_component>
      <object_component id="oc-110">
         <name>.text:UARTIntClear</name>
         <load_address>0x1dc6e</load_address>
         <run_address>0x1dc6e</run_address>
         <size>0x4</size>
         <input_file_ref idref="fl-16"/>
      </object_component>
      <object_component id="oc-6c">
         <name>.text</name>
         <load_address>0x1dc72</load_address>
         <run_address>0x1dc72</run_address>
         <size>0x4</size>
         <input_file_ref idref="fl-e9"/>
      </object_component>
      <object_component id="oc-1da">
         <name>.const:g_pui32GPIOBaseAddrs</name>
         <load_address>0x1dc78</load_address>
         <run_address>0x1dc78</run_address>
         <size>0x90</size>
         <input_file_ref idref="fl-12"/>
      </object_component>
      <object_component id="oc-3a1">
         <name>.const:.string</name>
         <load_address>0x1dd08</load_address>
         <run_address>0x1dd08</run_address>
         <size>0x78</size>
         <input_file_ref idref="fl-7"/>
      </object_component>
      <object_component id="oc-1c3">
         <name>.const</name>
         <load_address>0x1dd80</load_address>
         <run_address>0x1dd80</run_address>
         <size>0x70</size>
         <input_file_ref idref="fl-13"/>
      </object_component>
      <object_component id="oc-270">
         <name>.const:g_psDaysToMonth</name>
         <load_address>0x1ddf0</load_address>
         <run_address>0x1ddf0</run_address>
         <size>0x30</size>
         <input_file_ref idref="fl-9"/>
      </object_component>
      <object_component id="oc-3c0">
         <name>.const:.string:RF_Calibration_Info</name>
         <load_address>0x1de20</load_address>
         <run_address>0x1de20</run_address>
         <size>0x2e</size>
         <input_file_ref idref="fl-4"/>
      </object_component>
      <object_component id="oc-3c5">
         <name>.const:.string:SetCodec16KHzValues</name>
         <load_address>0x1de4e</load_address>
         <run_address>0x1de4e</run_address>
         <size>0x26</size>
         <input_file_ref idref="fl-4"/>
      </object_component>
      <object_component id="oc-3c8">
         <name>.const:.string:SetCodec8KHzValues</name>
         <load_address>0x1de74</load_address>
         <run_address>0x1de74</run_address>
         <size>0x26</size>
         <input_file_ref idref="fl-4"/>
      </object_component>
      <object_component id="oc-26a">
         <name>.const:g_pfExponents</name>
         <load_address>0x1de9c</load_address>
         <run_address>0x1de9c</run_address>
         <size>0x18</size>
         <input_file_ref idref="fl-9"/>
      </object_component>
      <object_component id="oc-864">
         <name>.cinit..data.load</name>
         <load_address>0x1deb8</load_address>
         <run_address>0x1deb8</run_address>
         <size>0xa9</size>
      </object_component>
      <object_component id="oc-865">
         <name>.cinit..bss.load</name>
         <load_address>0x1df68</load_address>
         <run_address>0x1df68</run_address>
         <size>0xb</size>
      </object_component>
      <object_component id="oc-862">
         <name>__TI_handler_table</name>
         <load_address>0x1df74</load_address>
         <run_address>0x1df74</run_address>
         <size>0x8</size>
      </object_component>
      <object_component id="oc-863">
         <name>__TI_cinit_table</name>
         <load_address>0x1df7c</load_address>
         <run_address>0x1df7c</run_address>
         <size>0x10</size>
      </object_component>
      <object_component id="oc-525">
         <name>.patch</name>
         <load_address>0x26c</load_address>
         <run_address>0x26c</run_address>
         <size>0x1093</size>
         <input_file_ref idref="fl-3"/>
      </object_component>
      <object_component id="oc-5db">
         <name>i.HCI_Event_Callback</name>
         <load_address>0x1300</load_address>
         <run_address>0x1300</run_address>
         <size>0x99a</size>
         <input_file_ref idref="fl-21"/>
      </object_component>
      <object_component id="oc-56e">
         <name>i.L2CA_Event_Callback</name>
         <load_address>0x1c9a</load_address>
         <run_address>0x1c9a</run_address>
         <size>0x706</size>
         <input_file_ref idref="fl-1e"/>
      </object_component>
      <object_component id="oc-578">
         <name>i.HCI_Event_Callback</name>
         <load_address>0x23a0</load_address>
         <run_address>0x23a0</run_address>
         <size>0x6b4</size>
         <input_file_ref idref="fl-1c"/>
      </object_component>
      <object_component id="oc-415">
         <name>i.SPP_Event_Callback</name>
         <load_address>0x2a54</load_address>
         <run_address>0x2a54</run_address>
         <size>0x698</size>
         <input_file_ref idref="fl-29"/>
      </object_component>
      <object_component id="oc-549">
         <name>i.AsynchronousHCIEventCallback</name>
         <load_address>0x30ec</load_address>
         <run_address>0x30ec</run_address>
         <size>0x654</size>
         <input_file_ref idref="fl-1a"/>
      </object_component>
      <object_component id="oc-7e4">
         <name>i.ProcessRFCOMMControlMessage</name>
         <load_address>0x3740</load_address>
         <run_address>0x3740</run_address>
         <size>0x5c4</size>
         <input_file_ref idref="fl-1f"/>
      </object_component>
      <object_component id="oc-565">
         <name>i.HCI_Event_Callback</name>
         <load_address>0x3d04</load_address>
         <run_address>0x3d04</run_address>
         <size>0x500</size>
         <input_file_ref idref="fl-1b"/>
      </object_component>
      <object_component id="oc-6a2">
         <name>i.ProcessL2CAPDataPacket</name>
         <load_address>0x4204</load_address>
         <run_address>0x4204</run_address>
         <size>0x3d6</size>
         <input_file_ref idref="fl-1b"/>
      </object_component>
      <object_component id="oc-3dc">
         <name>i.BSC_ReleaseListLock</name>
         <load_address>0x45da</load_address>
         <run_address>0x45da</run_address>
         <size>0x2</size>
         <input_file_ref idref="fl-18"/>
      </object_component>
      <object_component id="oc-5ed">
         <name>i.L2CA_Event_Callback</name>
         <load_address>0x45dc</load_address>
         <run_address>0x45dc</run_address>
         <size>0x3b8</size>
         <input_file_ref idref="fl-1f"/>
      </object_component>
      <object_component id="oc-4f1">
         <name>i.RFCOMM_Event_Callback</name>
         <load_address>0x4994</load_address>
         <run_address>0x4994</run_address>
         <size>0x38e</size>
         <input_file_ref idref="fl-20"/>
      </object_component>
      <object_component id="oc-3e0">
         <name>i.BSC_UnLockBluetoothStack</name>
         <load_address>0x4d22</load_address>
         <run_address>0x4d22</run_address>
         <size>0x2</size>
         <input_file_ref idref="fl-18"/>
      </object_component>
      <object_component id="oc-334">
         <name>i.BSC_Initialize</name>
         <load_address>0x4d24</load_address>
         <run_address>0x4d24</run_address>
         <size>0x30c</size>
         <input_file_ref idref="fl-18"/>
      </object_component>
      <object_component id="oc-4cf">
         <name>i.SCO_Setup_Synchronous_Connection</name>
         <load_address>0x5030</load_address>
         <run_address>0x5030</run_address>
         <size>0x2ac</size>
         <input_file_ref idref="fl-21"/>
      </object_component>
      <object_component id="oc-732">
         <name>i.ProcessRFCOMMDataMessage</name>
         <load_address>0x52dc</load_address>
         <run_address>0x52dc</run_address>
         <size>0x29e</size>
         <input_file_ref idref="fl-1f"/>
      </object_component>
      <object_component id="oc-507">
         <name>i.ParseAPIAttributes</name>
         <load_address>0x557a</load_address>
         <run_address>0x557a</run_address>
         <size>0x292</size>
         <input_file_ref idref="fl-1e"/>
      </object_component>
      <object_component id="oc-531">
         <name>i.HCI_DriverCallback</name>
         <load_address>0x580c</load_address>
         <run_address>0x580c</run_address>
         <size>0x28c</size>
         <input_file_ref idref="fl-25"/>
      </object_component>
      <object_component id="oc-503">
         <name>i.SCO_Accept_Synchronous_Connection</name>
         <load_address>0x5a98</load_address>
         <run_address>0x5a98</run_address>
         <size>0x274</size>
         <input_file_ref idref="fl-21"/>
      </object_component>
      <object_component id="oc-62b">
         <name>i.ProcessCurrentCallsListData</name>
         <load_address>0x5d0c</load_address>
         <run_address>0x5d0c</run_address>
         <size>0x272</size>
         <input_file_ref idref="fl-29"/>
      </object_component>
      <object_component id="oc-6d3">
         <name>i.ProcessServiceSearchAttributeRequest</name>
         <load_address>0x5f7e</load_address>
         <run_address>0x5f7e</run_address>
         <size>0x26a</size>
         <input_file_ref idref="fl-1e"/>
      </object_component>
      <object_component id="oc-413">
         <name>i.AddHandsFreeControlIndicators</name>
         <load_address>0x61e8</load_address>
         <run_address>0x61e8</run_address>
         <size>0x238</size>
         <input_file_ref idref="fl-29"/>
      </object_component>
      <object_component id="oc-4c5">
         <name>i.SPP_Data_Write</name>
         <load_address>0x6420</load_address>
         <run_address>0x6420</run_address>
         <size>0x236</size>
         <input_file_ref idref="fl-20"/>
      </object_component>
      <object_component id="oc-68c">
         <name>i.LP_ConnectCfm</name>
         <load_address>0x6656</load_address>
         <run_address>0x6656</run_address>
         <size>0x22e</size>
         <input_file_ref idref="fl-1b"/>
      </object_component>
      <object_component id="oc-445">
         <name>i.HCI_Initialize</name>
         <load_address>0x6884</load_address>
         <run_address>0x6884</run_address>
         <size>0x224</size>
         <input_file_ref idref="fl-1a"/>
      </object_component>
      <object_component id="oc-457">
         <name>i.SCO_Initialize</name>
         <load_address>0x6aa8</load_address>
         <run_address>0x6aa8</run_address>
         <size>0x220</size>
         <input_file_ref idref="fl-21"/>
      </object_component>
      <object_component id="oc-54f">
         <name>i.UpdateHCICallbackThread</name>
         <load_address>0x6cc8</load_address>
         <run_address>0x6cc8</run_address>
         <size>0x21a</size>
         <input_file_ref idref="fl-1a"/>
      </object_component>
      <object_component id="oc-455">
         <name>i.CleanupCertificateModule</name>
         <load_address>0x6ee2</load_address>
         <run_address>0x6ee2</run_address>
         <size>0x2</size>
         <input_file_ref idref="fl-24"/>
      </object_component>
      <object_component id="oc-783">
         <name>i.L2CAP_ConfigRequestEvent</name>
         <load_address>0x6ee4</load_address>
         <run_address>0x6ee4</run_address>
         <size>0x20c</size>
         <input_file_ref idref="fl-1b"/>
      </object_component>
      <object_component id="oc-459">
         <name>i.L2CAP_Initialize</name>
         <load_address>0x70f0</load_address>
         <run_address>0x70f0</run_address>
         <size>0x208</size>
         <input_file_ref idref="fl-1b"/>
      </object_component>
      <object_component id="oc-70b">
         <name>i.ProtocolEventCallback</name>
         <load_address>0x72f8</load_address>
         <run_address>0x72f8</run_address>
         <size>0x208</size>
         <input_file_ref idref="fl-26"/>
      </object_component>
      <object_component id="oc-744">
         <name>i.BuildPortInformationStructure</name>
         <load_address>0x7500</load_address>
         <run_address>0x7500</run_address>
         <size>0x202</size>
         <input_file_ref idref="fl-20"/>
      </object_component>
      <object_component id="oc-7a6">
         <name>i.CompareServiceRecordWithServiceList</name>
         <load_address>0x7702</load_address>
         <run_address>0x7702</run_address>
         <size>0x1fe</size>
         <input_file_ref idref="fl-1e"/>
      </object_component>
      <object_component id="oc-5dd">
         <name>i.HCI_SCO_Callback</name>
         <load_address>0x7900</load_address>
         <run_address>0x7900</run_address>
         <size>0x1ee</size>
         <input_file_ref idref="fl-21"/>
      </object_component>
      <object_component id="oc-4fb">
         <name>i.ProcessCommandResponseData</name>
         <load_address>0x7aee</load_address>
         <run_address>0x7aee</run_address>
         <size>0x1ec</size>
         <input_file_ref idref="fl-29"/>
      </object_component>
      <object_component id="oc-419">
         <name>i.SPP_Register_SDP_Record</name>
         <load_address>0x7cda</load_address>
         <run_address>0x7cda</run_address>
         <size>0x1e4</size>
         <input_file_ref idref="fl-20"/>
      </object_component>
      <object_component id="oc-435">
         <name>i.GAPInquiryEventHandler</name>
         <load_address>0x7ebe</load_address>
         <run_address>0x7ebe</run_address>
         <size>0x1d8</size>
         <input_file_ref idref="fl-1c"/>
      </object_component>
      <object_component id="oc-654">
         <name>i.HCITR_COMDataCallback_UART</name>
         <load_address>0x8096</load_address>
         <run_address>0x8096</run_address>
         <size>0x1d8</size>
         <input_file_ref idref="fl-26"/>
      </object_component>
      <object_component id="oc-631">
         <name>i.BuildRemotePortNegotiationStructure</name>
         <load_address>0x826e</load_address>
         <run_address>0x826e</run_address>
         <size>0x1d6</size>
         <input_file_ref idref="fl-20"/>
      </object_component>
      <object_component id="oc-60d">
         <name>i.ProcessCommandResponseData_Success</name>
         <load_address>0x8444</load_address>
         <run_address>0x8444</run_address>
         <size>0x1c4</size>
         <input_file_ref idref="fl-29"/>
      </object_component>
      <object_component id="oc-320">
         <name>i.HFRE_Open_HandsFree_Server_Port</name>
         <load_address>0x8608</load_address>
         <run_address>0x8608</run_address>
         <size>0x1c0</size>
         <input_file_ref idref="fl-29"/>
      </object_component>
      <object_component id="oc-625">
         <name>i.ProcessCommandResponseData_IndicatorControl</name>
         <load_address>0x87c8</load_address>
         <run_address>0x87c8</run_address>
         <size>0x1c0</size>
         <input_file_ref idref="fl-29"/>
      </object_component>
      <object_component id="oc-76b">
         <name>i.ProcessSendQueueData</name>
         <load_address>0x8988</load_address>
         <run_address>0x8988</run_address>
         <size>0x1c0</size>
         <input_file_ref idref="fl-1b"/>
      </object_component>
      <object_component id="oc-3ed">
         <name>i.SCO_Connection_Callback</name>
         <load_address>0x8b48</load_address>
         <run_address>0x8b48</run_address>
         <size>0x1bc</size>
         <input_file_ref idref="fl-29"/>
      </object_component>
      <object_component id="oc-5e7">
         <name>i.Disconnect</name>
         <load_address>0x8d04</load_address>
         <run_address>0x8d04</run_address>
         <size>0x1b8</size>
         <input_file_ref idref="fl-1f"/>
      </object_component>
      <object_component id="oc-60f">
         <name>i.ProcessCommandResponseData_Error</name>
         <load_address>0x8ebc</load_address>
         <run_address>0x8ebc</run_address>
         <size>0x1b0</size>
         <input_file_ref idref="fl-29"/>
      </object_component>
      <object_component id="oc-6cf">
         <name>i.ProcessServiceAttributeRequest</name>
         <load_address>0x906c</load_address>
         <run_address>0x906c</run_address>
         <size>0x1ac</size>
         <input_file_ref idref="fl-1e"/>
      </object_component>
      <object_component id="oc-6cb">
         <name>i.ProcessServiceSearchRequest</name>
         <load_address>0x9218</load_address>
         <run_address>0x9218</run_address>
         <size>0x19c</size>
         <input_file_ref idref="fl-1e"/>
      </object_component>
      <object_component id="oc-2f0">
         <name>i.GAP_Set_Discoverability_Mode</name>
         <load_address>0x93b4</load_address>
         <run_address>0x93b4</run_address>
         <size>0x18c</size>
         <input_file_ref idref="fl-1c"/>
      </object_component>
      <object_component id="oc-7d3">
         <name>i.TWUART_ReceiveBytes</name>
         <load_address>0x9540</load_address>
         <run_address>0x9540</run_address>
         <size>0x18c</size>
         <input_file_ref idref="fl-28"/>
      </object_component>
      <object_component id="oc-6bf">
         <name>i._L2CA_Config_Request</name>
         <load_address>0x96cc</load_address>
         <run_address>0x96cc</run_address>
         <size>0x18c</size>
         <input_file_ref idref="fl-1b"/>
      </object_component>
      <object_component id="oc-77d">
         <name>i.L2CAP_RequestTimeout</name>
         <load_address>0x9858</load_address>
         <run_address>0x9858</run_address>
         <size>0x18a</size>
         <input_file_ref idref="fl-1b"/>
      </object_component>
      <object_component id="oc-465">
         <name>i.OTP_Cleanup</name>
         <load_address>0x99e2</load_address>
         <run_address>0x99e2</run_address>
         <size>0x2</size>
         <input_file_ref idref="fl-23"/>
      </object_component>
      <object_component id="oc-77f">
         <name>i.L2CAP_ConnectRequestEvent</name>
         <load_address>0x99e4</load_address>
         <run_address>0x99e4</run_address>
         <size>0x184</size>
         <input_file_ref idref="fl-1b"/>
      </object_component>
      <object_component id="oc-678">
         <name>i.LP_ConnectCfmNeg</name>
         <load_address>0x9b68</load_address>
         <run_address>0x9b68</run_address>
         <size>0x17c</size>
         <input_file_ref idref="fl-1b"/>
      </object_component>
      <object_component id="oc-5f1">
         <name>i.RFCOMMServerSABMMessageHandler</name>
         <load_address>0x9ce4</load_address>
         <run_address>0x9ce4</run_address>
         <size>0x17c</size>
         <input_file_ref idref="fl-1f"/>
      </object_component>
      <object_component id="oc-2e1">
         <name>i.GAP_Authentication_Response</name>
         <load_address>0x9e60</load_address>
         <run_address>0x9e60</run_address>
         <size>0x178</size>
         <input_file_ref idref="fl-1c"/>
      </object_component>
      <object_component id="oc-3b8">
         <name>i.HCI_Send_Raw_Command</name>
         <load_address>0x9fd8</load_address>
         <run_address>0x9fd8</run_address>
         <size>0x174</size>
         <input_file_ref idref="fl-1a"/>
      </object_component>
      <object_component id="oc-567">
         <name>i.HCI_ACL_Data_Callback</name>
         <load_address>0xa14c</load_address>
         <run_address>0xa14c</run_address>
         <size>0x168</size>
         <input_file_ref idref="fl-1b"/>
      </object_component>
      <object_component id="oc-7f6">
         <name>i.ParseOptionsToAPI</name>
         <load_address>0xa2b4</load_address>
         <run_address>0xa2b4</run_address>
         <size>0x168</size>
         <input_file_ref idref="fl-1b"/>
      </object_component>
      <object_component id="oc-330">
         <name>i.GAP_Initiate_Bonding</name>
         <load_address>0xa41c</load_address>
         <run_address>0xa41c</run_address>
         <size>0x164</size>
         <input_file_ref idref="fl-1c"/>
      </object_component>
      <object_component id="oc-603">
         <name>i.SendQueuedData</name>
         <load_address>0xa580</load_address>
         <run_address>0xa580</run_address>
         <size>0x164</size>
         <input_file_ref idref="fl-20"/>
      </object_component>
      <object_component id="oc-684">
         <name>i.LP_DisconnectCfm</name>
         <load_address>0xa6e4</load_address>
         <run_address>0xa6e4</run_address>
         <size>0x15e</size>
         <input_file_ref idref="fl-1b"/>
      </object_component>
      <object_component id="oc-4ef">
         <name>i.SPPServerHandler</name>
         <load_address>0xa842</load_address>
         <run_address>0xa842</run_address>
         <size>0x15e</size>
         <input_file_ref idref="fl-20"/>
      </object_component>
      <object_component id="oc-81d">
         <name>i.ProcessReceivedPacket</name>
         <load_address>0xa9a0</load_address>
         <run_address>0xa9a0</run_address>
         <size>0x15c</size>
         <input_file_ref idref="fl-28"/>
      </object_component>
      <object_component id="oc-51c">
         <name>i.HCIInquiryEventHandler</name>
         <load_address>0xaafc</load_address>
         <run_address>0xaafc</run_address>
         <size>0x158</size>
         <input_file_ref idref="fl-1a"/>
      </object_component>
      <object_component id="oc-5bb">
         <name>i.HCI_SendPacket</name>
         <load_address>0xac54</load_address>
         <run_address>0xac54</run_address>
         <size>0x154</size>
         <input_file_ref idref="fl-25"/>
      </object_component>
      <object_component id="oc-324">
         <name>i.HFRE_Register_HandsFree_SDP_Record</name>
         <load_address>0xada8</load_address>
         <run_address>0xada8</run_address>
         <size>0x154</size>
         <input_file_ref idref="fl-29"/>
      </object_component>
      <object_component id="oc-757">
         <name>i.ProcessIndicatorSupportedResponse</name>
         <load_address>0xaefc</load_address>
         <run_address>0xaefc</run_address>
         <size>0x152</size>
         <input_file_ref idref="fl-29"/>
      </object_component>
      <object_component id="oc-611">
         <name>i.ProcessCommandResponseData_CallHoldMultipartyHandling</name>
         <load_address>0xb04e</load_address>
         <run_address>0xb04e</run_address>
         <size>0x150</size>
         <input_file_ref idref="fl-29"/>
      </object_component>
      <object_component id="oc-352">
         <name>i.ReleaseBluetoothStackInformation</name>
         <load_address>0xb19e</load_address>
         <run_address>0xb19e</run_address>
         <size>0x2</size>
         <input_file_ref idref="fl-18"/>
      </object_component>
      <object_component id="oc-505">
         <name>i.SDP_Create_Service_Record</name>
         <load_address>0xb1a0</load_address>
         <run_address>0xb1a0</run_address>
         <size>0x14c</size>
         <input_file_ref idref="fl-1e"/>
      </object_component>
      <object_component id="oc-7aa">
         <name>i.ParseRecordAttributes</name>
         <load_address>0xb2ec</load_address>
         <run_address>0xb2ec</run_address>
         <size>0x144</size>
         <input_file_ref idref="fl-1e"/>
      </object_component>
      <object_component id="oc-332">
         <name>i.GAP_Perform_Inquiry</name>
         <load_address>0xb430</load_address>
         <run_address>0xb430</run_address>
         <size>0x140</size>
         <input_file_ref idref="fl-1c"/>
      </object_component>
      <object_component id="oc-627">
         <name>i.ProcessCommandResponseData_CallerIdentificationNotification</name>
         <load_address>0xb570</load_address>
         <run_address>0xb570</run_address>
         <size>0x13e</size>
         <input_file_ref idref="fl-29"/>
      </object_component>
      <object_component id="oc-417">
         <name>i.SCO_Connect_Request_Callback</name>
         <load_address>0xb6b0</load_address>
         <run_address>0xb6b0</run_address>
         <size>0x13c</size>
         <input_file_ref idref="fl-29"/>
      </object_component>
      <object_component id="oc-60c">
         <name>.constdata</name>
         <load_address>0xb7ec</load_address>
         <run_address>0xb7ec</run_address>
         <size>0x138</size>
         <input_file_ref idref="fl-29"/>
      </object_component>
      <object_component id="oc-613">
         <name>i.ProcessCommandResponseData_IndicatorChangeEvent</name>
         <load_address>0xb924</load_address>
         <run_address>0xb924</run_address>
         <size>0x12e</size>
         <input_file_ref idref="fl-29"/>
      </object_component>
      <object_component id="oc-303">
         <name>i.HFRE_Send_Available_Codecs</name>
         <load_address>0xba54</load_address>
         <run_address>0xba54</run_address>
         <size>0x120</size>
         <input_file_ref idref="fl-29"/>
      </object_component>
      <object_component id="oc-781">
         <name>i.L2CAP_ConnectResponseEvent</name>
         <load_address>0xbb74</load_address>
         <run_address>0xbb74</run_address>
         <size>0x120</size>
         <input_file_ref idref="fl-1b"/>
      </object_component>
      <object_component id="oc-574">
         <name>i.GAP_LE_Initialize</name>
         <load_address>0xbc94</load_address>
         <run_address>0xbc94</run_address>
         <size>0x110</size>
         <input_file_ref idref="fl-1d"/>
      </object_component>
      <object_component id="oc-71e">
         <name>i.SCO_Send_Data</name>
         <load_address>0xbda4</load_address>
         <run_address>0xbda4</run_address>
         <size>0x10e</size>
         <input_file_ref idref="fl-21"/>
      </object_component>
      <object_component id="oc-81f">
         <name>i.CheckQueuedDataWrite</name>
         <load_address>0xbeb2</load_address>
         <run_address>0xbeb2</run_address>
         <size>0x108</size>
         <input_file_ref idref="fl-1b"/>
      </object_component>
      <object_component id="oc-62d">
         <name>i.ProcessSubscriberNumberInformationData</name>
         <load_address>0xbfba</load_address>
         <run_address>0xbfba</run_address>
         <size>0x104</size>
         <input_file_ref idref="fl-29"/>
      </object_component>
      <object_component id="oc-42f">
         <name>i.GAPBondingEventHandler</name>
         <load_address>0xc0be</load_address>
         <run_address>0xc0be</run_address>
         <size>0x102</size>
         <input_file_ref idref="fl-1c"/>
      </object_component>
      <object_component id="oc-6cd">
         <name>i.ParseAttributeIDList</name>
         <load_address>0xc1c0</load_address>
         <run_address>0xc1c0</run_address>
         <size>0x102</size>
         <input_file_ref idref="fl-1e"/>
      </object_component>
      <object_component id="oc-4ff">
         <name>i.SPP_Data_Read</name>
         <load_address>0xc2c2</load_address>
         <run_address>0xc2c2</run_address>
         <size>0x102</size>
         <input_file_ref idref="fl-20"/>
      </object_component>
      <object_component id="oc-7dd">
         <name>.constdata</name>
         <load_address>0xc3c4</load_address>
         <run_address>0xc3c4</run_address>
         <size>0x100</size>
         <input_file_ref idref="fl-1f"/>
      </object_component>
      <object_component id="oc-825">
         <name>i.SendDataPacket</name>
         <load_address>0xc4c4</load_address>
         <run_address>0xc4c4</run_address>
         <size>0xfe</size>
         <input_file_ref idref="fl-1a"/>
      </object_component>
      <object_component id="oc-5c7">
         <name>i._RFCOMM_Send_Data_With_Credits</name>
         <load_address>0xc5c2</load_address>
         <run_address>0xc5c2</run_address>
         <size>0xfe</size>
         <input_file_ref idref="fl-1f"/>
      </object_component>
      <object_component id="oc-52d">
         <name>i.OpenComm</name>
         <load_address>0xc6c0</load_address>
         <run_address>0xc6c0</run_address>
         <size>0xfc</size>
         <input_file_ref idref="fl-26"/>
      </object_component>
      <object_component id="oc-712">
         <name>i.RFCOMM_Data_Write</name>
         <load_address>0xc7bc</load_address>
         <run_address>0xc7bc</run_address>
         <size>0xf8</size>
         <input_file_ref idref="fl-1f"/>
      </object_component>
      <object_component id="oc-3e9">
         <name>i.SCO_Close_Connection</name>
         <load_address>0xc8b4</load_address>
         <run_address>0xc8b4</run_address>
         <size>0xf8</size>
         <input_file_ref idref="fl-21"/>
      </object_component>
      <object_component id="oc-55b">
         <name>i._HCI_Event_Callback</name>
         <load_address>0xc9ac</load_address>
         <run_address>0xc9ac</run_address>
         <size>0xf8</size>
         <input_file_ref idref="fl-21"/>
      </object_component>
      <object_component id="oc-749">
         <name>i.HFRE_Enable_Remote_Indicator_Event_Notification</name>
         <load_address>0xcaa4</load_address>
         <run_address>0xcaa4</run_address>
         <size>0xf4</size>
         <input_file_ref idref="fl-29"/>
      </object_component>
      <object_component id="oc-7ba">
         <name>i.HCILEScanningEventHandler</name>
         <load_address>0xcb98</load_address>
         <run_address>0xcb98</run_address>
         <size>0xf2</size>
         <input_file_ref idref="fl-1a"/>
      </object_component>
      <object_component id="oc-63d">
         <name>i.ParseAPIUUIDs</name>
         <load_address>0xcc8a</load_address>
         <run_address>0xcc8a</run_address>
         <size>0xf2</size>
         <input_file_ref idref="fl-1e"/>
      </object_component>
      <object_component id="oc-621">
         <name>i.ProcessCommandResponseData_NetworkOperatorSelection</name>
         <load_address>0xcd7c</load_address>
         <run_address>0xcd7c</run_address>
         <size>0xf2</size>
         <input_file_ref idref="fl-29"/>
      </object_component>
      <object_component id="oc-41b">
         <name>i.SDP_Add_Attribute</name>
         <load_address>0xce6e</load_address>
         <run_address>0xce6e</run_address>
         <size>0xf2</size>
         <input_file_ref idref="fl-1e"/>
      </object_component>
      <object_component id="oc-30a">
         <name>i.HFRE_Enable_Remote_Call_Line_Identification_Notification</name>
         <load_address>0xcf60</load_address>
         <run_address>0xcf60</run_address>
         <size>0xf0</size>
         <input_file_ref idref="fl-29"/>
      </object_component>
      <object_component id="oc-79e">
         <name>i.L2CAP_ConfigRequestResponse</name>
         <load_address>0xd050</load_address>
         <run_address>0xd050</run_address>
         <size>0xf0</size>
         <input_file_ref idref="fl-1b"/>
      </object_component>
      <object_component id="oc-4a9">
         <name>i.L2CA_Get_Link_Connection_State</name>
         <load_address>0xd140</load_address>
         <run_address>0xd140</run_address>
         <size>0xec</size>
         <input_file_ref idref="fl-1b"/>
      </object_component>
      <object_component id="oc-746">
         <name>.conststring</name>
         <load_address>0xd22c</load_address>
         <run_address>0xd22c</run_address>
         <size>0xe8</size>
         <input_file_ref idref="fl-29"/>
      </object_component>
      <object_component id="oc-83c">
         <name>i.ProcessTWUARTMessage</name>
         <load_address>0xd314</load_address>
         <run_address>0xd314</run_address>
         <size>0xe8</size>
         <input_file_ref idref="fl-28"/>
      </object_component>
      <object_component id="oc-326">
         <name>i.GAP_Query_Remote_Device_Name</name>
         <load_address>0xd3fc</load_address>
         <run_address>0xd3fc</run_address>
         <size>0xe4</size>
         <input_file_ref idref="fl-1c"/>
      </object_component>
      <object_component id="oc-5f3">
         <name>i.RFCOMMServerPNMessageHandler</name>
         <load_address>0xd4e0</load_address>
         <run_address>0xd4e0</run_address>
         <size>0xe4</size>
         <input_file_ref idref="fl-1f"/>
      </object_component>
      <object_component id="oc-31a">
         <name>i.HFRE_Close_Port</name>
         <load_address>0xd5c4</load_address>
         <run_address>0xd5c4</run_address>
         <size>0xe0</size>
         <input_file_ref idref="fl-29"/>
      </object_component>
      <object_component id="oc-318">
         <name>i.HFRE_Setup_Audio_Connection</name>
         <load_address>0xd6a4</load_address>
         <run_address>0xd6a4</run_address>
         <size>0xe0</size>
         <input_file_ref idref="fl-29"/>
      </object_component>
      <object_component id="oc-4f9">
         <name>i.ProcessInputStream</name>
         <load_address>0xd784</load_address>
         <run_address>0xd784</run_address>
         <size>0xe0</size>
         <input_file_ref idref="fl-29"/>
      </object_component>
      <object_component id="oc-40f">
         <name>i.SPP_Open_Server_Port</name>
         <load_address>0xd864</load_address>
         <run_address>0xd864</run_address>
         <size>0xe0</size>
         <input_file_ref idref="fl-20"/>
      </object_component>
      <object_component id="oc-65a">
         <name>i.SendHCIPacketToLowerDriver</name>
         <load_address>0xd944</load_address>
         <run_address>0xd944</run_address>
         <size>0xe0</size>
         <input_file_ref idref="fl-25"/>
      </object_component>
      <object_component id="oc-305">
         <name>i.HFRE_Send_Select_Codec</name>
         <load_address>0xda24</load_address>
         <run_address>0xda24</run_address>
         <size>0xdc</size>
         <input_file_ref idref="fl-29"/>
      </object_component>
      <object_component id="oc-79c">
         <name>i.ParseAPIOptions</name>
         <load_address>0xdb00</load_address>
         <run_address>0xdb00</run_address>
         <size>0xdc</size>
         <input_file_ref idref="fl-1b"/>
      </object_component>
      <object_component id="oc-605">
         <name>i.SPP_Send_Break</name>
         <load_address>0xdbdc</load_address>
         <run_address>0xdbdc</run_address>
         <size>0xdc</size>
         <input_file_ref idref="fl-20"/>
      </object_component>
      <object_component id="oc-497">
         <name>i.ReconfigureComm</name>
         <load_address>0xdcb8</load_address>
         <run_address>0xdcb8</run_address>
         <size>0xd8</size>
         <input_file_ref idref="fl-26"/>
      </object_component>
      <object_component id="oc-2e6">
         <name>i.GAP_Set_Pairability_Mode</name>
         <load_address>0xdd90</load_address>
         <run_address>0xdd90</run_address>
         <size>0xd6</size>
         <input_file_ref idref="fl-1c"/>
      </object_component>
      <object_component id="oc-3eb">
         <name>i.Initiate_SCO_Connection</name>
         <load_address>0xde68</load_address>
         <run_address>0xde68</run_address>
         <size>0xd4</size>
         <input_file_ref idref="fl-29"/>
      </object_component>
      <object_component id="oc-771">
         <name>i.L2CAP_InformationRequestResponse</name>
         <load_address>0xdf3c</load_address>
         <run_address>0xdf3c</run_address>
         <size>0xd4</size>
         <input_file_ref idref="fl-1b"/>
      </object_component>
      <object_component id="oc-45f">
         <name>i.GAP_Initialize</name>
         <load_address>0xe010</load_address>
         <run_address>0xe010</run_address>
         <size>0xd0</size>
         <input_file_ref idref="fl-1c"/>
      </object_component>
      <object_component id="oc-6c7">
         <name>i.ParseServiceSearchPattern</name>
         <load_address>0xe0e0</load_address>
         <run_address>0xe0e0</run_address>
         <size>0xd0</size>
         <input_file_ref idref="fl-1e"/>
      </object_component>
      <object_component id="oc-74b">
         <name>i.HFRE_Query_Remote_Call_Holding_Multiparty_Service_Support</name>
         <load_address>0xe1b0</load_address>
         <run_address>0xe1b0</run_address>
         <size>0xcc</size>
         <input_file_ref idref="fl-29"/>
      </object_component>
      <object_component id="oc-5f5">
         <name>i._RFCOMM_Parameter_Negotiation_Response</name>
         <load_address>0xe27c</load_address>
         <run_address>0xe27c</run_address>
         <size>0xcc</size>
         <input_file_ref idref="fl-1f"/>
      </object_component>
      <object_component id="oc-4d7">
         <name>i._RFCOMM_Release_Request</name>
         <load_address>0xe348</load_address>
         <run_address>0xe348</run_address>
         <size>0xcc</size>
         <input_file_ref idref="fl-1f"/>
      </object_component>
      <object_component id="oc-4d1">
         <name>i.SCO_Add_Connection</name>
         <load_address>0xe414</load_address>
         <run_address>0xe414</run_address>
         <size>0xca</size>
         <input_file_ref idref="fl-21"/>
      </object_component>
      <object_component id="oc-5fd">
         <name>i.SPP_Port_Status</name>
         <load_address>0xe4de</load_address>
         <run_address>0xe4de</run_address>
         <size>0xca</size>
         <input_file_ref idref="fl-20"/>
      </object_component>
      <object_component id="oc-817">
         <name>i.SendSLIPPacket</name>
         <load_address>0xe5a8</load_address>
         <run_address>0xe5a8</run_address>
         <size>0xc8</size>
         <input_file_ref idref="fl-28"/>
      </object_component>
      <object_component id="oc-441">
         <name>i.HCI_OpenDriver</name>
         <load_address>0xe670</load_address>
         <run_address>0xe670</run_address>
         <size>0xc4</size>
         <input_file_ref idref="fl-25"/>
      </object_component>
      <object_component id="oc-785">
         <name>i.L2CAP_ConfigResponseEvent</name>
         <load_address>0xe734</load_address>
         <run_address>0xe734</run_address>
         <size>0xc2</size>
         <input_file_ref idref="fl-1b"/>
      </object_component>
      <object_component id="oc-62f">
         <name>i.ProcessCommandResponseData_ResponseHold</name>
         <load_address>0xe7f6</load_address>
         <run_address>0xe7f6</run_address>
         <size>0xc2</size>
         <input_file_ref idref="fl-29"/>
      </object_component>
      <object_component id="oc-596">
         <name>i.HandleChannelDisconnection</name>
         <load_address>0xe8b8</load_address>
         <run_address>0xe8b8</run_address>
         <size>0xc0</size>
         <input_file_ref idref="fl-1b"/>
      </object_component>
      <object_component id="oc-61f">
         <name>i.ProcessCommandResponseData_BluetoothCodecSelect</name>
         <load_address>0xe978</load_address>
         <run_address>0xe978</run_address>
         <size>0xc0</size>
         <input_file_ref idref="fl-29"/>
      </object_component>
      <object_component id="oc-45d">
         <name>i.RFCOMM_Initialize</name>
         <load_address>0xea38</load_address>
         <run_address>0xea38</run_address>
         <size>0xc0</size>
         <input_file_ref idref="fl-1f"/>
      </object_component>
      <object_component id="oc-7e6">
         <name>i.SendFormattedControlMessage</name>
         <load_address>0xeaf8</load_address>
         <run_address>0xeaf8</run_address>
         <size>0xc0</size>
         <input_file_ref idref="fl-1f"/>
      </object_component>
      <object_component id="oc-696">
         <name>i.L2CAP_ConnectRequestResponse</name>
         <load_address>0xebb8</load_address>
         <run_address>0xebb8</run_address>
         <size>0xbc</size>
         <input_file_ref idref="fl-1b"/>
      </object_component>
      <object_component id="oc-637">
         <name>i._HCI_Accept_Synchronous_Connection_Request</name>
         <load_address>0xec74</load_address>
         <run_address>0xec74</run_address>
         <size>0xbc</size>
         <input_file_ref idref="fl-1a"/>
      </object_component>
      <object_component id="oc-5e9">
         <name>i.RFCOMM_SignalTimeout</name>
         <load_address>0xed30</load_address>
         <run_address>0xed30</run_address>
         <size>0xba</size>
         <input_file_ref idref="fl-1f"/>
      </object_component>
      <object_component id="oc-747">
         <name>i.HFRE_Query_Remote_Control_Indicator_Status</name>
         <load_address>0xedec</load_address>
         <run_address>0xedec</run_address>
         <size>0xb8</size>
         <input_file_ref idref="fl-29"/>
      </object_component>
      <object_component id="oc-623">
         <name>i.ProcessCommandResponseData_CallWaitingNotification</name>
         <load_address>0xeea4</load_address>
         <run_address>0xeea4</run_address>
         <size>0xb8</size>
         <input_file_ref idref="fl-29"/>
      </object_component>
      <object_component id="oc-45b">
         <name>i.SDP_Initialize</name>
         <load_address>0xef5c</load_address>
         <run_address>0xef5c</run_address>
         <size>0xb8</size>
         <input_file_ref idref="fl-1e"/>
      </object_component>
      <object_component id="oc-5d7">
         <name>i._HCI_Setup_Synchronous_Connection</name>
         <load_address>0xf014</load_address>
         <run_address>0xf014</run_address>
         <size>0xb8</size>
         <input_file_ref idref="fl-1a"/>
      </object_component>
      <object_component id="oc-7d9">
         <name>i._L2CA_Enhanced_Data_Write</name>
         <load_address>0xf0cc</load_address>
         <run_address>0xf0cc</run_address>
         <size>0xb8</size>
         <input_file_ref idref="fl-1b"/>
      </object_component>
      <object_component id="oc-31e">
         <name>i.HFRE_Close_Server_Port</name>
         <load_address>0xf184</load_address>
         <run_address>0xf184</run_address>
         <size>0xb4</size>
         <input_file_ref idref="fl-29"/>
      </object_component>
      <object_component id="oc-617">
         <name>i.ProcessCommandResponseData_AttachPhoneNumber</name>
         <load_address>0xf238</load_address>
         <run_address>0xf238</run_address>
         <size>0xb4</size>
         <input_file_ref idref="fl-29"/>
      </object_component>
      <object_component id="oc-75b">
         <name>i.SendCommPacket</name>
         <load_address>0xf2ec</load_address>
         <run_address>0xf2ec</run_address>
         <size>0xb4</size>
         <input_file_ref idref="fl-26"/>
      </object_component>
      <object_component id="oc-399">
         <name>i.GAP_Cancel_Bonding</name>
         <load_address>0xf3a0</load_address>
         <run_address>0xf3a0</run_address>
         <size>0xb2</size>
         <input_file_ref idref="fl-1c"/>
      </object_component>
      <object_component id="oc-7cd">
         <name>i.TWUART_Reconfigure</name>
         <load_address>0xf452</load_address>
         <run_address>0xf452</run_address>
         <size>0xb2</size>
         <input_file_ref idref="fl-28"/>
      </object_component>
      <object_component id="oc-6b9">
         <name>i._L2CA_Connect_Response</name>
         <load_address>0xf504</load_address>
         <run_address>0xf504</run_address>
         <size>0xb0</size>
         <input_file_ref idref="fl-1b"/>
      </object_component>
      <object_component id="oc-61d">
         <name>i.ProcessCommandResponseData_SupportedFeatures</name>
         <load_address>0xf5b4</load_address>
         <run_address>0xf5b4</run_address>
         <size>0xae</size>
         <input_file_ref idref="fl-29"/>
      </object_component>
      <object_component id="oc-709">
         <name>i.TWUART_Initialize</name>
         <load_address>0xf664</load_address>
         <run_address>0xf664</run_address>
         <size>0xac</size>
         <input_file_ref idref="fl-28"/>
      </object_component>
      <object_component id="oc-516">
         <name>i.GAP_Authenticate_Remote_Device</name>
         <load_address>0xf710</load_address>
         <run_address>0xf710</run_address>
         <size>0xaa</size>
         <input_file_ref idref="fl-1c"/>
      </object_component>
      <object_component id="oc-7fc">
         <name>i.GetNextServiceAttribute</name>
         <load_address>0xf7bc</load_address>
         <run_address>0xf7bc</run_address>
         <size>0xa8</size>
         <input_file_ref idref="fl-1e"/>
      </object_component>
      <object_component id="oc-312">
         <name>i.HFRE_Hang_Up_Call</name>
         <load_address>0xf864</load_address>
         <run_address>0xf864</run_address>
         <size>0xa4</size>
         <input_file_ref idref="fl-29"/>
      </object_component>
      <object_component id="oc-680">
         <name>i.LP_ConnectIndication</name>
         <load_address>0xf908</load_address>
         <run_address>0xf908</run_address>
         <size>0xa4</size>
         <input_file_ref idref="fl-1b"/>
      </object_component>
      <object_component id="oc-619">
         <name>i.ProcessCommandResponseData_VoiceRecognitionActivation</name>
         <load_address>0xf9ac</load_address>
         <run_address>0xf9ac</run_address>
         <size>0xa4</size>
         <input_file_ref idref="fl-29"/>
      </object_component>
      <object_component id="oc-674">
         <name>i.RegisterCallback</name>
         <load_address>0xfa50</load_address>
         <run_address>0xfa50</run_address>
         <size>0xa4</size>
         <input_file_ref idref="fl-1a"/>
      </object_component>
      <object_component id="oc-83e">
         <name>i.FragmentPacket</name>
         <load_address>0xfaf4</load_address>
         <run_address>0xfaf4</run_address>
         <size>0xa2</size>
         <input_file_ref idref="fl-1b"/>
      </object_component>
      <object_component id="oc-5fb">
         <name>i._RFCOMM_Open_Response</name>
         <load_address>0xfb96</load_address>
         <run_address>0xfb96</run_address>
         <size>0xa2</size>
         <input_file_ref idref="fl-1f"/>
      </object_component>
      <object_component id="oc-69a">
         <name>i.DelayedAuthenticationProcess</name>
         <load_address>0xfc38</load_address>
         <run_address>0xfc38</run_address>
         <size>0xa0</size>
         <input_file_ref idref="fl-1b"/>
      </object_component>
      <object_component id="oc-718">
         <name>i.HCISCOEventHandler</name>
         <load_address>0xfcd8</load_address>
         <run_address>0xfcd8</run_address>
         <size>0xa0</size>
         <input_file_ref idref="fl-1a"/>
      </object_component>
      <object_component id="oc-314">
         <name>i.HFRE_Answer_Incoming_Call</name>
         <load_address>0xfd78</load_address>
         <run_address>0xfd78</run_address>
         <size>0xa0</size>
         <input_file_ref idref="fl-29"/>
      </object_component>
      <object_component id="oc-76f">
         <name>i.L2CAP_EchoRequestResponse</name>
         <load_address>0xfe18</load_address>
         <run_address>0xfe18</run_address>
         <size>0x9e</size>
         <input_file_ref idref="fl-1b"/>
      </object_component>
      <object_component id="oc-345">
         <name>i.BSC_Shutdown</name>
         <load_address>0xfeb8</load_address>
         <run_address>0xfeb8</run_address>
         <size>0x9c</size>
         <input_file_ref idref="fl-18"/>
      </object_component>
      <object_component id="oc-4f5">
         <name>i.RegisterSynchronousConnectRequestCallback</name>
         <load_address>0xff54</load_address>
         <run_address>0xff54</run_address>
         <size>0x9c</size>
         <input_file_ref idref="fl-21"/>
      </object_component>
      <object_component id="oc-7d1">
         <name>i.TWUART_TransmitBytes</name>
         <load_address>0xfff0</load_address>
         <run_address>0xfff0</run_address>
         <size>0x9c</size>
         <input_file_ref idref="fl-28"/>
      </object_component>
      <object_component id="oc-75e">
         <name>i._HCI_Host_Number_Of_Completed_Packets</name>
         <load_address>0x1008c</load_address>
         <run_address>0x1008c</run_address>
         <size>0x9c</size>
         <input_file_ref idref="fl-1a"/>
      </object_component>
      <object_component id="oc-4b7">
         <name>i._HCI_Set_Event_Filter</name>
         <load_address>0x10128</load_address>
         <run_address>0x10128</run_address>
         <size>0x9c</size>
         <input_file_ref idref="fl-1a"/>
      </object_component>
      <object_component id="oc-49d">
         <name>i.BuildAndSubmitCommandBD_ADDRByteVariable</name>
         <load_address>0x101c4</load_address>
         <run_address>0x101c4</run_address>
         <size>0x98</size>
         <input_file_ref idref="fl-1a"/>
      </object_component>
      <object_component id="oc-5d1">
         <name>i.ConvertVoiceSettingsToSCO_Data_Format</name>
         <load_address>0x1025c</load_address>
         <run_address>0x1025c</run_address>
         <size>0x98</size>
         <input_file_ref idref="fl-21"/>
      </object_component>
      <object_component id="oc-71a">
         <name>i.DispatchSCOCallbacks</name>
         <load_address>0x102f4</load_address>
         <run_address>0x102f4</run_address>
         <size>0x98</size>
         <input_file_ref idref="fl-21"/>
      </object_component>
      <object_component id="oc-793">
         <name>i.L2CAP_RejectCommand</name>
         <load_address>0x1038c</load_address>
         <run_address>0x1038c</run_address>
         <size>0x98</size>
         <input_file_ref idref="fl-1b"/>
      </object_component>
      <object_component id="oc-64a">
         <name>i.UpdateAndExpireTimers</name>
         <load_address>0x10424</load_address>
         <run_address>0x10424</run_address>
         <size>0x98</size>
         <input_file_ref idref="fl-19"/>
      </object_component>
      <object_component id="oc-740">
         <name>i._RFCOMM_Modem_Status</name>
         <load_address>0x104bc</load_address>
         <run_address>0x104bc</run_address>
         <size>0x98</size>
         <input_file_ref idref="fl-1f"/>
      </object_component>
      <object_component id="oc-4eb">
         <name>i._RFCOMM_Register_Server_Channel</name>
         <load_address>0x10554</load_address>
         <run_address>0x10554</run_address>
         <size>0x98</size>
         <input_file_ref idref="fl-1f"/>
      </object_component>
      <object_component id="oc-6c9">
         <name>i.CalculateDataTypeLength</name>
         <load_address>0x105ec</load_address>
         <run_address>0x105ec</run_address>
         <size>0x96</size>
         <input_file_ref idref="fl-1e"/>
      </object_component>
      <object_component id="oc-53b">
         <name>i.HCI_Reset</name>
         <load_address>0x10682</load_address>
         <run_address>0x10682</run_address>
         <size>0x96</size>
         <input_file_ref idref="fl-1a"/>
      </object_component>
      <object_component id="oc-840">
         <name>i.ParseConfigurationField</name>
         <load_address>0x10718</load_address>
         <run_address>0x10718</run_address>
         <size>0x96</size>
         <input_file_ref idref="fl-28"/>
      </object_component>
      <object_component id="oc-615">
         <name>i.ProcessCommandResponseData_InBandRingToneActivation</name>
         <load_address>0x107ae</load_address>
         <run_address>0x107ae</run_address>
         <size>0x94</size>
         <input_file_ref idref="fl-29"/>
      </object_component>
      <object_component id="oc-6e9">
         <name>i.GAP_Set_Encryption_Mode</name>
         <load_address>0x10842</load_address>
         <run_address>0x10842</run_address>
         <size>0x92</size>
         <input_file_ref idref="fl-1c"/>
      </object_component>
      <object_component id="oc-6a4">
         <name>i.VerifyACLHeader</name>
         <load_address>0x108d4</load_address>
         <run_address>0x108d4</run_address>
         <size>0x92</size>
         <input_file_ref idref="fl-1b"/>
      </object_component>
      <object_component id="oc-4a1">
         <name>i.HCISendPacket</name>
         <load_address>0x10966</load_address>
         <run_address>0x10966</run_address>
         <size>0x90</size>
         <input_file_ref idref="fl-1a"/>
      </object_component>
      <object_component id="oc-3de">
         <name>i.HFRE_Data_Write</name>
         <load_address>0x109f8</load_address>
         <run_address>0x109f8</run_address>
         <size>0x90</size>
         <input_file_ref idref="fl-29"/>
      </object_component>
[...]
      </symbol>
      <symbol id="sm-10c7">
         <name>SPP_Close_Port</name>
         <value>0x14209</value>
         <object_component_ref idref="oc-3f3"/>
      </symbol>
      <symbol id="sm-10c8">
         <name>SPP_Close_Server_Port</name>
         <value>0x12597</value>
         <object_component_ref idref="oc-405"/>
      </symbol>
      <symbol id="sm-10c9">
         <name>SPP_Data_Read</name>
         <value>0xc2c3</value>
         <object_component_ref idref="oc-4ff"/>
      </symbol>
      <symbol id="sm-10ca">
         <name>SPP_Data_Write</name>
         <value>0x6421</value>
         <object_component_ref idref="oc-4c5"/>
      </symbol>
      <symbol id="sm-10cb">
         <name>SPP_Initialize</name>
         <value>0x11449</value>
         <object_component_ref idref="oc-461"/>
      </symbol>
      <symbol id="sm-10cc">
         <name>SPP_Line_Status</name>
         <value>0x11551</value>
         <object_component_ref idref="oc-607"/>
      </symbol>
      <symbol id="sm-10cd">
         <name>SPP_Open_Server_Port</name>
         <value>0xd865</value>
         <object_component_ref idref="oc-40f"/>
      </symbol>
      <symbol id="sm-10ce">
         <name>SPP_Port_Status</name>
         <value>0xe4df</value>
         <object_component_ref idref="oc-5fd"/>
      </symbol>
      <symbol id="sm-10cf">
         <name>SPP_Register_SDP_Record</name>
         <value>0x7cdb</value>
         <object_component_ref idref="oc-419"/>
      </symbol>
      <symbol id="sm-10d0">
         <name>SPP_Respond_Port_Information</name>
         <value>0x12cf1</value>
         <object_component_ref idref="oc-501"/>
      </symbol>
      <symbol id="sm-10d1">
         <name>SPP_Send_Break</name>
         <value>0xdbdd</value>
         <object_component_ref idref="oc-605"/>
      </symbol>
      <symbol id="sm-1134">
         <name>SCO_Accept_Synchronous_Connection</name>
         <value>0x5a99</value>
         <object_component_ref idref="oc-503"/>
      </symbol>
      <symbol id="sm-1135">
         <name>SCO_Add_Connection</name>
         <value>0xe415</value>
         <object_component_ref idref="oc-4d1"/>
      </symbol>
      <symbol id="sm-1136">
         <name>SCO_Cleanup</name>
         <value>0x10ef9</value>
         <object_component_ref idref="oc-471"/>
      </symbol>
      <symbol id="sm-1137">
         <name>SCO_Close_Connection</name>
         <value>0xc8b5</value>
         <object_component_ref idref="oc-3e9"/>
      </symbol>
      <symbol id="sm-1138">
         <name>SCO_Initialize</name>
         <value>0x6aa9</value>
         <object_component_ref idref="oc-457"/>
      </symbol>
      <symbol id="sm-1139">
         <name>SCO_Query_Data_Format</name>
         <value>0x13995</value>
         <object_component_ref idref="oc-4cd"/>
      </symbol>
      <symbol id="sm-113a">
         <name>SCO_Register_Synchronous_Connect_Request_Callback</name>
         <value>0x168fd</value>
         <object_component_ref idref="oc-411"/>
      </symbol>
      <symbol id="sm-113b">
         <name>SCO_Send_Data</name>
         <value>0xbda5</value>
         <object_component_ref idref="oc-71e"/>
      </symbol>
      <symbol id="sm-113c">
         <name>SCO_Setup_Synchronous_Connection</name>
         <value>0x5031</value>
         <object_component_ref idref="oc-4cf"/>
      </symbol>
      <symbol id="sm-113d">
         <name>SCO_Un_Register_Callback</name>
         <value>0x128c7</value>
         <object_component_ref idref="oc-3f1"/>
      </symbol>
      <symbol id="sm-114d">
         <name>GOEP_Cleanup</name>
         <value>0x15975</value>
         <object_component_ref idref="oc-467"/>
      </symbol>
      <symbol id="sm-114e">
         <name>GOEP_Initialize</name>
         <value>0x14a33</value>
         <object_component_ref idref="oc-463"/>
      </symbol>
      <symbol id="sm-1156">
         <name>OTP_Cleanup</name>
         <value>0x99e3</value>
         <object_component_ref idref="oc-465"/>
      </symbol>
      <symbol id="sm-1157">
         <name>OTP_Initialize</name>
         <value>0x1698d</value>
         <object_component_ref idref="oc-477"/>
      </symbol>
      <symbol id="sm-116d">
         <name>CleanupCertificateModule</name>
         <value>0x6ee3</value>
         <object_component_ref idref="oc-455"/>
      </symbol>
      <symbol id="sm-116e">
         <name>GetAccess</name>
         <value>0x141c9</value>
         <object_component_ref idref="oc-453"/>
      </symbol>
      <symbol id="sm-116f">
         <name>GetCertCurrentDate</name>
         <value>0x16981</value>
         <object_component_ref idref="oc-451"/>
      </symbol>
      <symbol id="sm-1170">
         <name>GetCertLength</name>
         <value>0x16985</value>
         <object_component_ref idref="oc-44d"/>
      </symbol>
      <symbol id="sm-1171">
         <name>GetCertPtr</name>
         <value>0x16909</value>
         <object_component_ref idref="oc-44f"/>
      </symbol>
      <symbol id="sm-1172">
         <name>InitializeCertificateModule</name>
         <value>0x16989</value>
         <object_component_ref idref="oc-44b"/>
      </symbol>
      <symbol id="sm-11d4">
         <name>HCI_CancelPacket</name>
         <value>0x12b71</value>
         <object_component_ref idref="oc-5c1"/>
      </symbol>
      <symbol id="sm-11d5">
         <name>HCI_ChangeSCOConfiguration</name>
         <value>0x13c79</value>
         <object_component_ref idref="oc-5cb"/>
      </symbol>
      <symbol id="sm-11d6">
         <name>HCI_ChangeSCOConfigurationHandles</name>
         <value>0x150c5</value>
         <object_component_ref idref="oc-5cd"/>
      </symbol>
      <symbol id="sm-11d7">
         <name>HCI_CloseDriver</name>
         <value>0x12229</value>
         <object_component_ref idref="oc-47b"/>
      </symbol>
      <symbol id="sm-11d8">
         <name>HCI_OpenDriver</name>
         <value>0xe671</value>
         <object_component_ref idref="oc-441"/>
      </symbol>
      <symbol id="sm-11d9">
         <name>HCI_ProcessHCIDriverInformation</name>
         <value>0x144ad</value>
         <object_component_ref idref="oc-5bd"/>
      </symbol>
      <symbol id="sm-11da">
         <name>HCI_ReconfigureDriver</name>
         <value>0x12bd1</value>
         <object_component_ref idref="oc-350"/>
      </symbol>
      <symbol id="sm-11db">
         <name>HCI_RegisterACLDataCallback</name>
         <value>0x168b7</value>
         <object_component_ref idref="oc-537"/>
      </symbol>
      <symbol id="sm-11dc">
         <name>HCI_RegisterEventCallback</name>
         <value>0x168c1</value>
         <object_component_ref idref="oc-535"/>
      </symbol>
      <symbol id="sm-11dd">
         <name>HCI_RegisterSCODataCallback</name>
         <value>0x168cb</value>
         <object_component_ref idref="oc-539"/>
      </symbol>
      <symbol id="sm-11de">
         <name>HCI_SendPacket</name>
         <value>0xac55</value>
         <object_component_ref idref="oc-5bb"/>
      </symbol>
      <symbol id="sm-11df">
         <name>HCI_UnRegisterCallback</name>
         <value>0x12dad</value>
         <object_component_ref idref="oc-547"/>
      </symbol>
      <symbol id="sm-122e">
         <name>ChangeCommSCOConfiguration</name>
         <value>0x146f5</value>
         <object_component_ref idref="oc-716"/>
      </symbol>
      <symbol id="sm-122f">
         <name>CleanupCOMMList</name>
         <value>0x13be9</value>
         <object_component_ref idref="oc-6fd"/>
      </symbol>
      <symbol id="sm-1230">
         <name>CloseComm</name>
         <value>0x13e25</value>
         <object_component_ref idref="oc-52f"/>
      </symbol>
      <symbol id="sm-1231">
         <name>InitializeCOMMList</name>
         <value>0x16339</value>
         <object_component_ref idref="oc-529"/>
      </symbol>
      <symbol id="sm-1232">
         <name>OpenComm</name>
         <value>0xc6c1</value>
         <object_component_ref idref="oc-52d"/>
      </symbol>
      <symbol id="sm-1233">
         <name>ProcessComm</name>
         <value>0x15f49</value>
         <object_component_ref idref="oc-710"/>
      </symbol>
      <symbol id="sm-1234">
         <name>ReconfigureComm</name>
         <value>0xdcb9</value>
         <object_component_ref idref="oc-497"/>
      </symbol>
      <symbol id="sm-1235">
         <name>SendCommPacket</name>
         <value>0xf2ed</value>
         <object_component_ref idref="oc-75b"/>
      </symbol>
      <symbol id="sm-125d">
         <name>HCILL_Initialize</name>
         <value>0x1599f</value>
         <object_component_ref idref="oc-707"/>
      </symbol>
      <symbol id="sm-125e">
         <name>HCILL_ReceiveBytes</name>
         <value>0x115d5</value>
         <object_component_ref idref="oc-7c9"/>
      </symbol>
      <symbol id="sm-125f">
         <name>HCILL_Reconfigure</name>
         <value>0x16079</value>
         <object_component_ref idref="oc-7c3"/>
      </symbol>
      <symbol id="sm-1260">
         <name>HCILL_Resynchronize</name>
         <value>0x168ad</value>
         <object_component_ref idref="oc-7c5"/>
      </symbol>
      <symbol id="sm-1261">
         <name>HCILL_Shutdown</name>
         <value>0x16099</value>
         <object_component_ref idref="oc-7c1"/>
      </symbol>
      <symbol id="sm-1262">
         <name>HCILL_TransmitBytes</name>
         <value>0x111ad</value>
         <object_component_ref idref="oc-7c7"/>
      </symbol>
      <symbol id="sm-12d9">
         <name>TWUART_Initialize</name>
         <value>0xf665</value>
         <object_component_ref idref="oc-709"/>
      </symbol>
      <symbol id="sm-12da">
         <name>TWUART_ReceiveBytes</name>
         <value>0x9541</value>
         <object_component_ref idref="oc-7d3"/>
      </symbol>
      <symbol id="sm-12db">
         <name>TWUART_Reconfigure</name>
         <value>0xf453</value>
         <object_component_ref idref="oc-7cd"/>
      </symbol>
      <symbol id="sm-12dc">
         <name>TWUART_Resynchronize</name>
         <value>0x1318b</value>
         <object_component_ref idref="oc-7cf"/>
      </symbol>
      <symbol id="sm-12dd">
         <name>TWUART_Shutdown</name>
         <value>0x154cf</value>
         <object_component_ref idref="oc-7cb"/>
      </symbol>
      <symbol id="sm-12de">
         <name>TWUART_TransmitBytes</name>
         <value>0xfff1</value>
         <object_component_ref idref="oc-7d1"/>
      </symbol>
      <symbol id="sm-13e6">
         <name>HFRE_Answer_Incoming_Call</name>
         <value>0xfd79</value>
         <object_component_ref idref="oc-314"/>
      </symbol>
      <symbol id="sm-13e7">
         <name>HFRE_Close_Port</name>
         <value>0xd5c5</value>
         <object_component_ref idref="oc-31a"/>
      </symbol>
      <symbol id="sm-13e8">
         <name>HFRE_Close_Server_Port</name>
         <value>0xf185</value>
         <object_component_ref idref="oc-31e"/>
      </symbol>
      <symbol id="sm-13e9">
         <name>HFRE_Enable_Remote_Call_Line_Identification_Notification</name>
         <value>0xcf61</value>
         <object_component_ref idref="oc-30a"/>
      </symbol>
      <symbol id="sm-13ea">
         <name>HFRE_Enable_Remote_Indicator_Event_Notification</name>
         <value>0xcaa5</value>
         <object_component_ref idref="oc-749"/>
      </symbol>
      <symbol id="sm-13eb">
         <name>HFRE_Hang_Up_Call</name>
         <value>0xf865</value>
         <object_component_ref idref="oc-312"/>
      </symbol>
      <symbol id="sm-13ec">
         <name>HFRE_Open_HandsFree_Server_Port</name>
         <value>0x8609</value>
         <object_component_ref idref="oc-320"/>
      </symbol>
      <symbol id="sm-13ed">
         <name>HFRE_Query_Remote_Call_Holding_Multiparty_Service_Support</name>
         <value>0xe1b1</value>
         <object_component_ref idref="oc-74b"/>
      </symbol>
      <symbol id="sm-13ee">
         <name>HFRE_Query_Remote_Control_Indicator_Status</name>
         <value>0xeded</value>
         <object_component_ref idref="oc-747"/>
      </symbol>
      <symbol id="sm-13ef">
         <name>HFRE_Register_HandsFree_SDP_Record</name>
         <value>0xada9</value>
         <object_component_ref idref="oc-324"/>
      </symbol>
      <symbol id="sm-13f0">
         <name>HFRE_Release_Audio_Connection</name>
         <value>0x11f7d</value>
         <object_component_ref idref="oc-316"/>
      </symbol>
      <symbol id="sm-13f1">
         <name>HFRE_Send_Available_Codecs</name>
         <value>0xba55</value>
         <object_component_ref idref="oc-303"/>
      </symbol>
      <symbol id="sm-13f2">
         <name>HFRE_Send_Select_Codec</name>
         <value>0xda25</value>
         <object_component_ref idref="oc-305"/>
      </symbol>
      <symbol id="sm-13f3">
         <name>HFRE_Setup_Audio_Connection</name>
         <value>0xd6a5</value>
         <object_component_ref idref="oc-318"/>
      </symbol>
      <symbol id="sm-13f4">
         <name>InitializeHandsFreeModule</name>
         <value>0x16351</value>
         <object_component_ref idref="oc-407"/>
      </symbol>
      <symbol id="sm-1405">
         <name>_c_int00</name>
         <value>0x1d889</value>
         <object_component_ref idref="oc-25"/>
      </symbol>
      <symbol id="sm-1406">
         <name>__stack</name>
         <value>0x20004e9c</value>
         <object_component_ref idref="oc-2b"/>
      </symbol>
      <symbol id="sm-141d">
         <name>__TI_decompress_none</name>
         <value>0x1dbfd</value>
         <object_component_ref idref="oc-13"/>
      </symbol>
      <symbol id="sm-1440">
         <name>__TI_decompress_rle24</name>
         <value>0x1dc65</value>
         <object_component_ref idref="oc-19"/>
      </symbol>
      <symbol id="sm-1462">
         <name>C$$EXIT</name>
         <value>0x1d8dd</value>
         <object_component_ref idref="oc-7e"/>
      </symbol>
      <symbol id="sm-1463">
         <name>abort</name>
         <value>0x1d8e1</value>
         <object_component_ref idref="oc-7e"/>
      </symbol>
      <symbol id="sm-1464">
         <name>exit</name>
         <value>0x1d8e9</value>
         <object_component_ref idref="oc-7e"/>
      </symbol>
      <symbol id="sm-1465">
         <name>__TI_dtors_ptr</name>
         <value>0x20005758</value>
         <object_component_ref idref="oc-173"/>
      </symbol>
      <symbol id="sm-1466">
         <name>__TI_cleanup_ptr</name>
         <value>0x20005754</value>
         <object_component_ref idref="oc-173"/>
      </symbol>
      <symbol id="sm-1467">
         <name>__TI_enable_exit_profile_output</name>
         <value>0x2000575c</value>
         <object_component_ref idref="oc-173"/>
      </symbol>
      <symbol id="sm-1477">
         <name>memcmp</name>
         <value>0x1dacf</value>
         <object_component_ref idref="oc-19d"/>
      </symbol>
      <symbol id="sm-1492">
         <name>memcpy</name>
         <value>0x1d565</value>
         <object_component_ref idref="oc-41"/>
      </symbol>
      <symbol id="sm-1493">
         <name>__aeabi_memcpy</name>
         <value>0x1d565</value>
         <object_component_ref idref="oc-41"/>
      </symbol>
      <symbol id="sm-1494">
         <name>__aeabi_memcpy8</name>
         <value>0x1d565</value>
         <object_component_ref idref="oc-41"/>
      </symbol>
      <symbol id="sm-1495">
         <name>__aeabi_memcpy4</name>
         <value>0x1d565</value>
         <object_component_ref idref="oc-41"/>
      </symbol>
      <symbol id="sm-14a5">
         <name>memmove</name>
         <value>0x1daab</value>
         <object_component_ref idref="oc-197"/>
      </symbol>
      <symbol id="sm-14b4">
         <name>__aeabi_memset</name>
         <value>0x1d603</value>
         <object_component_ref idref="oc-5a"/>
      </symbol>
      <symbol id="sm-14b5">
         <name>memset</name>
         <value>0x1d609</value>
         <object_component_ref idref="oc-5a"/>
      </symbol>
      <symbol id="sm-14b6">
         <name>__aeabi_memset8</name>
         <value>0x1d603</value>
         <object_component_ref idref="oc-5a"/>
      </symbol>
      <symbol id="sm-14b7">
         <name>__aeabi_memset4</name>
         <value>0x1d603</value>
         <object_component_ref idref="oc-5a"/>
      </symbol>
      <symbol id="sm-14b8">
         <name>__aeabi_memclr8</name>
         <value>0x1d601</value>
         <object_component_ref idref="oc-5a"/>
      </symbol>
      <symbol id="sm-14b9">
         <name>__aeabi_memclr4</name>
         <value>0x1d601</value>
         <object_component_ref idref="oc-5a"/>
      </symbol>
      <symbol id="sm-14ba">
         <name>__aeabi_memclr</name>
         <value>0x1d601</value>
         <object_component_ref idref="oc-5a"/>
      </symbol>
      <symbol id="sm-14c4">
         <name>__mpu_init</name>
         <value>0x1d67b</value>
         <object_component_ref idref="oc-66"/>
      </symbol>
      <symbol id="sm-14ce">
         <name>_system_pre_init</name>
         <value>0x1dc73</value>
         <object_component_ref idref="oc-6c"/>
      </symbol>
      <symbol id="sm-14d6">
         <name>main_func_sp</name>
         <value>0x200057c0</value>
         <object_component_ref idref="oc-84"/>
      </symbol>
      <symbol id="sm-14e4">
         <name>strcpy</name>
         <value>0x1db81</value>
         <object_component_ref idref="oc-185"/>
      </symbol>
      <symbol id="sm-14f2">
         <name>strlen</name>
         <value>0x1db95</value>
         <object_component_ref idref="oc-191"/>
      </symbol>
      <symbol id="sm-1501">
         <name>__aeabi_uidivmod</name>
         <value>0x1da0b</value>
         <object_component_ref idref="oc-265"/>
      </symbol>
      <symbol id="sm-1502">
         <name>__aeabi_uidiv</name>
         <value>0x1da0b</value>
         <object_component_ref idref="oc-265"/>
      </symbol>
      <symbol id="sm-151b">
         <name>_nop</name>
         <value>0x1db7b</value>
         <object_component_ref idref="oc-251"/>
      </symbol>
      <symbol id="sm-151c">
         <name>_lock</name>
         <value>0x2000579c</value>
         <object_component_ref idref="oc-176"/>
      </symbol>
      <symbol id="sm-151d">
         <name>_unlock</name>
         <value>0x200057a0</value>
         <object_component_ref idref="oc-176"/>
      </symbol>
      <symbol id="sm-151e">
         <name>_register_lock</name>
         <value>0x1db73</value>
         <object_component_ref idref="oc-251"/>
      </symbol>
      <symbol id="sm-151f">
         <name>_register_unlock</name>
         <value>0x1db6d</value>
         <object_component_ref idref="oc-251"/>
      </symbol>
      <symbol id="sm-1533">
         <name>_args_main</name>
         <value>0x1db41</value>
         <object_component_ref idref="oc-78"/>
      </symbol>
      <symbol id="sm-1558">
         <name>__TI_auto_init</name>
         <value>0x1d67d</value>
         <object_component_ref idref="oc-72"/>
      </symbol>
      <symbol id="sm-1572">
         <name>copy_in</name>
         <value>0x1d931</value>
         <object_component_ref idref="oc-15d"/>
      </symbol>
      <symbol id="sm-157c">
         <name>__aeabi_idiv0</name>
         <value>0x1d46f</value>
         <object_component_ref idref="oc-35f"/>
      </symbol>
      <symbol id="sm-1586">
         <name>_system_post_cinit</name>
         <value>0x1d757</value>
         <object_component_ref idref="oc-163"/>
      </symbol>
      <symbol id="sm-1587">
         <name>__TI_static_base__</name>
         <value>0x0</value>
      </symbol>
      <symbol id="sm-158a">
         <name>SHT$$INIT_ARRAY$$Limit</name>
         <value>0x0</value>
      </symbol>
      <symbol id="sm-158b">
         <name>SHT$$INIT_ARRAY$$Base</name>
         <value>0x0</value>
      </symbol>
      <symbol id="sm-158c">
         <name>BTPS_StringLength</name>
         <value>0x1db95</value>
      </symbol>
   </symbol_table>
   <title>Link successful</title>
</link_info>
