<?xml version="1.0"?>
<link_info>
   <banner>TI ARM Linker PC v15.12.3.LTS</banner>
   <copyright>Copyright (c) 1996-2015 Texas Instruments Incorporated</copyright>
   <link_time>0x580d1f64</link_time>
   <link_errors>0x0</link_errors>
   <output_file>HFPDemo.out</output_file>
   <entry_point>
      <name>_c_int00</name>
      <address>0x16465</address>
   </entry_point>
   <input_file_list>
      <input_file id="fl-2">
         <path>.\</path>
         <kind>object</kind>
         <file>BTPSKRNL.obj</file>
         <name>BTPSKRNL.obj</name>
      </input_file>
      <input_file id="fl-3">
         <path>.\</path>
         <kind>object</kind>
         <file>BTPSVEND.obj</file>
         <name>BTPSVEND.obj</name>
      </input_file>
      <input_file id="fl-4">
         <path>.\</path>
         <kind>object</kind>
         <file>BTVS.obj</file>
         <name>BTVS.obj</name>
      </input_file>
      <input_file id="fl-5">
         <path>.\</path>
         <kind>object</kind>
         <file>HAL.obj</file>
         <name>HAL.obj</name>
      </input_file>
      <input_file id="fl-6">
         <path>.\</path>
         <kind>object</kind>
         <file>HCITRANS.obj</file>
         <name>HCITRANS.obj</name>
      </input_file>
      <input_file id="fl-7">
         <path>.\</path>
         <kind>object</kind>
         <file>HFPDemo.obj</file>
         <name>HFPDemo.obj</name>
      </input_file>
      <input_file id="fl-8">
         <path>.\</path>
         <kind>object</kind>
         <file>Main.obj</file>
         <name>Main.obj</name>
      </input_file>
      <input_file id="fl-9">
         <path>.\</path>
         <kind>object</kind>
         <file>TivaWareLib.obj</file>
         <name>TivaWareLib.obj</name>
      </input_file>
      <input_file id="fl-a">
         <path>.\dk-tm4c123g\</path>
         <kind>object</kind>
         <file>startup_ccs.obj</file>
         <name>startup_ccs.obj</name>
      </input_file>
      <input_file id="fl-14">
         <path>C:\ti\tirex-content\TivaWare_C_Series-2.1.3.156\driverlib\ccs\Debug\</path>
         <kind>archive</kind>
         <file>driverlib.lib</file>
         <name>gpio.obj</name>
      </input_file>
      <input_file id="fl-15">
         <path>C:\ti\tirex-content\TivaWare_C_Series-2.1.3.156\driverlib\ccs\Debug\</path>
         <kind>archive</kind>
         <file>driverlib.lib</file>
         <name>interrupt.obj</name>
      </input_file>
      <input_file id="fl-16">
         <path>C:\ti\tirex-content\TivaWare_C_Series-2.1.3.156\driverlib\ccs\Debug\</path>
         <kind>archive</kind>
         <file>driverlib.lib</file>
         <name>sysctl.obj</name>
      </input_file>
      <input_file id="fl-17">
         <path>C:\ti\tirex-content\TivaWare_C_Series-2.1.3.156\driverlib\ccs\Debug\</path>
         <kind>archive</kind>
         <file>driverlib.lib</file>
         <name>timer.obj</name>
      </input_file>
      <input_file id="fl-18">
         <path>C:\ti\tirex-content\TivaWare_C_Series-2.1.3.156\driverlib\ccs\Debug\</path>
         <kind>archive</kind>
         <file>driverlib.lib</file>
         <name>uart.obj</name>
      </input_file>
      <input_file id="fl-19">
         <path>C:\ti\tirex-content\TivaWare_C_Series-2.1.3.156\driverlib\ccs\Debug\</path>
         <kind>archive</kind>
         <file>driverlib.lib</file>
         <name>cpu.obj</name>
      </input_file>
      <input_file id="fl-1a">
         <path>C:\ti\Connectivity\CC256X BT\CC256x M4 Bluetopia SDK\v1.2 R2\Cortex_M4\Bluetopia\profiles\gatt\lib\ccs\</path>
         <kind>archive</kind>
         <file>SS1BTGAT_FP.lib</file>
         <name>GATT.o</name>
      </input_file>
      <input_file id="fl-1b">
         <path>C:\ti\Connectivity\CC256X BT\CC256x M4 Bluetopia SDK\v1.2 R2\Cortex_M4\Bluetopia\lib\ccs\NoOS\</path>
         <kind>archive</kind>
         <file>Bluetopia_FP.lib</file>
         <name>BSC.o</name>
      </input_file>
      <input_file id="fl-1c">
         <path>C:\ti\Connectivity\CC256X BT\CC256x M4 Bluetopia SDK\v1.2 R2\Cortex_M4\Bluetopia\lib\ccs\NoOS\</path>
         <kind>archive</kind>
         <file>Bluetopia_FP.lib</file>
         <name>BTPSTMR.o</name>
      </input_file>
      <input_file id="fl-1d">
         <path>C:\ti\Connectivity\CC256X BT\CC256x M4 Bluetopia SDK\v1.2 R2\Cortex_M4\Bluetopia\lib\ccs\NoOS\</path>
         <kind>archive</kind>
         <file>Bluetopia_FP.lib</file>
         <name>HCI.o</name>
      </input_file>
      <input_file id="fl-1e">
         <path>C:\ti\Connectivity\CC256X BT\CC256x M4 Bluetopia SDK\v1.2 R2\Cortex_M4\Bluetopia\lib\ccs\NoOS\</path>
         <kind>archive</kind>
         <file>Bluetopia_FP.lib</file>
         <name>L2CAP.o</name>
      </input_file>
      <input_file id="fl-1f">
         <path>C:\ti\Connectivity\CC256X BT\CC256x M4 Bluetopia SDK\v1.2 R2\Cortex_M4\Bluetopia\lib\ccs\NoOS\</path>
         <kind>archive</kind>
         <file>Bluetopia_FP.lib</file>
         <name>GAP.o</name>
      </input_file>
      <input_file id="fl-20">
         <path>C:\ti\Connectivity\CC256X BT\CC256x M4 Bluetopia SDK\v1.2 R2\Cortex_M4\Bluetopia\lib\ccs\NoOS\</path>
         <kind>archive</kind>
         <file>Bluetopia_FP.lib</file>
         <name>GAPLE.o</name>
      </input_file>
      <input_file id="fl-21">
         <path>C:\ti\Connectivity\CC256X BT\CC256x M4 Bluetopia SDK\v1.2 R2\Cortex_M4\Bluetopia\lib\ccs\NoOS\</path>
         <kind>archive</kind>
         <file>Bluetopia_FP.lib</file>
         <name>SDP.o</name>
      </input_file>
      <input_file id="fl-22">
         <path>C:\ti\Connectivity\CC256X BT\CC256x M4 Bluetopia SDK\v1.2 R2\Cortex_M4\Bluetopia\lib\ccs\NoOS\</path>
         <kind>archive</kind>
         <file>Bluetopia_FP.lib</file>
         <name>RFCOMM.o</name>
      </input_file>
      <input_file id="fl-23">
         <path>C:\ti\Connectivity\CC256X BT\CC256x M4 Bluetopia SDK\v1.2 R2\Cortex_M4\Bluetopia\lib\ccs\NoOS\</path>
         <kind>archive</kind>
         <file>Bluetopia_FP.lib</file>
         <name>SPP.o</name>
      </input_file>
      <input_file id="fl-24">
         <path>C:\ti\Connectivity\CC256X BT\CC256x M4 Bluetopia SDK\v1.2 R2\Cortex_M4\Bluetopia\lib\ccs\NoOS\</path>
         <kind>archive</kind>
         <file>Bluetopia_FP.lib</file>
         <name>SCO.o</name>
      </input_file>
      <input_file id="fl-25">
         <path>C:\ti\Connectivity\CC256X BT\CC256x M4 Bluetopia SDK\v1.2 R2\Cortex_M4\Bluetopia\lib\ccs\NoOS\</path>
         <kind>archive</kind>
         <file>Bluetopia_FP.lib</file>
         <name>GOEP.o</name>
      </input_file>
      <input_file id="fl-26">
         <path>C:\ti\Connectivity\CC256X BT\CC256x M4 Bluetopia SDK\v1.2 R2\Cortex_M4\Bluetopia\lib\ccs\NoOS\</path>
         <kind>archive</kind>
         <file>Bluetopia_FP.lib</file>
         <name>OTP.o</name>
      </input_file>
      <input_file id="fl-27">
         <path>C:\ti\Connectivity\CC256X BT\CC256x M4 Bluetopia SDK\v1.2 R2\Cortex_M4\Bluetopia\lib\ccs\NoOS\</path>
         <kind>archive</kind>
         <file>Bluetopia_FP.lib</file>
         <name>HCID.o</name>
      </input_file>
      <input_file id="fl-28">
         <path>C:\ti\Connectivity\CC256X BT\CC256x M4 Bluetopia SDK\v1.2 R2\Cortex_M4\Bluetopia\lib\ccs\NoOS\</path>
         <kind>archive</kind>
         <file>Bluetopia_FP.lib</file>
         <name>HCIDrv.o</name>
      </input_file>
      <input_file id="fl-29">
         <path>C:\ti\Connectivity\CC256X BT\CC256x M4 Bluetopia SDK\v1.2 R2\Cortex_M4\Bluetopia\lib\ccs\NoOS\</path>
         <kind>archive</kind>
         <file>Bluetopia_FP.lib</file>
         <name>HCIComm.o</name>
      </input_file>
      <input_file id="fl-2a">
         <path>C:\ti\Connectivity\CC256X BT\CC256x M4 Bluetopia SDK\v1.2 R2\Cortex_M4\Bluetopia\lib\ccs\NoOS\</path>
         <kind>archive</kind>
         <file>Bluetopia_FP.lib</file>
         <name>HCILL.o</name>
      </input_file>
      <input_file id="fl-2b">
         <path>C:\ti\Connectivity\CC256X BT\CC256x M4 Bluetopia SDK\v1.2 R2\Cortex_M4\Bluetopia\lib\ccs\NoOS\</path>
         <kind>archive</kind>
         <file>Bluetopia_FP.lib</file>
         <name>TWUART.o</name>
      </input_file>
      <input_file id="fl-2c">
         <path>C:\ti\Connectivity\CC256X BT\CC256x M4 Bluetopia SDK\v1.2 R2\Cortex_M4\Bluetopia\profiles\HFP\lib\ccs\</path>
         <kind>archive</kind>
         <file>SS1BTHFP_FP.lib</file>
         <name>HFRE.o</name>
      </input_file>
      <input_file id="fl-e2">
         <path>C:\ti\ccsv6\tools\compiler\arm_15.12.3.LTS\lib\</path>
         <kind>archive</kind>
         <file>rtsv7M4_T_le_v4SPD16_eabi.lib</file>
         <name>boot.obj</name>
      </input_file>
      <input_file id="fl-e3">
         <path>C:\ti\ccsv6\tools\compiler\arm_15.12.3.LTS\lib\</path>
         <kind>archive</kind>
         <file>rtsv7M4_T_le_v4SPD16_eabi.lib</file>
         <name>copy_decompress_none.obj</name>
      </input_file>
      <input_file id="fl-e4">
         <path>C:\ti\ccsv6\tools\compiler\arm_15.12.3.LTS\lib\</path>
         <kind>archive</kind>
         <file>rtsv7M4_T_le_v4SPD16_eabi.lib</file>
         <name>copy_decompress_rle.obj</name>
      </input_file>
      <input_file id="fl-e5">
         <path>C:\ti\ccsv6\tools\compiler\arm_15.12.3.LTS\lib\</path>
         <kind>archive</kind>
         <file>rtsv7M4_T_le_v4SPD16_eabi.lib</file>
         <name>copy_zero_init.obj</name>
      </input_file>
      <input_file id="fl-e6">
         <path>C:\ti\ccsv6\tools\compiler\arm_15.12.3.LTS\lib\</path>
         <kind>archive</kind>
         <file>rtsv7M4_T_le_v4SPD16_eabi.lib</file>
         <name>exit.obj</name>
      </input_file>
      <input_file id="fl-e7">
         <path>C:\ti\ccsv6\tools\compiler\arm_15.12.3.LTS\lib\</path>
         <kind>archive</kind>
         <file>rtsv7M4_T_le_v4SPD16_eabi.lib</file>
         <name>memcmp.obj</name>
      </input_file>
      <input_file id="fl-e8">
         <path>C:\ti\ccsv6\tools\compiler\arm_15.12.3.LTS\lib\</path>
         <kind>archive</kind>
         <file>rtsv7M4_T_le_v4SPD16_eabi.lib</file>
         <name>memcpy_t2.obj</name>
      </input_file>
      <input_file id="fl-e9">
         <path>C:\ti\ccsv6\tools\compiler\arm_15.12.3.LTS\lib\</path>
         <kind>archive</kind>
         <file>rtsv7M4_T_le_v4SPD16_eabi.lib</file>
         <name>memmov.obj</name>
      </input_file>
      <input_file id="fl-ea">
         <path>C:\ti\ccsv6\tools\compiler\arm_15.12.3.LTS\lib\</path>
         <kind>archive</kind>
         <file>rtsv7M4_T_le_v4SPD16_eabi.lib</file>
         <name>memset_t2.obj</name>
      </input_file>
      <input_file id="fl-eb">
         <path>C:\ti\ccsv6\tools\compiler\arm_15.12.3.LTS\lib\</path>
         <kind>archive</kind>
         <file>rtsv7M4_T_le_v4SPD16_eabi.lib</file>
         <name>mpu_init.obj</name>
      </input_file>
      <input_file id="fl-ec">
         <path>C:\ti\ccsv6\tools\compiler\arm_15.12.3.LTS\lib\</path>
         <kind>archive</kind>
         <file>rtsv7M4_T_le_v4SPD16_eabi.lib</file>
         <name>pre_init.obj</name>
      </input_file>
      <input_file id="fl-ed">
         <path>C:\ti\ccsv6\tools\compiler\arm_15.12.3.LTS\lib\</path>
         <kind>archive</kind>
         <file>rtsv7M4_T_le_v4SPD16_eabi.lib</file>
         <name>printf.obj</name>
      </input_file>
      <input_file id="fl-ee">
         <path>C:\ti\ccsv6\tools\compiler\arm_15.12.3.LTS\lib\</path>
         <kind>archive</kind>
         <file>rtsv7M4_T_le_v4SPD16_eabi.lib</file>
         <name>stkdepth_vars.obj</name>
      </input_file>
      <input_file id="fl-ef">
         <path>C:\ti\ccsv6\tools\compiler\arm_15.12.3.LTS\lib\</path>
         <kind>archive</kind>
         <file>rtsv7M4_T_le_v4SPD16_eabi.lib</file>
         <name>strcpy.obj</name>
      </input_file>
      <input_file id="fl-f0">
         <path>C:\ti\ccsv6\tools\compiler\arm_15.12.3.LTS\lib\</path>
         <kind>archive</kind>
         <file>rtsv7M4_T_le_v4SPD16_eabi.lib</file>
         <name>strlen.obj</name>
      </input_file>
      <input_file id="fl-f1">
         <path>C:\ti\ccsv6\tools\compiler\arm_15.12.3.LTS\lib\</path>
         <kind>archive</kind>
         <file>rtsv7M4_T_le_v4SPD16_eabi.lib</file>
         <name>u_divt2.obj</name>
      </input_file>
      <input_file id="fl-f2">
         <path>C:\ti\ccsv6\tools\compiler\arm_15.12.3.LTS\lib\</path>
         <kind>archive</kind>
         <file>rtsv7M4_T_le_v4SPD16_eabi.lib</file>
         <name>_lock.obj</name>
      </input_file>
      <input_file id="fl-f3">
         <path>C:\ti\ccsv6\tools\compiler\arm_15.12.3.LTS\lib\</path>
         <kind>archive</kind>
         <file>rtsv7M4_T_le_v4SPD16_eabi.lib</file>
         <name>_printfi.obj</name>
      </input_file>
      <input_file id="fl-f4">
         <path>C:\ti\ccsv6\tools\compiler\arm_15.12.3.LTS\lib\</path>
         <kind>archive</kind>
         <file>rtsv7M4_T_le_v4SPD16_eabi.lib</file>
         <name>args_main.obj</name>
      </input_file>
      <input_file id="fl-f5">
         <path>C:\ti\ccsv6\tools\compiler\arm_15.12.3.LTS\lib\</path>
         <kind>archive</kind>
         <file>rtsv7M4_T_le_v4SPD16_eabi.lib</file>
         <name>atoi.obj</name>
      </input_file>
      <input_file id="fl-f6">
         <path>C:\ti\ccsv6\tools\compiler\arm_15.12.3.LTS\lib\</path>
         <kind>archive</kind>
         <file>rtsv7M4_T_le_v4SPD16_eabi.lib</file>
         <name>autoinit.obj</name>
      </input_file>
      <input_file id="fl-f7">
         <path>C:\ti\ccsv6\tools\compiler\arm_15.12.3.LTS\lib\</path>
         <kind>archive</kind>
         <file>rtsv7M4_T_le_v4SPD16_eabi.lib</file>
         <name>cpy_tbl.obj</name>
      </input_file>
      <input_file id="fl-f8">
         <path>C:\ti\ccsv6\tools\compiler\arm_15.12.3.LTS\lib\</path>
         <kind>archive</kind>
         <file>rtsv7M4_T_le_v4SPD16_eabi.lib</file>
         <name>ctype.obj</name>
      </input_file>
      <input_file id="fl-f9">
         <path>C:\ti\ccsv6\tools\compiler\arm_15.12.3.LTS\lib\</path>
         <kind>archive</kind>
         <file>rtsv7M4_T_le_v4SPD16_eabi.lib</file>
         <name>defs.obj</name>
      </input_file>
      <input_file id="fl-fa">
         <path>C:\ti\ccsv6\tools\compiler\arm_15.12.3.LTS\lib\</path>
         <kind>archive</kind>
         <file>rtsv7M4_T_le_v4SPD16_eabi.lib</file>
         <name>fd_add_t2.obj</name>
      </input_file>
      <input_file id="fl-fb">
         <path>C:\ti\ccsv6\tools\compiler\arm_15.12.3.LTS\lib\</path>
         <kind>archive</kind>
         <file>rtsv7M4_T_le_v4SPD16_eabi.lib</file>
         <name>fd_cmp_t2.obj</name>
      </input_file>
      <input_file id="fl-fc">
         <path>C:\ti\ccsv6\tools\compiler\arm_15.12.3.LTS\lib\</path>
         <kind>archive</kind>
         <file>rtsv7M4_T_le_v4SPD16_eabi.lib</file>
         <name>fd_div_t2.obj</name>
      </input_file>
      <input_file id="fl-fd">
         <path>C:\ti\ccsv6\tools\compiler\arm_15.12.3.LTS\lib\</path>
         <kind>archive</kind>
         <file>rtsv7M4_T_le_v4SPD16_eabi.lib</file>
         <name>fd_mul_t2.obj</name>
      </input_file>
      <input_file id="fl-fe">
         <path>C:\ti\ccsv6\tools\compiler\arm_15.12.3.LTS\lib\</path>
         <kind>archive</kind>
         <file>rtsv7M4_T_le_v4SPD16_eabi.lib</file>
         <name>fd_toi_t2.obj</name>
      </input_file>
      <input_file id="fl-ff">
         <path>C:\ti\ccsv6\tools\compiler\arm_15.12.3.LTS\lib\</path>
         <kind>archive</kind>
         <file>rtsv7M4_T_le_v4SPD16_eabi.lib</file>
         <name>fputc.obj</name>
      </input_file>
      <input_file id="fl-100">
         <path>C:\ti\ccsv6\tools\compiler\arm_15.12.3.LTS\lib\</path>
         <kind>archive</kind>
         <file>rtsv7M4_T_le_v4SPD16_eabi.lib</file>
         <name>fputs.obj</name>
      </input_file>
      <input_file id="fl-101">
         <path>C:\ti\ccsv6\tools\compiler\arm_15.12.3.LTS\lib\</path>
         <kind>archive</kind>
         <file>rtsv7M4_T_le_v4SPD16_eabi.lib</file>
         <name>i_div0.obj</name>
      </input_file>
      <input_file id="fl-102">
         <path>C:\ti\ccsv6\tools\compiler\arm_15.12.3.LTS\lib\</path>
         <kind>archive</kind>
         <file>rtsv7M4_T_le_v4SPD16_eabi.lib</file>
         <name>i_tofd_t2.obj</name>
      </input_file>
      <input_file id="fl-103">
         <path>C:\ti\ccsv6\tools\compiler\arm_15.12.3.LTS\lib\</path>
         <kind>archive</kind>
         <file>rtsv7M4_T_le_v4SPD16_eabi.lib</file>
         <name>lowlev.obj</name>
      </input_file>
      <input_file id="fl-104">
         <path>C:\ti\ccsv6\tools\compiler\arm_15.12.3.LTS\lib\</path>
         <kind>archive</kind>
         <file>rtsv7M4_T_le_v4SPD16_eabi.lib</file>
         <name>ltoa.obj</name>
      </input_file>
      <input_file id="fl-105">
         <path>C:\ti\ccsv6\tools\compiler\arm_15.12.3.LTS\lib\</path>
         <kind>archive</kind>
         <file>rtsv7M4_T_le_v4SPD16_eabi.lib</file>
         <name>memccpy.obj</name>
      </input_file>
      <input_file id="fl-106">
         <path>C:\ti\ccsv6\tools\compiler\arm_15.12.3.LTS\lib\</path>
         <kind>archive</kind>
         <file>rtsv7M4_T_le_v4SPD16_eabi.lib</file>
         <name>memchr.obj</name>
      </input_file>
      <input_file id="fl-107">
         <path>C:\ti\ccsv6\tools\compiler\arm_15.12.3.LTS\lib\</path>
         <kind>archive</kind>
         <file>rtsv7M4_T_le_v4SPD16_eabi.lib</file>
         <name>s_frexp.obj</name>
      </input_file>
      <input_file id="fl-108">
         <path>C:\ti\ccsv6\tools\compiler\arm_15.12.3.LTS\lib\</path>
         <kind>archive</kind>
         <file>rtsv7M4_T_le_v4SPD16_eabi.lib</file>
         <name>s_scalbn.obj</name>
      </input_file>
      <input_file id="fl-109">
         <path>C:\ti\ccsv6\tools\compiler\arm_15.12.3.LTS\lib\</path>
         <kind>archive</kind>
         <file>rtsv7M4_T_le_v4SPD16_eabi.lib</file>
         <name>startup.obj</name>
      </input_file>
      <input_file id="fl-10a">
         <path>C:\ti\ccsv6\tools\compiler\arm_15.12.3.LTS\lib\</path>
         <kind>archive</kind>
         <file>rtsv7M4_T_le_v4SPD16_eabi.lib</file>
         <name>strchr.obj</name>
      </input_file>
      <input_file id="fl-10b">
         <path>C:\ti\ccsv6\tools\compiler\arm_15.12.3.LTS\lib\</path>
         <kind>archive</kind>
         <file>rtsv7M4_T_le_v4SPD16_eabi.lib</file>
         <name>strcmp.obj</name>
      </input_file>
      <input_file id="fl-10c">
         <path>C:\ti\ccsv6\tools\compiler\arm_15.12.3.LTS\lib\</path>
         <kind>archive</kind>
         <file>rtsv7M4_T_le_v4SPD16_eabi.lib</file>
         <name>strncpy.obj</name>
      </input_file>
      <input_file id="fl-10d">
         <path>C:\ti\ccsv6\tools\compiler\arm_15.12.3.LTS\lib\</path>
         <kind>archive</kind>
         <file>rtsv7M4_T_le_v4SPD16_eabi.lib</file>
         <name>trgdrv.obj</name>
      </input_file>
      <input_file id="fl-10e">
         <path>C:\ti\ccsv6\tools\compiler\arm_15.12.3.LTS\lib\</path>
         <kind>archive</kind>
         <file>rtsv7M4_T_le_v4SPD16_eabi.lib</file>
         <name>trgmsg.obj</name>
      </input_file>
      <input_file id="fl-10f">
         <path>C:\ti\ccsv6\tools\compiler\arm_15.12.3.LTS\lib\</path>
         <kind>archive</kind>
         <file>rtsv7M4_T_le_v4SPD16_eabi.lib</file>
         <name>ull_div_t2.obj</name>
      </input_file>
      <input_file id="fl-110">
         <path>C:\ti\ccsv6\tools\compiler\arm_15.12.3.LTS\lib\</path>
         <kind>archive</kind>
         <file>rtsv7M4_T_le_v4SPD16_eabi.lib</file>
         <name>_io_perm.obj</name>
      </input_file>
      <input_file id="fl-111">
         <path>C:\ti\ccsv6\tools\compiler\arm_15.12.3.LTS\lib\</path>
         <kind>archive</kind>
         <file>rtsv7M4_T_le_v4SPD16_eabi.lib</file>
         <name>errno.obj</name>
      </input_file>
      <input_file id="fl-112">
         <path>C:\ti\ccsv6\tools\compiler\arm_15.12.3.LTS\lib\</path>
         <kind>archive</kind>
         <file>rtsv7M4_T_le_v4SPD16_eabi.lib</file>
         <name>fflush.obj</name>
      </input_file>
      <input_file id="fl-113">
         <path>C:\ti\ccsv6\tools\compiler\arm_15.12.3.LTS\lib\</path>
         <kind>archive</kind>
         <file>rtsv7M4_T_le_v4SPD16_eabi.lib</file>
         <name>fseek.obj</name>
      </input_file>
      <input_file id="fl-114">
         <path>C:\ti\ccsv6\tools\compiler\arm_15.12.3.LTS\lib\</path>
         <kind>archive</kind>
         <file>rtsv7M4_T_le_v4SPD16_eabi.lib</file>
         <name>s_copysign.obj</name>
      </input_file>
      <input_file id="fl-115">
         <path>C:\ti\ccsv6\tools\compiler\arm_15.12.3.LTS\lib\</path>
         <kind>archive</kind>
         <file>rtsv7M4_T_le_v4SPD16_eabi.lib</file>
         <name>setvbuf.obj</name>
      </input_file>
      <input_file id="fl-116">
         <path>C:\ti\ccsv6\tools\compiler\arm_15.12.3.LTS\lib\</path>
         <kind>archive</kind>
         <file>rtsv7M4_T_le_v4SPD16_eabi.lib</file>
         <name>fopen.obj</name>
      </input_file>
      <input_file id="fl-117">
         <path>C:\ti\ccsv6\tools\compiler\arm_15.12.3.LTS\lib\</path>
         <kind>archive</kind>
         <file>rtsv7M4_T_le_v4SPD16_eabi.lib</file>
         <name>memory.obj</name>
      </input_file>
      <input_file id="fl-118">
         <path>C:\ti\ccsv6\tools\compiler\arm_15.12.3.LTS\lib\</path>
         <kind>archive</kind>
         <file>rtsv7M4_T_le_v4SPD16_eabi.lib</file>
         <name>fclose.obj</name>
      </input_file>
      <input_file id="fl-119">
         <path>C:\ti\ccsv6\tools\compiler\arm_15.12.3.LTS\lib\</path>
         <kind>archive</kind>
         <file>rtsv7M4_T_le_v4SPD16_eabi.lib</file>
         <name>remove.obj</name>
      </input_file>
   </input_file_list>
   <object_component_list>
      <object_component id="oc-10">
         <name>.intvecs</name>
         <load_address>0x0</load_address>
         <run_address>0x0</run_address>
         <size>0x26c</size>
         <input_file_ref idref="fl-a"/>
      </object_component>
      <object_component id="oc-47f">
         <name>.text</name>
         <load_address>0xed6c</load_address>
         <run_address>0xed6c</run_address>
         <size>0x1652</size>
         <input_file_ref idref="fl-4"/>
      </object_component>
      <object_component id="oc-3c4">
         <name>.text</name>
         <load_address>0x103be</load_address>
         <run_address>0x103be</run_address>
         <size>0x2</size>
         <input_file_ref idref="fl-101"/>
      </object_component>
      <object_component id="oc-31a">
         <name>.text</name>
         <load_address>0x103c0</load_address>
         <run_address>0x103c0</run_address>
         <size>0x1110</size>
         <input_file_ref idref="fl-f3"/>
      </object_component>
      <object_component id="oc-1e2">
         <name>.text</name>
         <load_address>0x114d0</load_address>
         <run_address>0x114d0</run_address>
         <size>0xd50</size>
         <input_file_ref idref="fl-9"/>
      </object_component>
      <object_component id="oc-d2">
         <name>.text</name>
         <load_address>0x12220</load_address>
         <run_address>0x12220</run_address>
         <size>0xafc</size>
         <input_file_ref idref="fl-2"/>
      </object_component>
      <object_component id="oc-3b">
         <name>.text</name>
         <load_address>0x12d1c</load_address>
         <run_address>0x12d1c</run_address>
         <size>0x6b0</size>
         <input_file_ref idref="fl-6"/>
      </object_component>
      <object_component id="oc-177">
         <name>.text</name>
         <load_address>0x133cc</load_address>
         <run_address>0x133cc</run_address>
         <size>0x6b0</size>
         <input_file_ref idref="fl-8"/>
      </object_component>
      <object_component id="oc-35">
         <name>.text</name>
         <load_address>0x13a7c</load_address>
         <run_address>0x13a7c</run_address>
         <size>0x520</size>
         <input_file_ref idref="fl-5"/>
      </object_component>
      <object_component id="oc-351">
         <name>.text</name>
         <load_address>0x13f9c</load_address>
         <run_address>0x13f9c</run_address>
         <size>0x51a</size>
         <input_file_ref idref="fl-3"/>
      </object_component>
      <object_component id="oc-69">
         <name>.text</name>
         <load_address>0x144b6</load_address>
         <run_address>0x144b6</run_address>
         <size>0x2</size>
         <input_file_ref idref="fl-eb"/>
      </object_component>
      <object_component id="oc-6e9">
         <name>.text</name>
         <load_address>0x144b8</load_address>
         <run_address>0x144b8</run_address>
         <size>0x3dc</size>
         <input_file_ref idref="fl-117"/>
      </object_component>
      <object_component id="oc-706">
         <name>.text</name>
         <load_address>0x14894</load_address>
         <run_address>0x14894</run_address>
         <size>0x324</size>
         <input_file_ref idref="fl-10d"/>
      </object_component>
      <object_component id="oc-3e2">
         <name>.text</name>
         <load_address>0x14bb8</load_address>
         <run_address>0x14bb8</run_address>
         <size>0x30c</size>
         <input_file_ref idref="fl-103"/>
      </object_component>
      <object_component id="oc-3f2">
         <name>.text</name>
         <load_address>0x14ec4</load_address>
         <run_address>0x14ec4</run_address>
         <size>0x1f4</size>
         <input_file_ref idref="fl-10f"/>
      </object_component>
      <object_component id="oc-6ef">
         <name>.text</name>
         <load_address>0x150b8</load_address>
         <run_address>0x150b8</run_address>
         <size>0x1c4</size>
         <input_file_ref idref="fl-116"/>
      </object_component>
      <object_component id="oc-41b">
         <name>.text</name>
         <load_address>0x1527c</load_address>
         <run_address>0x1527c</run_address>
         <size>0x1b6</size>
         <input_file_ref idref="fl-fa"/>
      </object_component>
      <object_component id="oc-401">
         <name>.text</name>
         <load_address>0x15432</load_address>
         <run_address>0x15432</run_address>
         <size>0x136</size>
         <input_file_ref idref="fl-fc"/>
      </object_component>
      <object_component id="oc-314">
         <name>.text</name>
         <load_address>0x15568</load_address>
         <run_address>0x15568</run_address>
         <size>0x134</size>
         <input_file_ref idref="fl-100"/>
      </object_component>
      <object_component id="oc-1a0">
         <name>.text:GPIOPadConfigSet</name>
         <load_address>0x1569c</load_address>
         <run_address>0x1569c</run_address>
         <size>0x132</size>
         <input_file_ref idref="fl-14"/>
      </object_component>
      <object_component id="oc-3fc">
         <name>.text</name>
         <load_address>0x157ce</load_address>
         <run_address>0x157ce</run_address>
         <size>0xfc</size>
         <input_file_ref idref="fl-fd"/>
      </object_component>
      <object_component id="oc-16f">
         <name>.text</name>
         <load_address>0x158ca</load_address>
         <run_address>0x158ca</run_address>
         <size>0x2</size>
         <input_file_ref idref="fl-109"/>
      </object_component>
      <object_component id="oc-426">
         <name>.text</name>
         <load_address>0x158cc</load_address>
         <run_address>0x158cc</run_address>
         <size>0xfc</size>
         <input_file_ref idref="fl-108"/>
      </object_component>
      <object_component id="oc-a8">
         <name>.text:SysCtlClockSet</name>
         <load_address>0x159c8</load_address>
         <run_address>0x159c8</run_address>
         <size>0xf4</size>
         <input_file_ref idref="fl-16"/>
      </object_component>
      <object_component id="oc-553">
         <name>.text</name>
         <load_address>0x15abc</load_address>
         <run_address>0x15abc</run_address>
         <size>0xdc</size>
         <input_file_ref idref="fl-115"/>
      </object_component>
      <object_component id="oc-3dc">
         <name>.text</name>
         <load_address>0x15b98</load_address>
         <run_address>0x15b98</run_address>
         <size>0xc8</size>
         <input_file_ref idref="fl-112"/>
      </object_component>
      <object_component id="oc-3d6">
         <name>.text</name>
         <load_address>0x15c60</load_address>
         <run_address>0x15c60</run_address>
         <size>0xac</size>
         <input_file_ref idref="fl-110"/>
      </object_component>
      <object_component id="oc-44">
         <name>.text</name>
         <load_address>0x15d0c</load_address>
         <run_address>0x15d0c</run_address>
         <size>0x9c</size>
         <input_file_ref idref="fl-e8"/>
      </object_component>
      <object_component id="oc-7f0">
         <name>.text</name>
         <load_address>0x15da8</load_address>
         <run_address>0x15da8</run_address>
         <size>0x98</size>
         <input_file_ref idref="fl-118"/>
      </object_component>
      <object_component id="oc-30e">
         <name>.text</name>
         <load_address>0x15e40</load_address>
         <run_address>0x15e40</run_address>
         <size>0x98</size>
         <input_file_ref idref="fl-ff"/>
      </object_component>
      <object_component id="oc-3f7">
         <name>.text:__aeabi_cdcmple</name>
         <load_address>0x15ed8</load_address>
         <run_address>0x15ed8</run_address>
         <size>0x86</size>
         <input_file_ref idref="fl-fb"/>
      </object_component>
      <object_component id="oc-406">
         <name>.text:__aeabi_cdrcmple</name>
         <load_address>0x15f5e</load_address>
         <run_address>0x15f5e</run_address>
         <size>0x86</size>
         <input_file_ref idref="fl-fb"/>
      </object_component>
      <object_component id="oc-5d">
         <name>.text</name>
         <load_address>0x15fe4</load_address>
         <run_address>0x15fe4</run_address>
         <size>0x7a</size>
         <input_file_ref idref="fl-ea"/>
      </object_component>
      <object_component id="oc-75">
         <name>.text</name>
         <load_address>0x16060</load_address>
         <run_address>0x16060</run_address>
         <size>0x70</size>
         <input_file_ref idref="fl-f6"/>
      </object_component>
      <object_component id="oc-246">
         <name>.text</name>
         <load_address>0x160d0</load_address>
         <run_address>0x160d0</run_address>
         <size>0x70</size>
         <input_file_ref idref="fl-ed"/>
      </object_component>
      <object_component id="oc-50">
         <name>.text</name>
         <load_address>0x16140</load_address>
         <run_address>0x16140</run_address>
         <size>0x6a</size>
         <input_file_ref idref="fl-e4"/>
      </object_component>
      <object_component id="oc-11a">
         <name>.text:IntDisable</name>
         <load_address>0x161ac</load_address>
         <run_address>0x161ac</run_address>
         <size>0x68</size>
         <input_file_ref idref="fl-15"/>
      </object_component>
      <object_component id="oc-d8">
         <name>.text:IntEnable</name>
         <load_address>0x16214</load_address>
         <run_address>0x16214</run_address>
         <size>0x68</size>
         <input_file_ref idref="fl-15"/>
      </object_component>
      <object_component id="oc-7ff">
         <name>.text</name>
         <load_address>0x1627c</load_address>
         <run_address>0x1627c</run_address>
         <size>0x68</size>
         <input_file_ref idref="fl-10e"/>
      </object_component>
      <object_component id="oc-54d">
         <name>.text</name>
         <load_address>0x162e4</load_address>
         <run_address>0x162e4</run_address>
         <size>0x64</size>
         <input_file_ref idref="fl-113"/>
      </object_component>
      <object_component id="oc-420">
         <name>.text</name>
         <load_address>0x16348</load_address>
         <run_address>0x16348</run_address>
         <size>0x64</size>
         <input_file_ref idref="fl-107"/>
      </object_component>
      <object_component id="oc-ea">
         <name>.text:TimerConfigure</name>
         <load_address>0x163ac</load_address>
         <run_address>0x163ac</run_address>
         <size>0x60</size>
         <input_file_ref idref="fl-17"/>
      </object_component>
      <object_component id="oc-410">
         <name>.text</name>
         <load_address>0x1640c</load_address>
         <run_address>0x1640c</run_address>
         <size>0x56</size>
         <input_file_ref idref="fl-104"/>
      </object_component>
      <object_component id="oc-25">
         <name>.text</name>
         <load_address>0x16464</load_address>
         <run_address>0x16464</run_address>
         <size>0x54</size>
         <input_file_ref idref="fl-e2"/>
      </object_component>
      <object_component id="oc-81">
         <name>.text</name>
         <load_address>0x164b8</load_address>
         <run_address>0x164b8</run_address>
         <size>0x54</size>
         <input_file_ref idref="fl-e6"/>
      </object_component>
      <object_component id="oc-438">
         <name>.text</name>
         <load_address>0x1650c</load_address>
         <run_address>0x1650c</run_address>
         <size>0x4c</size>
         <input_file_ref idref="fl-f5"/>
      </object_component>
      <object_component id="oc-169">
         <name>.text</name>
         <load_address>0x16558</load_address>
         <run_address>0x16558</run_address>
         <size>0x4c</size>
         <input_file_ref idref="fl-f7"/>
      </object_component>
      <object_component id="oc-c0">
         <name>.text:GPIOPinConfigure</name>
         <load_address>0x165a4</load_address>
         <run_address>0x165a4</run_address>
         <size>0x48</size>
         <input_file_ref idref="fl-14"/>
      </object_component>
      <object_component id="oc-40b">
         <name>.text</name>
         <load_address>0x165ec</load_address>
         <run_address>0x165ec</run_address>
         <size>0x48</size>
         <input_file_ref idref="fl-fe"/>
      </object_component>
      <object_component id="oc-cc">
         <name>.text:UARTConfigSetExpClk</name>
         <load_address>0x16634</load_address>
         <run_address>0x16634</run_address>
         <size>0x46</size>
         <input_file_ref idref="fl-18"/>
      </object_component>
      <object_component id="oc-2ad">
         <name>.text</name>
         <load_address>0x1667a</load_address>
         <run_address>0x1667a</run_address>
         <size>0x40</size>
         <input_file_ref idref="fl-f1"/>
      </object_component>
      <object_component id="oc-ae">
         <name>.text:SysCtlPeripheralEnable</name>
         <load_address>0x166bc</load_address>
         <run_address>0x166bc</run_address>
         <size>0x34</size>
         <input_file_ref idref="fl-16"/>
      </object_component>
      <object_component id="oc-566">
         <name>.text</name>
         <load_address>0x166f0</load_address>
         <run_address>0x166f0</run_address>
         <size>0x30</size>
         <input_file_ref idref="fl-10c"/>
      </object_component>
      <object_component id="oc-416">
         <name>.text</name>
         <load_address>0x16720</load_address>
         <run_address>0x16720</run_address>
         <size>0x2e</size>
         <input_file_ref idref="fl-102"/>
      </object_component>
      <object_component id="oc-1a6">
         <name>.text:GPIODirModeSet</name>
         <load_address>0x1674e</load_address>
         <run_address>0x1674e</run_address>
         <size>0x2a</size>
         <input_file_ref idref="fl-14"/>
      </object_component>
      <object_component id="oc-1c7">
         <name>.text</name>
         <load_address>0x16778</load_address>
         <run_address>0x16778</run_address>
         <size>0x24</size>
         <input_file_ref idref="fl-e9"/>
      </object_component>
      <object_component id="oc-1d0">
         <name>.text</name>
         <load_address>0x1679c</load_address>
         <run_address>0x1679c</run_address>
         <size>0x22</size>
         <input_file_ref idref="fl-e7"/>
      </object_component>
      <object_component id="oc-1b4">
         <name>.text:UARTDisable</name>
         <load_address>0x167c0</load_address>
         <run_address>0x167c0</run_address>
         <size>0x20</size>
         <input_file_ref idref="fl-18"/>
      </object_component>
      <object_component id="oc-3ea">
         <name>.text</name>
         <load_address>0x167e0</load_address>
         <run_address>0x167e0</run_address>
         <size>0x20</size>
         <input_file_ref idref="fl-106"/>
      </object_component>
      <object_component id="oc-432">
         <name>.text</name>
         <load_address>0x16800</load_address>
         <run_address>0x16800</run_address>
         <size>0x1c</size>
         <input_file_ref idref="fl-105"/>
      </object_component>
      <object_component id="oc-b4">
         <name>.text:GPIOPinTypeGPIOOutput</name>
         <load_address>0x1681c</load_address>
         <run_address>0x1681c</run_address>
         <size>0x18</size>
         <input_file_ref idref="fl-14"/>
      </object_component>
      <object_component id="oc-e4">
         <name>.text:TimerDisable</name>
         <load_address>0x16834</load_address>
         <run_address>0x16834</run_address>
         <size>0x18</size>
         <input_file_ref idref="fl-17"/>
      </object_component>
      <object_component id="oc-7b">
         <name>.text</name>
         <load_address>0x1684c</load_address>
         <run_address>0x1684c</run_address>
         <size>0x18</size>
         <input_file_ref idref="fl-f4"/>
      </object_component>
      <object_component id="oc-560">
         <name>.text</name>
         <load_address>0x16864</load_address>
         <run_address>0x16864</run_address>
         <size>0x18</size>
         <input_file_ref idref="fl-10b"/>
      </object_component>
      <object_component id="oc-42c">
         <name>.text</name>
         <load_address>0x1687c</load_address>
         <run_address>0x1687c</run_address>
         <size>0x16</size>
         <input_file_ref idref="fl-10a"/>
      </object_component>
      <object_component id="oc-1ba">
         <name>.text:UARTEnable</name>
         <load_address>0x16892</load_address>
         <run_address>0x16892</run_address>
         <size>0x14</size>
         <input_file_ref idref="fl-18"/>
      </object_component>
      <object_component id="oc-280">
         <name>.text</name>
         <load_address>0x168a8</load_address>
         <run_address>0x168a8</run_address>
         <size>0x14</size>
         <input_file_ref idref="fl-f2"/>
      </object_component>
      <object_component id="oc-58e">
         <name>.text</name>
         <load_address>0x168bc</load_address>
         <run_address>0x168bc</run_address>
         <size>0x14</size>
         <input_file_ref idref="fl-114"/>
      </object_component>
      <object_component id="oc-1d6">
         <name>.text</name>
         <load_address>0x168d0</load_address>
         <run_address>0x168d0</run_address>
         <size>0x14</size>
         <input_file_ref idref="fl-ef"/>
      </object_component>
      <object_component id="oc-1dc">
         <name>.text</name>
         <load_address>0x168e4</load_address>
         <run_address>0x168e4</run_address>
         <size>0x14</size>
         <input_file_ref idref="fl-f0"/>
      </object_component>
      <object_component id="oc-c6">
         <name>.text:GPIOPinTypeUART</name>
         <load_address>0x168f8</load_address>
         <run_address>0x168f8</run_address>
         <size>0x12</size>
         <input_file_ref idref="fl-14"/>
      </object_component>
      <object_component id="oc-f6">
         <name>.text:TimerLoadSet</name>
         <load_address>0x1690a</load_address>
         <run_address>0x1690a</run_address>
         <size>0x12</size>
         <input_file_ref idref="fl-17"/>
      </object_component>
      <object_component id="oc-f0">
         <name>.text:TimerPrescaleSet</name>
         <load_address>0x1691c</load_address>
         <run_address>0x1691c</run_address>
         <size>0x12</size>
         <input_file_ref idref="fl-17"/>
      </object_component>
      <object_component id="oc-108">
         <name>.text:IntMasterEnable</name>
         <load_address>0x1692e</load_address>
         <run_address>0x1692e</run_address>
         <size>0x10</size>
         <input_file_ref idref="fl-15"/>
      </object_component>
      <object_component id="oc-102">
         <name>.text:TimerEnable</name>
         <load_address>0x1693e</load_address>
         <run_address>0x1693e</run_address>
         <size>0xe</size>
         <input_file_ref idref="fl-17"/>
      </object_component>
      <object_component id="oc-13">
         <name>.text:decompress:none</name>
         <load_address>0x1694c</load_address>
         <run_address>0x1694c</run_address>
         <size>0xe</size>
         <input_file_ref idref="fl-e3"/>
      </object_component>
      <object_component id="oc-206">
         <name>.text:CPUcpsie</name>
         <load_address>0x1695a</load_address>
         <run_address>0x1695a</run_address>
         <size>0xc</size>
         <input_file_ref idref="fl-19"/>
      </object_component>
      <object_component id="oc-133">
         <name>.text:UARTFlowControlSet</name>
         <load_address>0x16966</load_address>
         <run_address>0x16966</run_address>
         <size>0xc</size>
         <input_file_ref idref="fl-18"/>
      </object_component>
      <object_component id="oc-2f">
         <name>.text</name>
         <load_address>0x16972</load_address>
         <run_address>0x16972</run_address>
         <size>0xc</size>
         <input_file_ref idref="fl-a"/>
      </object_component>
      <object_component id="oc-90">
         <name>.text:UARTIntDisable</name>
         <load_address>0x1697e</load_address>
         <run_address>0x1697e</run_address>
         <size>0xa</size>
         <input_file_ref idref="fl-18"/>
      </object_component>
      <object_component id="oc-96">
         <name>.text:UARTIntStatus</name>
         <load_address>0x16988</load_address>
         <run_address>0x16988</run_address>
         <size>0xa</size>
         <input_file_ref idref="fl-18"/>
      </object_component>
      <object_component id="oc-fc">
         <name>.text:TimerIntEnable</name>
         <load_address>0x16992</load_address>
         <run_address>0x16992</run_address>
         <size>0x8</size>
         <input_file_ref idref="fl-17"/>
      </object_component>
      <object_component id="oc-de">
         <name>.text:UARTIntEnable</name>
         <load_address>0x1699a</load_address>
         <run_address>0x1699a</run_address>
         <size>0x8</size>
         <input_file_ref idref="fl-18"/>
      </object_component>
      <object_component id="oc-10e">
         <name>.text:GPIOPinRead</name>
         <load_address>0x169a2</load_address>
         <run_address>0x169a2</run_address>
         <size>0x6</size>
         <input_file_ref idref="fl-14"/>
      </object_component>
      <object_component id="oc-ba">
         <name>.text:GPIOPinWrite</name>
         <load_address>0x169a8</load_address>
         <run_address>0x169a8</run_address>
         <size>0x6</size>
         <input_file_ref idref="fl-14"/>
      </object_component>
      <object_component id="oc-19c">
         <name>.text:SysCtlDelay</name>
         <load_address>0x169ae</load_address>
         <run_address>0x169ae</run_address>
         <size>0x6</size>
         <input_file_ref idref="fl-16"/>
      </object_component>
      <object_component id="oc-19">
         <name>.text:decompress:rle24</name>
         <load_address>0x169b4</load_address>
         <run_address>0x169b4</run_address>
         <size>0x6</size>
         <input_file_ref idref="fl-e4"/>
      </object_component>
      <object_component id="oc-a2">
         <name>.text:TimerIntClear</name>
         <load_address>0x169ba</load_address>
         <run_address>0x169ba</run_address>
         <size>0x4</size>
         <input_file_ref idref="fl-17"/>
      </object_component>
      <object_component id="oc-9c">
         <name>.text:UARTIntClear</name>
         <load_address>0x169be</load_address>
         <run_address>0x169be</run_address>
         <size>0x4</size>
         <input_file_ref idref="fl-18"/>
      </object_component>
      <object_component id="oc-6f">
         <name>.text</name>
         <load_address>0x169c2</load_address>
         <run_address>0x169c2</run_address>
         <size>0x4</size>
         <input_file_ref idref="fl-ec"/>
      </object_component>
      <object_component id="oc-59d">
         <name>.const:.string:_ctypes_</name>
         <load_address>0x169c8</load_address>
         <run_address>0x169c8</run_address>
         <size>0x101</size>
         <input_file_ref idref="fl-f8"/>
      </object_component>
      <object_component id="oc-1af">
         <name>.const:g_pui32GPIOBaseAddrs</name>
         <load_address>0x16acc</load_address>
         <run_address>0x16acc</run_address>
         <size>0x90</size>
         <input_file_ref idref="fl-14"/>
      </object_component>
      <object_component id="oc-1fa">
         <name>.const</name>
         <load_address>0x16b5c</load_address>
         <run_address>0x16b5c</run_address>
         <size>0x70</size>
         <input_file_ref idref="fl-15"/>
      </object_component>
      <object_component id="oc-2b5">
         <name>.const:g_psDaysToMonth</name>
         <load_address>0x16bcc</load_address>
         <run_address>0x16bcc</run_address>
         <size>0x30</size>
         <input_file_ref idref="fl-9"/>
      </object_component>
      <object_component id="oc-5ee">
         <name>.const:.string:RF_Calibration_Info</name>
         <load_address>0x16bfc</load_address>
         <run_address>0x16bfc</run_address>
         <size>0x2e</size>
         <input_file_ref idref="fl-4"/>
      </object_component>
      <object_component id="oc-5f3">
         <name>.const:.string:SetCodec16KHzValues</name>
         <load_address>0x16c2a</load_address>
         <run_address>0x16c2a</run_address>
         <size>0x26</size>
         <input_file_ref idref="fl-4"/>
      </object_component>
      <object_component id="oc-5f6">
         <name>.const:.string:SetCodec8KHzValues</name>
         <load_address>0x16c50</load_address>
         <run_address>0x16c50</run_address>
         <size>0x26</size>
         <input_file_ref idref="fl-4"/>
      </object_component>
      <object_component id="oc-2b8">
         <name>.const:g_pfExponents</name>
         <load_address>0x16c78</load_address>
         <run_address>0x16c78</run_address>
         <size>0x18</size>
         <input_file_ref idref="fl-9"/>
      </object_component>
      <object_component id="oc-3cb">
         <name>.const:.string</name>
         <load_address>0x16c90</load_address>
         <run_address>0x16c90</run_address>
         <size>0x12</size>
         <input_file_ref idref="fl-9"/>
      </object_component>
      <object_component id="oc-48c">
         <name>.const</name>
         <load_address>0x16ca4</load_address>
         <run_address>0x16ca4</run_address>
         <size>0x4</size>
         <input_file_ref idref="fl-3"/>
      </object_component>
      <object_component id="oc-2b2">
         <name>.const</name>
         <load_address>0x16ca8</load_address>
         <run_address>0x16ca8</run_address>
         <size>0x4</size>
         <input_file_ref idref="fl-9"/>
      </object_component>
      <object_component id="oc-8d8">
         <name>.cinit..data.load</name>
         <load_address>0x16cb0</load_address>
         <run_address>0x16cb0</run_address>
         <size>0xe5</size>
      </object_component>
      <object_component id="oc-8d9">
         <name>.cinit..bss.load</name>
         <load_address>0x16d98</load_address>
         <run_address>0x16d98</run_address>
         <size>0xb</size>
      </object_component>
      <object_component id="oc-8d6">
         <name>__TI_handler_table</name>
         <load_address>0x16da4</load_address>
         <run_address>0x16da4</run_address>
         <size>0x8</size>
      </object_component>
      <object_component id="oc-8d7">
         <name>__TI_cinit_table</name>
         <load_address>0x16dac</load_address>
         <run_address>0x16dac</run_address>
         <size>0x10</size>
      </object_component>
      <object_component id="oc-48f">
         <name>.patch</name>
         <load_address>0x26c</load_address>
         <run_address>0x26c</run_address>
         <size>0x1093</size>
         <input_file_ref idref="fl-3"/>
      </object_component>
      <object_component id="oc-4e6">
         <name>i.L2CA_Event_Callback</name>
         <load_address>0x1300</load_address>
         <run_address>0x1300</run_address>
         <size>0x706</size>
         <input_file_ref idref="fl-21"/>
      </object_component>
      <object_component id="oc-476">
         <name>.constdata</name>
         <load_address>0x1a06</load_address>
         <run_address>0x1a06</run_address>
         <size>0x2</size>
         <input_file_ref idref="fl-1a"/>
      </object_component>
      <object_component id="oc-4f0">
         <name>i.HCI_Event_Callback</name>
         <load_address>0x1a08</load_address>
         <run_address>0x1a08</run_address>
         <size>0x6b4</size>
         <input_file_ref idref="fl-1f"/>
      </object_component>
      <object_component id="oc-4b5">
         <name>i.AsynchronousHCIEventCallback</name>
         <load_address>0x20bc</load_address>
         <run_address>0x20bc</run_address>
         <size>0x654</size>
         <input_file_ref idref="fl-1d"/>
      </object_component>
      <object_component id="oc-4dd">
         <name>i.HCI_Event_Callback</name>
         <load_address>0x2710</load_address>
         <run_address>0x2710</run_address>
         <size>0x500</size>
         <input_file_ref idref="fl-1e"/>
      </object_component>
      <object_component id="oc-669">
         <name>i.ProcessL2CAPDataPacket</name>
         <load_address>0x2c10</load_address>
         <run_address>0x2c10</run_address>
         <size>0x3d6</size>
         <input_file_ref idref="fl-1e"/>
      </object_component>
      <object_component id="oc-32f">
         <name>i.BSC_ReleaseListLock</name>
         <load_address>0x2fe6</load_address>
         <run_address>0x2fe6</run_address>
         <size>0x2</size>
         <input_file_ref idref="fl-1b"/>
      </object_component>
      <object_component id="oc-259">
         <name>i.BSC_Initialize</name>
         <load_address>0x2fe8</load_address>
         <run_address>0x2fe8</run_address>
         <size>0x30c</size>
         <input_file_ref idref="fl-1b"/>
      </object_component>
      <object_component id="oc-49c">
         <name>i.HCI_DriverCallback</name>
         <load_address>0x32f4</load_address>
         <run_address>0x32f4</run_address>
         <size>0x28c</size>
         <input_file_ref idref="fl-28"/>
      </object_component>
      <object_component id="oc-474">
         <name>i.ATT_PDU_Event</name>
         <load_address>0x3580</load_address>
         <run_address>0x3580</run_address>
         <size>0x28a</size>
         <input_file_ref idref="fl-1a"/>
      </object_component>
      <object_component id="oc-696">
         <name>i.ProcessServiceSearchAttributeRequest</name>
         <load_address>0x380a</load_address>
         <run_address>0x380a</run_address>
         <size>0x26a</size>
         <input_file_ref idref="fl-21"/>
      </object_component>
      <object_component id="oc-5ca">
         <name>i.ReadByUUIDRequestEvent</name>
         <load_address>0x3a74</load_address>
         <run_address>0x3a74</run_address>
         <size>0x234</size>
         <input_file_ref idref="fl-1a"/>
      </object_component>
      <object_component id="oc-653">
         <name>i.LP_ConnectCfm</name>
         <load_address>0x3ca8</load_address>
         <run_address>0x3ca8</run_address>
         <size>0x22e</size>
         <input_file_ref idref="fl-1e"/>
      </object_component>
      <object_component id="oc-339">
         <name>i.BSC_UnLockBluetoothStack</name>
         <load_address>0x3ed6</load_address>
         <run_address>0x3ed6</run_address>
         <size>0x2</size>
         <input_file_ref idref="fl-1b"/>
      </object_component>
      <object_component id="oc-359">
         <name>i.HCI_Initialize</name>
         <load_address>0x3ed8</load_address>
         <run_address>0x3ed8</run_address>
         <size>0x224</size>
         <input_file_ref idref="fl-1d"/>
      </object_component>
      <object_component id="oc-36b">
         <name>i.SCO_Initialize</name>
         <load_address>0x40fc</load_address>
         <run_address>0x40fc</run_address>
         <size>0x220</size>
         <input_file_ref idref="fl-24"/>
      </object_component>
      <object_component id="oc-4bb">
         <name>i.UpdateHCICallbackThread</name>
         <load_address>0x431c</load_address>
         <run_address>0x431c</run_address>
         <size>0x21a</size>
         <input_file_ref idref="fl-1d"/>
      </object_component>
      <object_component id="oc-369">
         <name>i.CleanupCertificateModule</name>
         <load_address>0x4536</load_address>
         <run_address>0x4536</run_address>
         <size>0x2</size>
         <input_file_ref idref="fl-27"/>
      </object_component>
      <object_component id="oc-7a4">
         <name>i.L2CAP_ConfigRequestEvent</name>
         <load_address>0x4538</load_address>
         <run_address>0x4538</run_address>
         <size>0x20c</size>
         <input_file_ref idref="fl-1e"/>
      </object_component>
      <object_component id="oc-36d">
         <name>i.L2CAP_Initialize</name>
         <load_address>0x4744</load_address>
         <run_address>0x4744</run_address>
         <size>0x208</size>
         <input_file_ref idref="fl-1e"/>
      </object_component>
      <object_component id="oc-76f">
         <name>i.ProtocolEventCallback</name>
         <load_address>0x494c</load_address>
         <run_address>0x494c</run_address>
         <size>0x208</size>
         <input_file_ref idref="fl-29"/>
      </object_component>
      <object_component id="oc-7c6">
         <name>i.CompareServiceRecordWithServiceList</name>
         <load_address>0x4b54</load_address>
         <run_address>0x4b54</run_address>
         <size>0x1fe</size>
         <input_file_ref idref="fl-21"/>
      </object_component>
      <object_component id="oc-611">
         <name>i.HCITR_COMDataCallback_UART</name>
         <load_address>0x4d52</load_address>
         <run_address>0x4d52</run_address>
         <size>0x1d8</size>
         <input_file_ref idref="fl-29"/>
      </object_component>
      <object_component id="oc-73b">
         <name>i.HandleReadRequestEvent</name>
         <load_address>0x4f2a</load_address>
         <run_address>0x4f2a</run_address>
         <size>0x1d0</size>
         <input_file_ref idref="fl-1a"/>
      </object_component>
      <object_component id="oc-33e">
         <name>i.GATT_ServerEventCallback</name>
         <load_address>0x50fa</load_address>
         <run_address>0x50fa</run_address>
         <size>0x2</size>
         <input_file_ref idref="fl-1a"/>
      </object_component>
      <object_component id="oc-78a">
         <name>i.ProcessSendQueueData</name>
         <load_address>0x50fc</load_address>
         <run_address>0x50fc</run_address>
         <size>0x1c0</size>
         <input_file_ref idref="fl-1e"/>
      </object_component>
      <object_component id="oc-692">
         <name>i.ProcessServiceAttributeRequest</name>
         <load_address>0x52bc</load_address>
         <run_address>0x52bc</run_address>
         <size>0x1ac</size>
         <input_file_ref idref="fl-21"/>
      </object_component>
      <object_component id="oc-68e">
         <name>i.ProcessServiceSearchRequest</name>
         <load_address>0x5468</load_address>
         <run_address>0x5468</run_address>
         <size>0x19c</size>
         <input_file_ref idref="fl-21"/>
      </object_component>
      <object_component id="oc-261">
         <name>i.GAP_Set_Discoverability_Mode</name>
         <load_address>0x5604</load_address>
         <run_address>0x5604</run_address>
         <size>0x18c</size>
         <input_file_ref idref="fl-1f"/>
      </object_component>
      <object_component id="oc-83a">
         <name>i.TWUART_ReceiveBytes</name>
         <load_address>0x5790</load_address>
         <run_address>0x5790</run_address>
         <size>0x18c</size>
         <input_file_ref idref="fl-2b"/>
      </object_component>
      <object_component id="oc-682">
         <name>i._L2CA_Config_Request</name>
         <load_address>0x591c</load_address>
         <run_address>0x591c</run_address>
         <size>0x18c</size>
         <input_file_ref idref="fl-1e"/>
      </object_component>
      <object_component id="oc-79e">
         <name>i.L2CAP_RequestTimeout</name>
         <load_address>0x5aa8</load_address>
         <run_address>0x5aa8</run_address>
         <size>0x18a</size>
         <input_file_ref idref="fl-1e"/>
      </object_component>
      <object_component id="oc-379">
         <name>i.OTP_Cleanup</name>
         <load_address>0x5c32</load_address>
         <run_address>0x5c32</run_address>
         <size>0x2</size>
         <input_file_ref idref="fl-26"/>
      </object_component>
      <object_component id="oc-7a0">
         <name>i.L2CAP_ConnectRequestEvent</name>
         <load_address>0x5c34</load_address>
         <run_address>0x5c34</run_address>
         <size>0x184</size>
         <input_file_ref idref="fl-1e"/>
      </object_component>
      <object_component id="oc-33c">
         <name>i.L2CA_Event_Callback</name>
         <load_address>0x5db8</load_address>
         <run_address>0x5db8</run_address>
         <size>0x184</size>
         <input_file_ref idref="fl-1a"/>
      </object_component>
      <object_component id="oc-63f">
         <name>i.LP_ConnectCfmNeg</name>
         <load_address>0x5f3c</load_address>
         <run_address>0x5f3c</run_address>
         <size>0x17c</size>
         <input_file_ref idref="fl-1e"/>
      </object_component>
      <object_component id="oc-485">
         <name>i.HCI_Send_Raw_Command</name>
         <load_address>0x60b8</load_address>
         <run_address>0x60b8</run_address>
         <size>0x174</size>
         <input_file_ref idref="fl-1d"/>
      </object_component>
      <object_component id="oc-4df">
         <name>i.HCI_ACL_Data_Callback</name>
         <load_address>0x622c</load_address>
         <run_address>0x622c</run_address>
         <size>0x168</size>
         <input_file_ref idref="fl-1e"/>
      </object_component>
      <object_component id="oc-84c">
         <name>i.ParseOptionsToAPI</name>
         <load_address>0x6394</load_address>
         <run_address>0x6394</run_address>
         <size>0x168</size>
         <input_file_ref idref="fl-1e"/>
      </object_component>
      <object_component id="oc-64d">
         <name>i.LP_DisconnectCfm</name>
         <load_address>0x64fc</load_address>
         <run_address>0x64fc</run_address>
         <size>0x15e</size>
         <input_file_ref idref="fl-1e"/>
      </object_component>
      <object_component id="oc-349">
         <name>i.ReleaseBluetoothStackInformation</name>
         <load_address>0x665a</load_address>
         <run_address>0x665a</run_address>
         <size>0x2</size>
         <input_file_ref idref="fl-1b"/>
      </object_component>
      <object_component id="oc-24c">
         <name>i.GATT_Initialize</name>
         <load_address>0x665c</load_address>
         <run_address>0x665c</run_address>
         <size>0x15c</size>
         <input_file_ref idref="fl-1a"/>
      </object_component>
      <object_component id="oc-893">
         <name>i.ProcessReceivedPacket</name>
         <load_address>0x67b8</load_address>
         <run_address>0x67b8</run_address>
         <size>0x15c</size>
         <input_file_ref idref="fl-2b"/>
      </object_component>
      <object_component id="oc-6df">
         <name>i.HCI_SendPacket</name>
         <load_address>0x6914</load_address>
         <run_address>0x6914</run_address>
         <size>0x154</size>
         <input_file_ref idref="fl-28"/>
      </object_component>
      <object_component id="oc-7cc">
         <name>i.ParseRecordAttributes</name>
         <load_address>0x6a68</load_address>
         <run_address>0x6a68</run_address>
         <size>0x144</size>
         <input_file_ref idref="fl-21"/>
      </object_component>
      <object_component id="oc-86e">
         <name>i.ReadByUUIDRequestResponse</name>
         <load_address>0x6bac</load_address>
         <run_address>0x6bac</run_address>
         <size>0x130</size>
         <input_file_ref idref="fl-1a"/>
      </object_component>
      <object_component id="oc-7a2">
         <name>i.L2CAP_ConnectResponseEvent</name>
         <load_address>0x6cdc</load_address>
         <run_address>0x6cdc</run_address>
         <size>0x120</size>
         <input_file_ref idref="fl-1e"/>
      </object_component>
      <object_component id="oc-4ec">
         <name>i.GAP_LE_Initialize</name>
         <load_address>0x6dfc</load_address>
         <run_address>0x6dfc</run_address>
         <size>0x110</size>
         <input_file_ref idref="fl-20"/>
      </object_component>
      <object_component id="oc-870">
         <name>i.CheckQueuedDataWrite</name>
         <load_address>0x6f0c</load_address>
         <run_address>0x6f0c</run_address>
         <size>0x108</size>
         <input_file_ref idref="fl-1e"/>
      </object_component>
      <object_component id="oc-81f">
         <name>i.L2CA_Enhanced_Fixed_Channel_Data_Write</name>
         <load_address>0x7014</load_address>
         <run_address>0x7014</run_address>
         <size>0x104</size>
         <input_file_ref idref="fl-1e"/>
      </object_component>
      <object_component id="oc-690">
         <name>i.ParseAttributeIDList</name>
         <load_address>0x7118</load_address>
         <run_address>0x7118</run_address>
         <size>0x102</size>
         <input_file_ref idref="fl-21"/>
      </object_component>
      <object_component id="oc-895">
         <name>i.SendDataPacket</name>
         <load_address>0x721a</load_address>
         <run_address>0x721a</run_address>
         <size>0xfe</size>
         <input_file_ref idref="fl-1d"/>
      </object_component>
      <object_component id="oc-497">
         <name>i.OpenComm</name>
         <load_address>0x7318</load_address>
         <run_address>0x7318</run_address>
         <size>0xfc</size>
         <input_file_ref idref="fl-29"/>
      </object_component>
      <object_component id="oc-4d1">
         <name>i._HCI_Event_Callback</name>
         <load_address>0x7414</load_address>
         <run_address>0x7414</run_address>
         <size>0xf8</size>
         <input_file_ref idref="fl-24"/>
      </object_component>
      <object_component id="oc-7e6">
         <name>i.HCILEScanningEventHandler</name>
         <load_address>0x750c</load_address>
         <run_address>0x750c</run_address>
         <size>0xf2</size>
         <input_file_ref idref="fl-1d"/>
      </object_component>
      <object_component id="oc-7be">
         <name>i.L2CAP_ConfigRequestResponse</name>
         <load_address>0x75fe</load_address>
         <run_address>0x75fe</run_address>
         <size>0xf0</size>
         <input_file_ref idref="fl-1e"/>
      </object_component>
      <object_component id="oc-548">
         <name>i.L2CA_Get_Link_Connection_State</name>
         <load_address>0x76ee</load_address>
         <run_address>0x76ee</run_address>
         <size>0xec</size>
         <input_file_ref idref="fl-1e"/>
      </object_component>
      <object_component id="oc-8b0">
         <name>i.ProcessTWUARTMessage</name>
         <load_address>0x77dc</load_address>
         <run_address>0x77dc</run_address>
         <size>0xe8</size>
         <input_file_ref idref="fl-2b"/>
      </object_component>
      <object_component id="oc-24e">
         <name>i.GATT_Register_Service</name>
         <load_address>0x78c4</load_address>
         <run_address>0x78c4</run_address>
         <size>0xe0</size>
         <input_file_ref idref="fl-1a"/>
      </object_component>
      <object_component id="oc-617">
         <name>i.SendHCIPacketToLowerDriver</name>
         <load_address>0x79a4</load_address>
         <run_address>0x79a4</run_address>
         <size>0xe0</size>
         <input_file_ref idref="fl-28"/>
      </object_component>
      <object_component id="oc-7bc">
         <name>i.ParseAPIOptions</name>
         <load_address>0x7a84</load_address>
         <run_address>0x7a84</run_address>
         <size>0xdc</size>
         <input_file_ref idref="fl-1e"/>
      </object_component>
      <object_component id="oc-345">
         <name>i.AddServiceInformation</name>
         <load_address>0x7b60</load_address>
         <run_address>0x7b60</run_address>
         <size>0xd8</size>
         <input_file_ref idref="fl-1a"/>
      </object_component>
      <object_component id="oc-821">
         <name>i.ReconfigureComm</name>
         <load_address>0x7c38</load_address>
         <run_address>0x7c38</run_address>
         <size>0xd8</size>
         <input_file_ref idref="fl-29"/>
      </object_component>
      <object_component id="oc-263">
         <name>i.GAP_Set_Pairability_Mode</name>
         <load_address>0x7d10</load_address>
         <run_address>0x7d10</run_address>
         <size>0xd6</size>
         <input_file_ref idref="fl-1f"/>
      </object_component>
      <object_component id="oc-792">
         <name>i.L2CAP_InformationRequestResponse</name>
         <load_address>0x7de6</load_address>
         <run_address>0x7de6</run_address>
         <size>0xd4</size>
         <input_file_ref idref="fl-1e"/>
      </object_component>
      <object_component id="oc-373">
         <name>i.GAP_Initialize</name>
         <load_address>0x7ebc</load_address>
         <run_address>0x7ebc</run_address>
         <size>0xd0</size>
         <input_file_ref idref="fl-1f"/>
      </object_component>
      <object_component id="oc-68a">
         <name>i.ParseServiceSearchPattern</name>
         <load_address>0x7f8c</load_address>
         <run_address>0x7f8c</run_address>
         <size>0xd0</size>
         <input_file_ref idref="fl-21"/>
      </object_component>
      <object_component id="oc-5d6">
         <name>i.GenericWriteRequestEvent</name>
         <load_address>0x805c</load_address>
         <run_address>0x805c</run_address>
         <size>0xcc</size>
         <input_file_ref idref="fl-1a"/>
      </object_component>
      <object_component id="oc-88d">
         <name>i.SendSLIPPacket</name>
         <load_address>0x8128</load_address>
         <run_address>0x8128</run_address>
         <size>0xc8</size>
         <input_file_ref idref="fl-2b"/>
      </object_component>
      <object_component id="oc-81d">
         <name>i.GATT_Read_Response</name>
         <load_address>0x81f0</load_address>
         <run_address>0x81f0</run_address>
         <size>0xc4</size>
         <input_file_ref idref="fl-1a"/>
      </object_component>
      <object_component id="oc-357">
         <name>i.HCI_OpenDriver</name>
         <load_address>0x82b4</load_address>
         <run_address>0x82b4</run_address>
         <size>0xc4</size>
         <input_file_ref idref="fl-28"/>
      </object_component>
      <object_component id="oc-7a6">
         <name>i.L2CAP_ConfigResponseEvent</name>
         <load_address>0x8378</load_address>
         <run_address>0x8378</run_address>
         <size>0xc2</size>
         <input_file_ref idref="fl-1e"/>
      </object_component>
      <object_component id="oc-512">
         <name>i.HandleChannelDisconnection</name>
         <load_address>0x843c</load_address>
         <run_address>0x843c</run_address>
         <size>0xc0</size>
         <input_file_ref idref="fl-1e"/>
      </object_component>
      <object_component id="oc-371">
         <name>i.RFCOMM_Initialize</name>
         <load_address>0x84fc</load_address>
         <run_address>0x84fc</run_address>
         <size>0xc0</size>
         <input_file_ref idref="fl-22"/>
      </object_component>
      <object_component id="oc-65d">
         <name>i.L2CAP_ConnectRequestResponse</name>
         <load_address>0x85bc</load_address>
         <run_address>0x85bc</run_address>
         <size>0xbc</size>
         <input_file_ref idref="fl-1e"/>
      </object_component>
      <object_component id="oc-36f">
         <name>i.SDP_Initialize</name>
         <load_address>0x8678</load_address>
         <run_address>0x8678</run_address>
         <size>0xb8</size>
         <input_file_ref idref="fl-21"/>
      </object_component>
      <object_component id="oc-854">
         <name>i._L2CA_Enhanced_Data_Write</name>
         <load_address>0x8730</load_address>
         <run_address>0x8730</run_address>
         <size>0xb8</size>
         <input_file_ref idref="fl-1e"/>
      </object_component>
      <object_component id="oc-772">
         <name>i.SendCommPacket</name>
         <load_address>0x87e8</load_address>
         <run_address>0x87e8</run_address>
         <size>0xb4</size>
         <input_file_ref idref="fl-29"/>
      </object_component>
      <object_component id="oc-3b0">
         <name>i.GAP_Cancel_Bonding</name>
         <load_address>0x889c</load_address>
         <run_address>0x889c</run_address>
         <size>0xb2</size>
         <input_file_ref idref="fl-1f"/>
      </object_component>
      <object_component id="oc-834">
         <name>i.TWUART_Reconfigure</name>
         <load_address>0x894e</load_address>
         <run_address>0x894e</run_address>
         <size>0xb2</size>
         <input_file_ref idref="fl-2b"/>
      </object_component>
      <object_component id="oc-67c">
         <name>i._L2CA_Connect_Response</name>
         <load_address>0x8a00</load_address>
         <run_address>0x8a00</run_address>
         <size>0xb0</size>
         <input_file_ref idref="fl-1e"/>
      </object_component>
      <object_component id="oc-76d">
         <name>i.TWUART_Initialize</name>
         <load_address>0x8ab0</load_address>
         <run_address>0x8ab0</run_address>
         <size>0xac</size>
         <input_file_ref idref="fl-2b"/>
      </object_component>
      <object_component id="oc-6bb">
         <name>i.GAP_Authenticate_Remote_Device</name>
         <load_address>0x8b5c</load_address>
         <run_address>0x8b5c</run_address>
         <size>0xaa</size>
         <input_file_ref idref="fl-1f"/>
      </object_component>
      <object_component id="oc-852">
         <name>i.GetNextServiceAttribute</name>
         <load_address>0x8c08</load_address>
         <run_address>0x8c08</run_address>
         <size>0xa8</size>
         <input_file_ref idref="fl-21"/>
      </object_component>
      <object_component id="oc-5ce">
         <name>i.GenericReadRequestEvent</name>
         <load_address>0x8cb0</load_address>
         <run_address>0x8cb0</run_address>
         <size>0xa6</size>
         <input_file_ref idref="fl-1a"/>
      </object_component>
      <object_component id="oc-470">
         <name>i.FormatAndDispatchConnectionEvent</name>
         <load_address>0x8d56</load_address>
         <run_address>0x8d56</run_address>
         <size>0xa4</size>
         <input_file_ref idref="fl-1a"/>
      </object_component>
      <object_component id="oc-649">
         <name>i.LP_ConnectIndication</name>
         <load_address>0x8dfa</load_address>
         <run_address>0x8dfa</run_address>
         <size>0xa4</size>
         <input_file_ref idref="fl-1e"/>
      </object_component>
      <object_component id="oc-635">
         <name>i.RegisterCallback</name>
         <load_address>0x8ea0</load_address>
         <run_address>0x8ea0</run_address>
         <size>0xa4</size>
         <input_file_ref idref="fl-1d"/>
      </object_component>
      <object_component id="oc-8a0">
         <name>i.FragmentPacket</name>
         <load_address>0x8f44</load_address>
         <run_address>0x8f44</run_address>
         <size>0xa2</size>
         <input_file_ref idref="fl-1e"/>
      </object_component>
      <object_component id="oc-661">
         <name>i.DelayedAuthenticationProcess</name>
         <load_address>0x8fe8</load_address>
         <run_address>0x8fe8</run_address>
         <size>0xa0</size>
         <input_file_ref idref="fl-1e"/>
      </object_component>
      <object_component id="oc-790">
         <name>i.L2CAP_EchoRequestResponse</name>
         <load_address>0x9088</load_address>
         <run_address>0x9088</run_address>
         <size>0x9e</size>
         <input_file_ref idref="fl-1e"/>
      </object_component>
      <object_component id="oc-838">
         <name>i.TWUART_TransmitBytes</name>
         <load_address>0x9126</load_address>
         <run_address>0x9126</run_address>
         <size>0x9c</size>
         <input_file_ref idref="fl-2b"/>
      </object_component>
      <object_component id="oc-777">
         <name>i._HCI_Host_Number_Of_Completed_Packets</name>
         <load_address>0x91c4</load_address>
         <run_address>0x91c4</run_address>
         <size>0x9c</size>
         <input_file_ref idref="fl-1d"/>
      </object_component>
      <object_component id="oc-75d">
         <name>i._HCI_Set_Event_Filter</name>
         <load_address>0x9260</load_address>
         <run_address>0x9260</run_address>
         <size>0x9c</size>
         <input_file_ref idref="fl-1d"/>
      </object_component>
      <object_component id="oc-737">
         <name>i.CompareUUID</name>
         <load_address>0x92fc</load_address>
         <run_address>0x92fc</run_address>
         <size>0x98</size>
         <input_file_ref idref="fl-1a"/>
      </object_component>
      <object_component id="oc-7b4">
         <name>i.L2CAP_RejectCommand</name>
         <load_address>0x9394</load_address>
         <run_address>0x9394</run_address>
         <size>0x98</size>
         <input_file_ref idref="fl-1e"/>
      </object_component>
      <object_component id="oc-5e4">
         <name>i.UpdateAndExpireTimers</name>
         <load_address>0x942c</load_address>
         <run_address>0x942c</run_address>
         <size>0x98</size>
         <input_file_ref idref="fl-1c"/>
      </object_component>
      <object_component id="oc-68c">
         <name>i.CalculateDataTypeLength</name>
         <load_address>0x94c4</load_address>
         <run_address>0x94c4</run_address>
         <size>0x96</size>
         <input_file_ref idref="fl-21"/>
      </object_component>
      <object_component id="oc-4a6">
         <name>i.HCI_Reset</name>
         <load_address>0x955a</load_address>
         <run_address>0x955a</run_address>
         <size>0x96</size>
         <input_file_ref idref="fl-1d"/>
      </object_component>
      <object_component id="oc-8b4">
         <name>i.ParseConfigurationField</name>
         <load_address>0x95f0</load_address>
         <run_address>0x95f0</run_address>
         <size>0x96</size>
         <input_file_ref idref="fl-2b"/>
      </object_component>
      <object_component id="oc-81b">
         <name>i.GATT_Error_Response</name>
         <load_address>0x9688</load_address>
         <run_address>0x9688</run_address>
         <size>0x94</size>
         <input_file_ref idref="fl-1a"/>
      </object_component>
      <object_component id="oc-341">
         <name>i.ValidateServiceArray</name>
         <load_address>0x971c</load_address>
         <run_address>0x971c</run_address>
         <size>0x94</size>
         <input_file_ref idref="fl-1a"/>
      </object_component>
      <object_component id="oc-6b4">
         <name>i.GAP_Set_Encryption_Mode</name>
         <load_address>0x97b0</load_address>
         <run_address>0x97b0</run_address>
         <size>0x92</size>
         <input_file_ref idref="fl-1f"/>
      </object_component>
      <object_component id="oc-66b">
         <name>i.VerifyACLHeader</name>
         <load_address>0x9842</load_address>
         <run_address>0x9842</run_address>
         <size>0x92</size>
         <input_file_ref idref="fl-1e"/>
      </object_component>
      <object_component id="oc-538">
         <name>i.HCISendPacket</name>
         <load_address>0x98d4</load_address>
         <run_address>0x98d4</run_address>
         <size>0x90</size>
         <input_file_ref idref="fl-1d"/>
      </object_component>
      <object_component id="oc-7b0">
         <name>i.L2CAP_ConnectionParameterUpdateRequestEvent</name>
         <load_address>0x9964</load_address>
         <run_address>0x9964</run_address>
         <size>0x90</size>
         <input_file_ref idref="fl-1e"/>
      </object_component>
      <object_component id="oc-69a">
         <name>i._L2CA_Disconnect_Request</name>
         <load_address>0x99f4</load_address>
         <run_address>0x99f4</run_address>
         <size>0x90</size>
         <input_file_ref idref="fl-1e"/>
      </object_component>
      <object_component id="oc-7d4">
         <name>i.L2CAP_DisconnectRequestResponse</name>
         <load_address>0x9a84</load_address>
         <run_address>0x9a84</run_address>
         <size>0x8e</size>
         <input_file_ref idref="fl-1e"/>
      </object_component>
      <object_component id="oc-678">
         <name>i.ProcessSDPConnectionRequest</name>
         <load_address>0x9b12</load_address>
         <run_address>0x9b12</run_address>
         <size>0x8e</size>
         <input_file_ref idref="fl-21"/>
      </object_component>
      <object_component id="oc-8ac">
         <name>i.EncodeAndSend</name>
         <load_address>0x9ba0</load_address>
         <run_address>0x9ba0</run_address>
         <size>0x8c</size>
         <input_file_ref idref="fl-2b"/>
      </object_component>
      <object_component id="oc-389">
         <name>i.HCI_Cleanup</name>
         <load_address>0x9c2c</load_address>
         <run_address>0x9c2c</run_address>
         <size>0x8c</size>
         <input_file_ref idref="fl-1d"/>
      </object_component>
      <object_component id="oc-796">
         <name>i.L2CAP_DataWrite</name>
         <load_address>0x9cb8</load_address>
         <run_address>0x9cb8</run_address>
         <size>0x8c</size>
         <input_file_ref idref="fl-1e"/>
      </object_component>
      <object_component id="oc-385">
         <name>i.SCO_Cleanup</name>
         <load_address>0x9d44</load_address>
         <run_address>0x9d44</run_address>
         <size>0x8c</size>
         <input_file_ref idref="fl-24"/>
      </object_component>
      <object_component id="oc-815">
         <name>i.GATT_Request_Timeout</name>
         <load_address>0x9dd0</load_address>
         <run_address>0x9dd0</run_address>
         <size>0x8a</size>
         <input_file_ref idref="fl-1a"/>
      </object_component>
      <object_component id="oc-684">
         <name>i._L2CA_Config_Response</name>
         <load_address>0x9e5a</load_address>
         <run_address>0x9e5a</run_address>
         <size>0x8a</size>
         <input_file_ref idref="fl-1e"/>
      </object_component>
      <object_component id="oc-813">
         <name>i.BSC_StartTimer</name>
         <load_address>0x9ee4</load_address>
         <run_address>0x9ee4</run_address>
         <size>0x88</size>
         <input_file_ref idref="fl-1b"/>
      </object_component>
      <object_component id="oc-78e">
         <name>i.CreateNewIdentifierEntry</name>
         <load_address>0x9f6c</load_address>
         <run_address>0x9f6c</run_address>
         <size>0x88</size>
         <input_file_ref idref="fl-1e"/>
      </object_component>
      <object_component id="oc-82e">
         <name>i.HCILL_TransmitBytes</name>
         <load_address>0x9ff4</load_address>
         <run_address>0x9ff4</run_address>
         <size>0x88</size>
         <input_file_ref idref="fl-2a"/>
      </object_component>
      <object_component id="oc-7a8">
[...]
         <object_component_ref idref="oc-836"/>
      </symbol>
      <symbol id="sm-fae">
         <name>TWUART_Shutdown</name>
         <value>0xda6d</value>
         <object_component_ref idref="oc-832"/>
      </symbol>
      <symbol id="sm-faf">
         <name>TWUART_TransmitBytes</name>
         <value>0x9127</value>
         <object_component_ref idref="oc-838"/>
      </symbol>
      <symbol id="sm-fc1">
         <name>_c_int00</name>
         <value>0x16465</value>
         <object_component_ref idref="oc-25"/>
      </symbol>
      <symbol id="sm-fc2">
         <name>__stack</name>
         <value>0x20004ea8</value>
         <object_component_ref idref="oc-2b"/>
      </symbol>
      <symbol id="sm-fd9">
         <name>__TI_decompress_none</name>
         <value>0x1694d</value>
         <object_component_ref idref="oc-13"/>
      </symbol>
      <symbol id="sm-ffc">
         <name>__TI_decompress_rle24</name>
         <value>0x169b5</value>
         <object_component_ref idref="oc-19"/>
      </symbol>
      <symbol id="sm-101e">
         <name>C$$EXIT</name>
         <value>0x164b9</value>
         <object_component_ref idref="oc-81"/>
      </symbol>
      <symbol id="sm-101f">
         <name>abort</name>
         <value>0x164bd</value>
         <object_component_ref idref="oc-81"/>
      </symbol>
      <symbol id="sm-1020">
         <name>exit</name>
         <value>0x164c5</value>
         <object_component_ref idref="oc-81"/>
      </symbol>
      <symbol id="sm-1021">
         <name>__TI_dtors_ptr</name>
         <value>0x20005d04</value>
         <object_component_ref idref="oc-17f"/>
      </symbol>
      <symbol id="sm-1022">
         <name>__TI_cleanup_ptr</name>
         <value>0x20005d00</value>
         <object_component_ref idref="oc-17f"/>
      </symbol>
      <symbol id="sm-1023">
         <name>__TI_enable_exit_profile_output</name>
         <value>0x20005d08</value>
         <object_component_ref idref="oc-17f"/>
      </symbol>
      <symbol id="sm-1033">
         <name>memcmp</name>
         <value>0x1679d</value>
         <object_component_ref idref="oc-1d0"/>
      </symbol>
      <symbol id="sm-104e">
         <name>memcpy</name>
         <value>0x15d0d</value>
         <object_component_ref idref="oc-44"/>
      </symbol>
      <symbol id="sm-104f">
         <name>__aeabi_memcpy</name>
         <value>0x15d0d</value>
         <object_component_ref idref="oc-44"/>
      </symbol>
      <symbol id="sm-1050">
         <name>__aeabi_memcpy8</name>
         <value>0x15d0d</value>
         <object_component_ref idref="oc-44"/>
      </symbol>
      <symbol id="sm-1051">
         <name>__aeabi_memcpy4</name>
         <value>0x15d0d</value>
         <object_component_ref idref="oc-44"/>
      </symbol>
      <symbol id="sm-1061">
         <name>memmove</name>
         <value>0x16779</value>
         <object_component_ref idref="oc-1c7"/>
      </symbol>
      <symbol id="sm-1070">
         <name>__aeabi_memset</name>
         <value>0x15fe7</value>
         <object_component_ref idref="oc-5d"/>
      </symbol>
      <symbol id="sm-1071">
         <name>memset</name>
         <value>0x15fed</value>
         <object_component_ref idref="oc-5d"/>
      </symbol>
      <symbol id="sm-1072">
         <name>__aeabi_memset8</name>
         <value>0x15fe7</value>
         <object_component_ref idref="oc-5d"/>
      </symbol>
      <symbol id="sm-1073">
         <name>__aeabi_memset4</name>
         <value>0x15fe7</value>
         <object_component_ref idref="oc-5d"/>
      </symbol>
      <symbol id="sm-1074">
         <name>__aeabi_memclr8</name>
         <value>0x15fe5</value>
         <object_component_ref idref="oc-5d"/>
      </symbol>
      <symbol id="sm-1075">
         <name>__aeabi_memclr4</name>
         <value>0x15fe5</value>
         <object_component_ref idref="oc-5d"/>
      </symbol>
      <symbol id="sm-1076">
         <name>__aeabi_memclr</name>
         <value>0x15fe5</value>
         <object_component_ref idref="oc-5d"/>
      </symbol>
      <symbol id="sm-1080">
         <name>__mpu_init</name>
         <value>0x144b7</value>
         <object_component_ref idref="oc-69"/>
      </symbol>
      <symbol id="sm-108a">
         <name>_system_pre_init</name>
         <value>0x169c3</value>
         <object_component_ref idref="oc-6f"/>
      </symbol>
      <symbol id="sm-10a8">
         <name>printf</name>
         <value>0x160d9</value>
         <object_component_ref idref="oc-246"/>
      </symbol>
      <symbol id="sm-10b0">
         <name>main_func_sp</name>
         <value>0x20005d58</value>
         <object_component_ref idref="oc-87"/>
      </symbol>
      <symbol id="sm-10be">
         <name>strcpy</name>
         <value>0x168d1</value>
         <object_component_ref idref="oc-1d6"/>
      </symbol>
      <symbol id="sm-10cc">
         <name>strlen</name>
         <value>0x168e5</value>
         <object_component_ref idref="oc-1dc"/>
      </symbol>
      <symbol id="sm-10db">
         <name>__aeabi_uidivmod</name>
         <value>0x1667b</value>
         <object_component_ref idref="oc-2ad"/>
      </symbol>
      <symbol id="sm-10dc">
         <name>__aeabi_uidiv</name>
         <value>0x1667b</value>
         <object_component_ref idref="oc-2ad"/>
      </symbol>
      <symbol id="sm-10f5">
         <name>_nop</name>
         <value>0x168b7</value>
         <object_component_ref idref="oc-280"/>
      </symbol>
      <symbol id="sm-10f6">
         <name>_lock</name>
         <value>0x20005d3c</value>
         <object_component_ref idref="oc-182"/>
      </symbol>
      <symbol id="sm-10f7">
         <name>_unlock</name>
         <value>0x20005d40</value>
         <object_component_ref idref="oc-182"/>
      </symbol>
      <symbol id="sm-10f8">
         <name>_register_lock</name>
         <value>0x168af</value>
         <object_component_ref idref="oc-280"/>
      </symbol>
      <symbol id="sm-10f9">
         <name>_register_unlock</name>
         <value>0x168a9</value>
         <object_component_ref idref="oc-280"/>
      </symbol>
      <symbol id="sm-1205">
         <name>__TI_printfi</name>
         <value>0x111cb</value>
         <object_component_ref idref="oc-31a"/>
      </symbol>
      <symbol id="sm-1219">
         <name>_args_main</name>
         <value>0x1684d</value>
         <object_component_ref idref="oc-7b"/>
      </symbol>
      <symbol id="sm-122f">
         <name>atoi</name>
         <value>0x1650d</value>
         <object_component_ref idref="oc-438"/>
      </symbol>
      <symbol id="sm-1254">
         <name>__TI_auto_init</name>
         <value>0x16061</value>
         <object_component_ref idref="oc-75"/>
      </symbol>
      <symbol id="sm-126e">
         <name>copy_in</name>
         <value>0x16559</value>
         <object_component_ref idref="oc-169"/>
      </symbol>
      <symbol id="sm-1279">
         <name>_ctypes_</name>
         <value>0x169c8</value>
         <object_component_ref idref="oc-59d"/>
      </symbol>
      <symbol id="sm-128e">
         <name>__TI_tmpnams</name>
         <value>0x20004c78</value>
      </symbol>
      <symbol id="sm-128f">
         <name>__aeabi_stdout</name>
         <value>0x20005cf8</value>
         <object_component_ref idref="oc-55b"/>
      </symbol>
      <symbol id="sm-1290">
         <name>__aeabi_stderr</name>
         <value>0x20005cfc</value>
         <object_component_ref idref="oc-55b"/>
      </symbol>
      <symbol id="sm-1291">
         <name>__aeabi_stdin</name>
         <value>0x20005cf4</value>
         <object_component_ref idref="oc-55b"/>
      </symbol>
      <symbol id="sm-1292">
         <name>_ftable</name>
         <value>0x20005a60</value>
         <object_component_ref idref="oc-320"/>
      </symbol>
      <symbol id="sm-1293">
         <name>__TI_ft_end</name>
         <value>0x20005cf0</value>
         <object_component_ref idref="oc-55b"/>
      </symbol>
      <symbol id="sm-12aa">
         <name>__aeabi_dsub</name>
         <value>0x1527d</value>
         <object_component_ref idref="oc-41b"/>
      </symbol>
      <symbol id="sm-12ab">
         <name>__aeabi_dadd</name>
         <value>0x15287</value>
         <object_component_ref idref="oc-41b"/>
      </symbol>
      <symbol id="sm-12cd">
         <name>__aeabi_cdcmpeq</name>
         <value>0x15ed9</value>
         <object_component_ref idref="oc-3f7"/>
      </symbol>
      <symbol id="sm-12ce">
         <name>__aeabi_cdcmple</name>
         <value>0x15ed9</value>
         <object_component_ref idref="oc-3f7"/>
      </symbol>
      <symbol id="sm-12cf">
         <name>__aeabi_cdrcmple</name>
         <value>0x15f5f</value>
         <object_component_ref idref="oc-406"/>
      </symbol>
      <symbol id="sm-12e3">
         <name>__aeabi_ddiv</name>
         <value>0x15433</value>
         <object_component_ref idref="oc-401"/>
      </symbol>
      <symbol id="sm-12ee">
         <name>__aeabi_dmul</name>
         <value>0x157cf</value>
         <object_component_ref idref="oc-3fc"/>
      </symbol>
      <symbol id="sm-12f8">
         <name>__aeabi_d2iz</name>
         <value>0x165ed</value>
         <object_component_ref idref="oc-40b"/>
      </symbol>
      <symbol id="sm-130f">
         <name>putc</name>
         <value>0x15e41</value>
         <object_component_ref idref="oc-30e"/>
      </symbol>
      <symbol id="sm-1310">
         <name>fputc</name>
         <value>0x15e41</value>
         <object_component_ref idref="oc-30e"/>
      </symbol>
      <symbol id="sm-1311">
         <name>putchar</name>
         <value>0x15ec5</value>
         <object_component_ref idref="oc-30e"/>
      </symbol>
      <symbol id="sm-1333">
         <name>puts</name>
         <value>0x15675</value>
         <object_component_ref idref="oc-314"/>
      </symbol>
      <symbol id="sm-1334">
         <name>fputs</name>
         <value>0x15569</value>
         <object_component_ref idref="oc-314"/>
      </symbol>
      <symbol id="sm-133e">
         <name>__aeabi_idiv0</name>
         <value>0x103bf</value>
         <object_component_ref idref="oc-3c4"/>
      </symbol>
      <symbol id="sm-1348">
         <name>__aeabi_i2d</name>
         <value>0x16721</value>
         <object_component_ref idref="oc-416"/>
      </symbol>
      <symbol id="sm-1396">
         <name>open</name>
         <value>0x14cf7</value>
         <object_component_ref idref="oc-3e2"/>
      </symbol>
      <symbol id="sm-1397">
         <name>add_device</name>
         <value>0x14e19</value>
         <object_component_ref idref="oc-3e2"/>
      </symbol>
      <symbol id="sm-1398">
         <name>remove_device</name>
         <value>0x14cab</value>
         <object_component_ref idref="oc-3e2"/>
      </symbol>
      <symbol id="sm-1399">
         <name>lseek</name>
         <value>0x14da5</value>
         <object_component_ref idref="oc-3e2"/>
      </symbol>
      <symbol id="sm-139a">
         <name>read</name>
         <value>0x14cd3</value>
         <object_component_ref idref="oc-3e2"/>
      </symbol>
      <symbol id="sm-139b">
         <name>rename</name>
         <value>0x14c6d</value>
         <object_component_ref idref="oc-3e2"/>
      </symbol>
      <symbol id="sm-139c">
         <name>write</name>
         <value>0x14bb9</value>
         <object_component_ref idref="oc-3e2"/>
      </symbol>
      <symbol id="sm-139d">
         <name>close</name>
         <value>0x14dc9</value>
         <object_component_ref idref="oc-3e2"/>
      </symbol>
      <symbol id="sm-139e">
         <name>unlink</name>
         <value>0x14c49</value>
         <object_component_ref idref="oc-3e2"/>
      </symbol>
      <symbol id="sm-13ad">
         <name>ltoa</name>
         <value>0x1640d</value>
         <object_component_ref idref="oc-410"/>
      </symbol>
      <symbol id="sm-13bd">
         <name>memccpy</name>
         <value>0x16801</value>
         <object_component_ref idref="oc-432"/>
      </symbol>
      <symbol id="sm-13cd">
         <name>memchr</name>
         <value>0x167e1</value>
         <object_component_ref idref="oc-3ea"/>
      </symbol>
      <symbol id="sm-13e8">
         <name>frexpl</name>
         <value>0x16349</value>
         <object_component_ref idref="oc-420"/>
      </symbol>
      <symbol id="sm-13e9">
         <name>frexp</name>
         <value>0x16349</value>
         <object_component_ref idref="oc-420"/>
      </symbol>
      <symbol id="sm-1406">
         <name>scalbn</name>
         <value>0x158cd</value>
         <object_component_ref idref="oc-426"/>
      </symbol>
      <symbol id="sm-1407">
         <name>scalbnl</name>
         <value>0x158cd</value>
         <object_component_ref idref="oc-426"/>
      </symbol>
      <symbol id="sm-1408">
         <name>ldexpl</name>
         <value>0x158cd</value>
         <object_component_ref idref="oc-426"/>
      </symbol>
      <symbol id="sm-1409">
         <name>ldexp</name>
         <value>0x158cd</value>
         <object_component_ref idref="oc-426"/>
      </symbol>
      <symbol id="sm-1413">
         <name>_system_post_cinit</name>
         <value>0x158cb</value>
         <object_component_ref idref="oc-16f"/>
      </symbol>
      <symbol id="sm-1423">
         <name>strchr</name>
         <value>0x1687d</value>
         <object_component_ref idref="oc-42c"/>
      </symbol>
      <symbol id="sm-1432">
         <name>strcmp</name>
         <value>0x16865</value>
         <object_component_ref idref="oc-560"/>
      </symbol>
      <symbol id="sm-1442">
         <name>strncpy</name>
         <value>0x166f1</value>
         <object_component_ref idref="oc-566"/>
      </symbol>
      <symbol id="sm-146a">
         <name>HOSTgetenv</name>
         <value>0x14af5</value>
         <object_component_ref idref="oc-706"/>
      </symbol>
      <symbol id="sm-146b">
         <name>HOSTrename</name>
         <value>0x1499d</value>
         <object_component_ref idref="oc-706"/>
      </symbol>
      <symbol id="sm-146c">
         <name>HOSTclose</name>
         <value>0x14b33</value>
         <object_component_ref idref="oc-706"/>
      </symbol>
      <symbol id="sm-146d">
         <name>HOSTtime64</name>
         <value>0x14919</value>
         <object_component_ref idref="oc-706"/>
      </symbol>
      <symbol id="sm-146e">
         <name>HOSTunlink</name>
         <value>0x148e1</value>
         <object_component_ref idref="oc-706"/>
      </symbol>
      <symbol id="sm-146f">
         <name>HOSTlseek</name>
         <value>0x14a99</value>
         <object_component_ref idref="oc-706"/>
      </symbol>
      <symbol id="sm-1470">
         <name>HOSTopen</name>
         <value>0x14a47</value>
         <object_component_ref idref="oc-706"/>
      </symbol>
      <symbol id="sm-1471">
         <name>HOSTclock</name>
         <value>0x14b6b</value>
         <object_component_ref idref="oc-706"/>
      </symbol>
      <symbol id="sm-1472">
         <name>HOSTwrite</name>
         <value>0x14895</value>
         <object_component_ref idref="oc-706"/>
      </symbol>
      <symbol id="sm-1473">
         <name>HOSTread</name>
         <value>0x149fb</value>
         <object_component_ref idref="oc-706"/>
      </symbol>
      <symbol id="sm-1474">
         <name>HOSTtime</name>
         <value>0x14963</value>
         <object_component_ref idref="oc-706"/>
      </symbol>
      <symbol id="sm-148f">
         <name>__TI_readmsg</name>
         <value>0x162af</value>
         <object_component_ref idref="oc-7ff"/>
      </symbol>
      <symbol id="sm-1490">
         <name>C$$IO$$</name>
         <value>0x162ab</value>
         <object_component_ref idref="oc-7ff"/>
      </symbol>
      <symbol id="sm-1491">
         <name>__CIOBUF_</name>
         <value>0x20004a40</value>
         <object_component_ref idref="oc-861"/>
      </symbol>
      <symbol id="sm-1492">
         <name>__TI_writemsg</name>
         <value>0x1627d</value>
         <object_component_ref idref="oc-7ff"/>
      </symbol>
      <symbol id="sm-14ae">
         <name>__aeabi_uldivmod</name>
         <value>0x14ec5</value>
         <object_component_ref idref="oc-3f2"/>
      </symbol>
      <symbol id="sm-14cc">
         <name>__TI_wrt_ok</name>
         <value>0x15c61</value>
         <object_component_ref idref="oc-3d6"/>
      </symbol>
      <symbol id="sm-14cd">
         <name>__TI_rd_ok</name>
         <value>0x15cc3</value>
         <object_component_ref idref="oc-3d6"/>
      </symbol>
      <symbol id="sm-14d5">
         <name>errno</name>
         <value>0x20005d50</value>
         <object_component_ref idref="oc-594"/>
      </symbol>
      <symbol id="sm-14ef">
         <name>__TI_doflush</name>
         <value>0x15b99</value>
         <object_component_ref idref="oc-3dc"/>
      </symbol>
      <symbol id="sm-14f0">
         <name>fflush</name>
         <value>0x15be5</value>
         <object_component_ref idref="oc-3dc"/>
      </symbol>
      <symbol id="sm-1502">
         <name>fseek</name>
         <value>0x162e5</value>
         <object_component_ref idref="oc-54d"/>
      </symbol>
      <symbol id="sm-150c">
         <name>copysign</name>
         <value>0x168bd</value>
         <object_component_ref idref="oc-58e"/>
      </symbol>
      <symbol id="sm-150d">
         <name>copysignl</name>
         <value>0x168bd</value>
         <object_component_ref idref="oc-58e"/>
      </symbol>
      <symbol id="sm-1529">
         <name>setvbuf</name>
         <value>0x15abd</value>
         <object_component_ref idref="oc-553"/>
      </symbol>
      <symbol id="sm-1560">
         <name>__TI_cleanup</name>
         <value>0x15181</value>
         <object_component_ref idref="oc-6ef"/>
      </symbol>
      <symbol id="sm-1561">
         <name>freopen</name>
         <value>0x151ad</value>
         <object_component_ref idref="oc-6ef"/>
      </symbol>
      <symbol id="sm-1562">
         <name>fopen</name>
         <value>0x151d7</value>
         <object_component_ref idref="oc-6ef"/>
      </symbol>
      <symbol id="sm-15d1">
         <name>_sys_memory</name>
         <value>0x20005678</value>
         <object_component_ref idref="oc-2c"/>
      </symbol>
      <symbol id="sm-15d2">
         <name>free</name>
         <value>0x145af</value>
         <object_component_ref idref="oc-6e9"/>
      </symbol>
      <symbol id="sm-15d3">
         <name>realloc</name>
         <value>0x14671</value>
         <object_component_ref idref="oc-6e9"/>
      </symbol>
      <symbol id="sm-15d4">
         <name>memalign</name>
         <value>0x1477d</value>
         <object_component_ref idref="oc-6e9"/>
      </symbol>
      <symbol id="sm-15d5">
         <name>calloc</name>
         <value>0x14861</value>
         <object_component_ref idref="oc-6e9"/>
      </symbol>
      <symbol id="sm-15d6">
         <name>malloc</name>
         <value>0x14547</value>
         <object_component_ref idref="oc-6e9"/>
      </symbol>
      <symbol id="sm-15d7">
         <name>minit</name>
         <value>0x144b9</value>
         <object_component_ref idref="oc-6e9"/>
      </symbol>
      <symbol id="sm-15ed">
         <name>__TI_closefile</name>
         <value>0x15da9</value>
         <object_component_ref idref="oc-7f0"/>
      </symbol>
      <symbol id="sm-15ee">
         <name>fclose</name>
         <value>0x15e0f</value>
         <object_component_ref idref="oc-7f0"/>
      </symbol>
      <symbol id="sm-15f0">
         <name>__TI_static_base__</name>
         <value>0x0</value>
      </symbol>
      <symbol id="sm-15f3">
         <name>SHT$$INIT_ARRAY$$Limit</name>
         <value>0x0</value>
      </symbol>
      <symbol id="sm-15f4">
         <name>SHT$$INIT_ARRAY$$Base</name>
         <value>0x0</value>
      </symbol>
      <symbol id="sm-15f5">
         <name>remove</name>
         <value>0x14c49</value>
      </symbol>
   </symbol_table>
   <title>Link successful</title>
</link_info>
